[12:34:29] run=robust_rewardfix warm_start=shutdown_real_7_4 device=cuda train_freq=200 dps=1000.0 lam_max0=0.3 ramp=1500 ep_len=600
[12:34:30] warm start from /home/liiil/Downloads/gym-pybullet-drones/gym_pybullet_drones/model/shutdown_real_7_4
[12:34:42] EVAL ep     0 lam=0.00: held 4/4  z_med 2.85  att_med 28.1
[12:34:42] EVAL ep     0 lam=0.50: held 3/4  z_med 3.04  att_med 36.7
[12:34:42] EVAL ep     0 lam=1.00: held 2/4  z_med 0.66  att_med 49.4
[12:34:47] ep     1 lam<=0.30 rew=-115.40 att=420.3deg buf=4800 ep/s= 0.06 eta=0:44:42
[12:34:53] ep     2 lam<=0.30 rew= -48.41 att=243.8deg buf=9600 ep/s= 0.09 eta=0:44:37
[12:34:58] ep     3 lam<=0.30 rew= -31.11 att=305.9deg buf=14400 ep/s= 0.11 eta=0:44:32
[12:35:03] ep     4 lam<=0.30 rew= -28.40 att=286.0deg buf=19200 ep/s= 0.12 eta=0:44:27
[12:35:08] ep     5 lam<=0.30 rew= -32.90 att=349.5deg buf=24000 ep/s= 0.13 eta=0:44:22
[12:35:14] ep     6 lam<=0.30 rew= -54.85 att=496.6deg buf=28800 ep/s= 0.14 eta=0:44:16
[12:35:21] ep     7 lam<=0.30 rew= -43.91 att=470.4deg buf=33600 ep/s= 0.14 eta=0:44:09
[12:35:27] ep     8 lam<=0.30 rew= -34.90 att=382.4deg buf=38400 ep/s= 0.14 eta=0:44:02
[12:35:34] ep     9 lam<=0.30 rew= -16.40 att=228.9deg buf=43200 ep/s= 0.14 eta=0:43:56
[12:35:40] ep    10 lam<=0.30 rew= -17.30 att=232.9deg buf=48000 ep/s= 0.14 eta=0:43:50
[12:35:47] ep    11 lam<=0.30 rew= -21.38 att=267.5deg buf=52800 ep/s= 0.14 eta=0:43:43
[12:35:54] ep    12 lam<=0.31 rew= -18.99 att=247.2deg buf=57600 ep/s= 0.14 eta=0:43:36
[12:36:01] ep    13 lam<=0.31 rew= -30.20 att=316.5deg buf=62400 ep/s= 0.14 eta=0:43:29
[12:36:07] ep    14 lam<=0.31 rew= -35.70 att=343.1deg buf=67200 ep/s= 0.14 eta=0:43:23
[12:36:14] ep    15 lam<=0.31 rew= -32.01 att=310.7deg buf=72000 ep/s= 0.14 eta=0:43:16
[12:36:22] ep    16 lam<=0.31 rew= -29.87 att=293.7deg buf=76800 ep/s= 0.14 eta=0:43:08
