[02:06:47] run=robust_v2 warm_start=shutdown_real_7_4 device=cuda train_freq=200 dps=1000.0 lam_max0=0.15 ramp=3000 ep_len=600
[02:06:48] warm start from /home/liiil/Downloads/gym-pybullet-drones/gym_pybullet_drones/model/shutdown_real_7_4
[02:07:07] EVAL ep     0 lam=0.00: held 4/4  z_med 3.80  att_med 27.4
[02:07:07] EVAL ep     0 lam=0.50: held 0/4  z_med -7.74  att_med 44.4
[02:07:07] EVAL ep     0 lam=1.00: held 0/4  z_med -37.17  att_med 68.2
[02:07:12] ep     1 lam<=0.15 rew= -68.16 att=343.4deg buf=4800 ep/s= 0.04 eta=2:59:36
[02:07:17] ep     2 lam<=0.15 rew= -81.02 att=331.2deg buf=9600 ep/s= 0.07 eta=2:59:31
[02:07:22] ep     3 lam<=0.15 rew= -64.85 att=440.7deg buf=14400 ep/s= 0.09 eta=2:59:25
[02:07:28] ep     4 lam<=0.15 rew= -34.22 att=216.2deg buf=19200 ep/s= 0.10 eta=2:59:20
[02:07:33] ep     5 lam<=0.15 rew= -38.26 att=352.6deg buf=24000 ep/s= 0.11 eta=2:59:15
[02:07:38] ep     6 lam<=0.15 rew= -40.67 att=425.7deg buf=28800 ep/s= 0.12 eta=2:59:10
[02:07:44] ep     7 lam<=0.15 rew= -46.51 att=463.0deg buf=33600 ep/s= 0.13 eta=2:59:04
[02:07:49] ep     8 lam<=0.15 rew= -50.35 att=476.7deg buf=38400 ep/s= 0.13 eta=2:58:59
[02:07:54] ep     9 lam<=0.15 rew= -29.78 att=341.9deg buf=43200 ep/s= 0.14 eta=2:58:54
[02:07:59] ep    10 lam<=0.15 rew= -37.19 att=216.6deg buf=48000 ep/s= 0.14 eta=2:58:49
[02:08:04] ep    11 lam<=0.15 rew= -39.10 att=220.1deg buf=52800 ep/s= 0.14 eta=2:58:44
[02:08:10] ep    12 lam<=0.15 rew= -34.40 att=220.4deg buf=57600 ep/s= 0.15 eta=2:58:38
[02:08:15] ep    13 lam<=0.15 rew= -19.54 att=222.8deg buf=62400 ep/s= 0.15 eta=2:58:33
[02:08:21] ep    14 lam<=0.15 rew= -18.91 att=225.8deg buf=67200 ep/s= 0.15 eta=2:58:27
[02:08:27] ep    15 lam<=0.15 rew= -18.35 att=222.9deg buf=72000 ep/s= 0.15 eta=2:58:21
[02:08:32] ep    16 lam<=0.15 rew= -18.95 att=216.0deg buf=76800 ep/s= 0.15 eta=2:58:16
[02:08:37] ep    17 lam<=0.15 rew= -18.73 att=211.5deg buf=81600 ep/s= 0.16 eta=2:58:11
[02:08:43] ep    18 lam<=0.15 rew= -15.26 att=213.7deg buf=86400 ep/s= 0.16 eta=2:58:05
[02:08:48] ep    19 lam<=0.16 rew= -14.44 att=216.4deg buf=91200 ep/s= 0.16 eta=2:58:00
[02:08:53] ep    20 lam<=0.16 rew= -14.92 att=220.3deg buf=96000 ep/s= 0.16 eta=2:57:55
[02:08:58] ep    21 lam<=0.16 rew= -14.57 att=221.9deg buf=100800 ep/s= 0.16 eta=2:57:49
[02:09:04] ep    22 lam<=0.16 rew= -14.94 att=226.6deg buf=105600 ep/s= 0.16 eta=2:57:44
[02:09:09] ep    23 lam<=0.16 rew= -14.92 att=228.5deg buf=110400 ep/s= 0.16 eta=2:57:39
[02:09:13] ep    24 lam<=0.16 rew= -15.92 att=223.4deg buf=115200 ep/s= 0.17 eta=2:57:34
[02:09:18] ep    25 lam<=0.16 rew= -15.54 att=224.1deg buf=120000 ep/s= 0.17 eta=2:57:30
[02:09:24] ep    26 lam<=0.16 rew= -15.72 att=217.8deg buf=124800 ep/s= 0.17 eta=2:57:24
[02:09:29] ep    27 lam<=0.16 rew= -15.12 att=220.3deg buf=129600 ep/s= 0.17 eta=2:57:19
[02:09:34] ep    28 lam<=0.16 rew= -15.00 att=226.6deg buf=134400 ep/s= 0.17 eta=2:57:14
[02:09:40] ep    29 lam<=0.16 rew= -14.68 att=225.3deg buf=139200 ep/s= 0.17 eta=2:57:08
[02:09:45] ep    30 lam<=0.16 rew= -15.00 att=226.4deg buf=144000 ep/s= 0.17 eta=2:57:03
[02:09:51] ep    31 lam<=0.16 rew= -14.66 att=224.4deg buf=148800 ep/s= 0.17 eta=2:56:57
[02:09:56] ep    32 lam<=0.16 rew= -14.63 att=225.9deg buf=153600 ep/s= 0.17 eta=2:56:52
[02:10:01] ep    33 lam<=0.16 rew= -14.78 att=227.0deg buf=158400 ep/s= 0.17 eta=2:56:47
[02:10:06] ep    34 lam<=0.16 rew= -14.56 att=227.8deg buf=163200 ep/s= 0.17 eta=2:56:41
[02:10:12] ep    35 lam<=0.16 rew= -14.56 att=229.2deg buf=168000 ep/s= 0.17 eta=2:56:36
[02:10:17] ep    36 lam<=0.16 rew= -14.78 att=232.9deg buf=172800 ep/s= 0.17 eta=2:56:31
[02:10:22] ep    37 lam<=0.16 rew= -14.39 att=228.7deg buf=177600 ep/s= 0.17 eta=2:56:25
[02:10:28] ep    38 lam<=0.16 rew= -14.37 att=228.1deg buf=182400 ep/s= 0.17 eta=2:56:20
[02:10:33] ep    39 lam<=0.16 rew= -14.52 att=229.4deg buf=187200 ep/s= 0.17 eta=2:56:15
[02:10:38] ep    40 lam<=0.16 rew= -14.52 att=230.0deg buf=192000 ep/s= 0.17 eta=2:56:10
[02:10:43] ep    41 lam<=0.16 rew= -14.78 att=232.0deg buf=196800 ep/s= 0.17 eta=2:56:05
[02:10:48] ep    42 lam<=0.16 rew= -14.63 att=232.0deg buf=201600 ep/s= 0.18 eta=2:56:00
[02:10:53] ep    43 lam<=0.16 rew= -14.83 att=233.3deg buf=206400 ep/s= 0.18 eta=2:55:55
[02:10:58] ep    44 lam<=0.16 rew= -14.91 att=231.7deg buf=211200 ep/s= 0.18 eta=2:55:49
[02:11:09] ep    45 lam<=0.16 rew= -14.61 att=227.1deg buf=216000 ep/s= 0.17 eta=2:55:38
[02:11:22] ep    46 lam<=0.16 rew= -14.58 att=229.4deg buf=220800 ep/s= 0.17 eta=2:55:26
[02:11:34] ep    47 lam<=0.16 rew= -14.72 att=229.1deg buf=225600 ep/s= 0.16 eta=2:55:14
[02:11:46] ep    48 lam<=0.16 rew= -14.50 att=224.5deg buf=230400 ep/s= 0.16 eta=2:55:02
[02:11:58] ep    49 lam<=0.16 rew= -14.55 att=226.3deg buf=235200 ep/s= 0.16 eta=2:54:50
[02:12:10] ep    50 lam<=0.16 rew= -14.33 att=225.6deg buf=240000 ep/s= 0.16 eta=2:54:38
[02:12:22] ep    51 lam<=0.16 rew= -14.46 att=224.9deg buf=244800 ep/s= 0.15 eta=2:54:25
[02:12:35] ep    52 lam<=0.16 rew= -14.32 att=224.1deg buf=249600 ep/s= 0.15 eta=2:54:13
[02:12:47] ep    53 lam<=0.16 rew= -14.60 att=224.5deg buf=254400 ep/s= 0.15 eta=2:54:01
[02:12:59] ep    54 lam<=0.17 rew= -14.44 att=223.4deg buf=259200 ep/s= 0.15 eta=2:53:48
[02:13:12] ep    55 lam<=0.17 rew= -14.21 att=221.4deg buf=264000 ep/s= 0.14 eta=2:53:36
[02:13:24] ep    56 lam<=0.17 rew= -14.47 att=223.0deg buf=268800 ep/s= 0.14 eta=2:53:24
[02:13:36] ep    57 lam<=0.17 rew= -13.99 att=221.4deg buf=273600 ep/s= 0.14 eta=2:53:12
[02:13:48] ep    58 lam<=0.17 rew= -14.52 att=220.2deg buf=278400 ep/s= 0.14 eta=2:53:00
[02:14:01] ep    59 lam<=0.17 rew= -14.25 att=219.7deg buf=283200 ep/s= 0.14 eta=2:52:47
[02:14:13] ep    60 lam<=0.17 rew= -14.24 att=220.5deg buf=288000 ep/s= 0.13 eta=2:52:35
[02:14:25] ep    61 lam<=0.17 rew= -13.99 att=221.7deg buf=292800 ep/s= 0.13 eta=2:52:23
[02:14:38] ep    62 lam<=0.17 rew= -14.01 att=221.8deg buf=297600 ep/s= 0.13 eta=2:52:10
[02:14:50] ep    63 lam<=0.17 rew= -14.01 att=224.0deg buf=302400 ep/s= 0.13 eta=2:51:57
[02:15:03] ep    64 lam<=0.17 rew= -14.27 att=223.2deg buf=307200 ep/s= 0.13 eta=2:51:45
[02:15:15] ep    65 lam<=0.17 rew= -14.37 att=223.8deg buf=312000 ep/s= 0.13 eta=2:51:33
[02:15:28] ep    66 lam<=0.17 rew= -14.26 att=223.5deg buf=316800 ep/s= 0.13 eta=2:51:20
[02:15:40] ep    67 lam<=0.17 rew= -14.19 att=225.3deg buf=321600 ep/s= 0.13 eta=2:51:08
[02:15:52] ep    68 lam<=0.17 rew= -14.44 att=224.8deg buf=326400 ep/s= 0.13 eta=2:50:56
[02:16:04] ep    69 lam<=0.17 rew= -14.16 att=224.6deg buf=331200 ep/s= 0.12 eta=2:50:44
[02:16:17] ep    70 lam<=0.17 rew= -14.41 att=225.3deg buf=336000 ep/s= 0.12 eta=2:50:31
[02:16:29] ep    71 lam<=0.17 rew= -14.38 att=223.9deg buf=340800 ep/s= 0.12 eta=2:50:19
[02:16:42] ep    72 lam<=0.17 rew= -14.25 att=221.6deg buf=345600 ep/s= 0.12 eta=2:50:06
[02:16:54] ep    73 lam<=0.17 rew= -14.07 att=225.3deg buf=350400 ep/s= 0.12 eta=2:49:54
[02:17:06] ep    74 lam<=0.17 rew= -13.94 att=221.3deg buf=355200 ep/s= 0.12 eta=2:49:42
[02:17:18] ep    75 lam<=0.17 rew= -13.86 att=216.7deg buf=360000 ep/s= 0.12 eta=2:49:29
[02:17:31] ep    76 lam<=0.17 rew= -13.76 att=221.4deg buf=364800 ep/s= 0.12 eta=2:49:17
[02:17:43] ep    77 lam<=0.17 rew= -13.95 att=221.5deg buf=369600 ep/s= 0.12 eta=2:49:05
[02:17:55] ep    78 lam<=0.17 rew= -14.22 att=224.7deg buf=374400 ep/s= 0.12 eta=2:48:53
[02:18:08] ep    79 lam<=0.17 rew= -13.99 att=223.7deg buf=379200 ep/s= 0.12 eta=2:48:40
[02:18:20] ep    80 lam<=0.17 rew= -14.15 att=221.9deg buf=384000 ep/s= 0.12 eta=2:48:28
[02:18:32] ep    81 lam<=0.17 rew= -13.96 att=224.0deg buf=388800 ep/s= 0.12 eta=2:48:16
[02:18:44] ep    82 lam<=0.17 rew= -14.11 att=224.6deg buf=393600 ep/s= 0.11 eta=2:48:04
[02:18:56] ep    83 lam<=0.17 rew= -14.35 att=220.5deg buf=398400 ep/s= 0.11 eta=2:47:51
[02:19:09] ep    84 lam<=0.17 rew= -13.97 att=223.4deg buf=403200 ep/s= 0.11 eta=2:47:39
[02:19:21] ep    85 lam<=0.17 rew= -14.05 att=223.0deg buf=408000 ep/s= 0.11 eta=2:47:27
[02:19:33] ep    86 lam<=0.17 rew= -14.35 att=227.0deg buf=412800 ep/s= 0.11 eta=2:47:15
[02:19:45] ep    87 lam<=0.17 rew= -14.29 att=223.7deg buf=417600 ep/s= 0.11 eta=2:47:03
[02:19:58] ep    88 lam<=0.17 rew= -14.31 att=223.6deg buf=422400 ep/s= 0.11 eta=2:46:50
[02:20:10] ep    89 lam<=0.17 rew= -14.65 att=227.7deg buf=427200 ep/s= 0.11 eta=2:46:38
[02:20:22] ep    90 lam<=0.18 rew= -14.15 att=223.3deg buf=432000 ep/s= 0.11 eta=2:46:26
[02:20:34] ep    91 lam<=0.18 rew= -14.24 att=225.1deg buf=436800 ep/s= 0.11 eta=2:46:14
[02:20:46] ep    92 lam<=0.18 rew= -13.91 att=222.1deg buf=441600 ep/s= 0.11 eta=2:46:01
[02:20:59] ep    93 lam<=0.18 rew= -14.73 att=227.4deg buf=446400 ep/s= 0.11 eta=2:45:49
[02:21:12] ep    94 lam<=0.18 rew= -14.14 att=222.3deg buf=451200 ep/s= 0.11 eta=2:45:36
[02:21:24] ep    95 lam<=0.18 rew= -14.37 att=226.9deg buf=456000 ep/s= 0.11 eta=2:45:24
[02:21:36] ep    96 lam<=0.18 rew= -14.58 att=225.0deg buf=460800 ep/s= 0.11 eta=2:45:12
[02:21:48] ep    97 lam<=0.18 rew= -14.35 att=225.0deg buf=465600 ep/s= 0.11 eta=2:45:00
[02:22:01] ep    98 lam<=0.18 rew= -14.27 att=224.9deg buf=470400 ep/s= 0.11 eta=2:44:47
[02:22:13] ep    99 lam<=0.18 rew= -14.63 att=227.0deg buf=475200 ep/s= 0.11 eta=2:44:35
[02:22:25] ep   100 lam<=0.18 rew= -14.51 att=226.7deg buf=480000 ep/s= 0.11 eta=2:44:23
[02:22:37] ep   101 lam<=0.18 rew= -14.80 att=227.5deg buf=484800 ep/s= 0.11 eta=2:44:11
[02:22:49] ep   102 lam<=0.18 rew= -14.76 att=225.0deg buf=489600 ep/s= 0.11 eta=2:43:59
