[14:28:45] run=deploy_a100 estimator=results/e2e_v12.pt warm_start=shutdown_real_7_4 device=cuda anchor=1.0 ep_len=600 envs=8
[14:29:00] identified 4+8 draws in 14s: k_med 0.010m k_range [0.006,0.011]
[14:29:23] EVAL ep 0: truth 4/4  net 2/4
[14:29:26] ep     1 z= 3.00 rew=-41.4712 tilt=  2.5 hold=600(min 600) k=[0.006  0.0105 0.0091 0.0108 0.006  0.0105 0.0091 0.0108] upd=150 anchors=8/8 buf=4792 ep/s= 0.04 eta=0:26:35
[14:29:29] ep     2 z=-2.48 rew=-86.3328 tilt=  4.3 hold=438(min 354) k=[0.006  0.0105 0.0091 0.0108 0.006  0.0105 0.0091 0.0108] upd=150 anchors=8/8 buf=9584 ep/s= 0.07 eta=0:26:32
[14:29:32] ep     3 z=13.60 rew=-81.8096 tilt=  3.9 hold=600(min 600) k=[0.006  0.0105 0.0091 0.0108 0.006  0.0105 0.0091 0.0108] upd=150 anchors=8/8 buf=14376 ep/s= 0.10 eta=0:26:29
[14:29:35] ep     4 z=14.04 rew=-90.8450 tilt=  4.3 hold=600(min 600) k=[0.006  0.0105 0.0091 0.0108 0.006  0.0105 0.0091 0.0108] upd=150 anchors=8/8 buf=19168 ep/s= 0.12 eta=0:26:25
[14:29:38] ep     5 z= 6.70 rew=-72.3602 tilt=  6.6 hold=600(min 600) k=[0.006  0.0105 0.0091 0.0108 0.006  0.0105 0.0091 0.0108] upd=150 anchors=8/8 buf=23960 ep/s= 0.13 eta=0:26:22
[14:29:41] ep     6 z= 2.75 rew=-41.6300 tilt=  3.6 hold=600(min 600) k=[0.006  0.0105 0.0091 0.0108 0.006  0.0105 0.0091 0.0108] upd=150 anchors=8/8 buf=28752 ep/s= 0.15 eta=0:26:19
[14:29:44] ep     7 z=-1.67 rew=-24.3277 tilt=  2.6 hold=145(min 143) k=[0.006  0.0105 0.0091 0.0108 0.006  0.0105 0.0091 0.0108] upd=150 anchors=8/8 buf=33544 ep/s= 0.16 eta=0:26:16
[14:29:47] ep     8 z=-2.45 rew=-25.1749 tilt=  5.2 hold=134(min 130) k=[0.006  0.0105 0.0091 0.0108 0.006  0.0105 0.0091 0.0108] upd=150 anchors=8/8 buf=38336 ep/s= 0.17 eta=0:26:14
[14:29:50] ep     9 z=-6.69 rew=-30.8717 tilt=  8.7 hold=121(min 119) k=[0.006  0.0105 0.0091 0.0108 0.006  0.0105 0.0091 0.0108] upd=150 anchors=8/8 buf=43128 ep/s= 0.18 eta=0:26:10
[14:29:53] ep    10 z=-12.93 rew=-46.5268 tilt=  3.8 hold=111(min 109) k=[0.006  0.0105 0.0091 0.0108 0.006  0.0105 0.0091 0.0108] upd=150 anchors=8/8 buf=47920 ep/s= 0.19 eta=0:26:07
[14:29:56] ep    11 z=-10.99 rew=-43.4108 tilt=  5.6 hold=112(min 108) k=[0.006  0.0105 0.0091 0.0108 0.006  0.0105 0.0091 0.0108] upd=150 anchors=8/8 buf=52712 ep/s= 0.20 eta=0:26:04
[14:29:59] ep    12 z=-10.63 rew=-42.2371 tilt=  8.0 hold=109(min 108) k=[0.006  0.0105 0.0091 0.0108 0.006  0.0105 0.0091 0.0108] upd=150 anchors=8/8 buf=57504 ep/s= 0.21 eta=0:26:02
[14:30:02] ep    13 z=-9.28 rew=-39.5574 tilt=  8.4 hold=108(min 104) k=[0.006  0.0105 0.0091 0.0108 0.006  0.0105 0.0091 0.0108] upd=150 anchors=8/8 buf=62296 ep/s= 0.21 eta=0:25:59
[14:30:05] ep    14 z=-8.59 rew=-37.9132 tilt=  8.0 hold=108(min 106) k=[0.006  0.0105 0.0091 0.0108 0.006  0.0105 0.0091 0.0108] upd=150 anchors=8/8 buf=67088 ep/s= 0.22 eta=0:25:56
[14:30:08] ep    15 z=-6.29 rew=-32.8256 tilt=  4.5 hold=115(min 112) k=[0.006  0.0105 0.0091 0.0108 0.006  0.0105 0.0091 0.0108] upd=150 anchors=8/8 buf=71880 ep/s= 0.22 eta=0:25:53
[14:30:32] EVAL ep    15: truth 0/4  net 0/4
[14:30:35] ep    16 z=-3.00 rew=-26.9080 tilt=  5.1 hold=126(min 122) k=[0.006  0.0105 0.0091 0.0108 0.006  0.0105 0.0091 0.0108] upd=150 anchors=8/8 buf=76672 ep/s= 0.17 eta=0:25:25
[14:30:38] ep    17 z= 0.05 rew=-22.1126 tilt=  3.5 hold=130(min 124) k=[0.006  0.0105 0.0091 0.0108 0.006  0.0105 0.0091 0.0108] upd=150 anchors=8/8 buf=81464 ep/s= 0.17 eta=0:25:22
[14:30:41] ep    18 z= 0.36 rew=-20.0191 tilt=  2.2 hold=133(min 127) k=[0.006  0.0105 0.0091 0.0108 0.006  0.0105 0.0091 0.0108] upd=150 anchors=8/8 buf=86256 ep/s= 0.18 eta=0:25:19
[14:30:44] ep    19 z= 0.29 rew=-20.8178 tilt=  2.0 hold=134(min 129) k=[0.006  0.0105 0.0091 0.0108 0.006  0.0105 0.0091 0.0108] upd=150 anchors=8/8 buf=91048 ep/s= 0.18 eta=0:25:16
[14:30:47] ep    20 z=-0.09 rew=-19.9100 tilt=  1.5 hold=135(min 129) k=[0.006  0.0105 0.0091 0.0108 0.006  0.0105 0.0091 0.0108] upd=150 anchors=8/8 buf=95840 ep/s= 0.19 eta=0:25:13
[14:30:50] ep    21 z=-0.45 rew=-18.7709 tilt=  1.6 hold=133(min 126) k=[0.0105 0.0091 0.0108 0.006  0.0105 0.0091 0.0108 0.006 ] upd=150 anchors=8/8 buf=100632 ep/s= 0.19 eta=0:25:10
[14:30:53] ep    22 z=-0.79 rew=-18.9394 tilt=  1.6 hold=131(min 124) k=[0.0105 0.0091 0.0108 0.006  0.0105 0.0091 0.0108 0.006 ] upd=150 anchors=8/8 buf=105424 ep/s= 0.20 eta=0:25:07
[14:30:56] ep    23 z=-1.20 rew=-19.6612 tilt=  1.7 hold=126(min 121) k=[0.0105 0.0091 0.0108 0.006  0.0105 0.0091 0.0108 0.006 ] upd=150 anchors=8/8 buf=110216 ep/s= 0.20 eta=0:25:04
[14:30:59] ep    24 z=-1.50 rew=-20.4617 tilt=  1.3 hold=127(min 121) k=[0.0105 0.0091 0.0108 0.006  0.0105 0.0091 0.0108 0.006 ] upd=150 anchors=8/8 buf=115008 ep/s= 0.20 eta=0:25:01
[14:31:02] ep    25 z=-2.10 rew=-22.7900 tilt=  1.6 hold=124(min 118) k=[0.0105 0.0091 0.0108 0.006  0.0105 0.0091 0.0108 0.006 ] upd=150 anchors=8/8 buf=119800 ep/s= 0.21 eta=0:24:58
[14:31:05] ep    26 z=-3.83 rew=-27.6146 tilt=  2.5 hold=122(min 116) k=[0.0105 0.0091 0.0108 0.006  0.0105 0.0091 0.0108 0.006 ] upd=150 anchors=8/8 buf=124592 ep/s= 0.21 eta=0:24:56
[14:31:08] ep    27 z=-8.12 rew=-37.3353 tilt=  8.1 hold=118(min 114) k=[0.0105 0.0091 0.0108 0.006  0.0105 0.0091 0.0108 0.006 ] upd=150 anchors=8/8 buf=129384 ep/s= 0.21 eta=0:24:53
[14:31:11] ep    28 z=-11.56 rew=-45.5595 tilt=  7.6 hold=115(min 112) k=[0.0105 0.0091 0.0108 0.006  0.0105 0.0091 0.0108 0.006 ] upd=150 anchors=8/8 buf=134176 ep/s= 0.22 eta=0:24:50
[14:31:14] ep    29 z=-12.30 rew=-46.9405 tilt=  8.2 hold=117(min 113) k=[0.0105 0.0091 0.0108 0.006  0.0105 0.0091 0.0108 0.006 ] upd=150 anchors=8/8 buf=138968 ep/s= 0.22 eta=0:24:47
[14:31:17] ep    30 z=-14.51 rew=-51.9676 tilt=  6.9 hold=117(min 113) k=[0.0105 0.0091 0.0108 0.006  0.0105 0.0091 0.0108 0.006 ] upd=150 anchors=8/8 buf=143760 ep/s= 0.22 eta=0:24:44
[14:31:41] EVAL ep    30: truth 0/4  net 0/4
[14:31:44] ep    31 z=-16.39 rew=-56.4906 tilt=  8.9 hold=117(min 113) k=[0.0105 0.0091 0.0108 0.006  0.0105 0.0091 0.0108 0.006 ] upd=150 anchors=8/8 buf=148552 ep/s= 0.19 eta=0:24:16
[14:31:47] ep    32 z=-15.19 rew=-52.6908 tilt=  8.0 hold=119(min 114) k=[0.0105 0.0091 0.0108 0.006  0.0105 0.0091 0.0108 0.006 ] upd=150 anchors=8/8 buf=153344 ep/s= 0.19 eta=0:24:13
[14:31:50] ep    33 z=-13.06 rew=-47.3459 tilt=  6.4 hold=121(min 116) k=[0.0105 0.0091 0.0108 0.006  0.0105 0.0091 0.0108 0.006 ] upd=150 anchors=8/8 buf=158136 ep/s= 0.20 eta=0:24:10
[14:31:53] ep    34 z=-11.13 rew=-42.9093 tilt=  6.1 hold=120(min 115) k=[0.0105 0.0091 0.0108 0.006  0.0105 0.0091 0.0108 0.006 ] upd=150 anchors=8/8 buf=162928 ep/s= 0.20 eta=0:24:07
[14:31:56] ep    35 z=-11.23 rew=-43.5866 tilt=  7.4 hold=120(min 115) k=[0.0105 0.0091 0.0108 0.006  0.0105 0.0091 0.0108 0.006 ] upd=150 anchors=8/8 buf=167720 ep/s= 0.20 eta=0:24:04
[14:31:59] ep    36 z=-14.21 rew=-51.0873 tilt=  8.1 hold=119(min 115) k=[0.0105 0.0091 0.0108 0.006  0.0105 0.0091 0.0108 0.006 ] upd=150 anchors=8/8 buf=172512 ep/s= 0.20 eta=0:24:01
[14:32:02] ep    37 z=-11.62 rew=-44.4846 tilt=  3.3 hold=119(min 115) k=[0.0105 0.0091 0.0108 0.006  0.0105 0.0091 0.0108 0.006 ] upd=150 anchors=8/8 buf=177304 ep/s= 0.20 eta=0:23:58
[14:32:05] ep    38 z=-14.86 rew=-53.5278 tilt=  6.6 hold=119(min 114) k=[0.0105 0.0091 0.0108 0.006  0.0105 0.0091 0.0108 0.006 ] upd=150 anchors=8/8 buf=182096 ep/s= 0.21 eta=0:23:55
[14:32:08] ep    39 z=-10.82 rew=-42.9840 tilt=  4.1 hold=120(min 115) k=[0.0105 0.0091 0.0108 0.006  0.0105 0.0091 0.0108 0.006 ] upd=150 anchors=8/8 buf=186888 ep/s= 0.21 eta=0:23:52
[14:32:11] ep    40 z=-6.91 rew=-32.9754 tilt=  3.3 hold=123(min 117) k=[0.0105 0.0091 0.0108 0.006  0.0105 0.0091 0.0108 0.006 ] upd=150 anchors=8/8 buf=191680 ep/s= 0.21 eta=0:23:49
[14:32:14] ep    41 z=-7.03 rew=-33.6110 tilt=  3.5 hold=123(min 117) k=[0.0091 0.0108 0.006  0.0105 0.0091 0.0108 0.006  0.0105] upd=150 anchors=8/8 buf=196472 ep/s= 0.21 eta=0:23:46
[14:32:17] ep    42 z=-3.08 rew=-22.6470 tilt=  1.6 hold=128(min 121) k=[0.0091 0.0108 0.006  0.0105 0.0091 0.0108 0.006  0.0105] upd=150 anchors=8/8 buf=201264 ep/s= 0.21 eta=0:23:43
[14:32:20] ep    43 z=-2.94 rew=-22.1228 tilt=  1.5 hold=128(min 121) k=[0.0091 0.0108 0.006  0.0105 0.0091 0.0108 0.006  0.0105] upd=150 anchors=8/8 buf=206056 ep/s= 0.22 eta=0:23:40
[14:32:23] ep    44 z=-2.88 rew=-21.6790 tilt=  1.7 hold=129(min 123) k=[0.0091 0.0108 0.006  0.0105 0.0091 0.0108 0.006  0.0105] upd=150 anchors=8/8 buf=210848 ep/s= 0.22 eta=0:23:37
[14:32:26] ep    45 z=-2.77 rew=-21.4059 tilt=  1.8 hold=132(min 125) k=[0.0091 0.0108 0.006  0.0105 0.0091 0.0108 0.006  0.0105] upd=150 anchors=8/8 buf=215640 ep/s= 0.22 eta=0:23:34
[14:32:51] EVAL ep    45: truth 0/4  net 0/4
[14:32:54] ep    46 z=-2.62 rew=-20.7576 tilt=  1.7 hold=134(min 128) k=[0.0091 0.0108 0.006  0.0105 0.0091 0.0108 0.006  0.0105] upd=150 anchors=8/8 buf=220432 ep/s= 0.20 eta=0:23:07
[14:32:57] ep    47 z=-2.71 rew=-20.7988 tilt=  1.7 hold=133(min 128) k=[0.0091 0.0108 0.006  0.0105 0.0091 0.0108 0.006  0.0105] upd=150 anchors=8/8 buf=225224 ep/s= 0.20 eta=0:23:04
[14:33:00] ep    48 z=-2.78 rew=-20.7802 tilt=  1.8 hold=134(min 129) k=[0.0091 0.0108 0.006  0.0105 0.0091 0.0108 0.006  0.0105] upd=150 anchors=8/8 buf=230016 ep/s= 0.20 eta=0:23:01
[14:33:03] ep    49 z=-2.67 rew=-20.3955 tilt=  1.7 hold=129(min 124) k=[0.0091 0.0108 0.006  0.0105 0.0091 0.0108 0.006  0.0105] upd=150 anchors=8/8 buf=234808 ep/s= 0.20 eta=0:22:58
[14:33:06] ep    50 z=-2.55 rew=-20.1013 tilt=  1.8 hold=125(min 116) k=[0.0091 0.0108 0.006  0.0105 0.0091 0.0108 0.006  0.0105] upd=150 anchors=8/8 buf=239600 ep/s= 0.20 eta=0:22:54
[14:33:09] ep    51 z=-2.39 rew=-19.7910 tilt=  1.7 hold=123(min 116) k=[0.0091 0.0108 0.006  0.0105 0.0091 0.0108 0.006  0.0105] upd=150 anchors=8/8 buf=244392 ep/s= 0.21 eta=0:22:51
[14:33:12] ep    52 z=-2.29 rew=-19.7449 tilt=  1.6 hold=119(min 112) k=[0.0091 0.0108 0.006  0.0105 0.0091 0.0108 0.006  0.0105] upd=150 anchors=8/8 buf=249184 ep/s= 0.21 eta=0:22:49
[14:33:15] ep    53 z=-2.34 rew=-19.8129 tilt=  1.7 hold=115(min 108) k=[0.0091 0.0108 0.006  0.0105 0.0091 0.0108 0.006  0.0105] upd=150 anchors=8/8 buf=253976 ep/s= 0.21 eta=0:22:46
[14:33:18] ep    54 z=-2.27 rew=-19.8032 tilt=  1.5 hold=112(min 106) k=[0.0091 0.0108 0.006  0.0105 0.0091 0.0108 0.006  0.0105] upd=150 anchors=8/8 buf=258768 ep/s= 0.21 eta=0:22:43
[14:33:21] ep    55 z=-1.94 rew=-18.7466 tilt=  1.2 hold=112(min 107) k=[0.0091 0.0108 0.006  0.0105 0.0091 0.0108 0.006  0.0105] upd=150 anchors=8/8 buf=263560 ep/s= 0.21 eta=0:22:40
[14:33:24] ep    56 z=-1.50 rew=-17.0840 tilt=  1.8 hold=112(min 106) k=[0.0091 0.0108 0.006  0.0105 0.0091 0.0108 0.006  0.0105] upd=150 anchors=8/8 buf=268352 ep/s= 0.21 eta=0:22:37
[14:33:27] ep    57 z=-1.28 rew=-16.8254 tilt=  1.7 hold=113(min 107) k=[0.0091 0.0108 0.006  0.0105 0.0091 0.0108 0.006  0.0105] upd=150 anchors=8/8 buf=273144 ep/s= 0.21 eta=0:22:34
[14:33:30] ep    58 z=-1.27 rew=-17.1318 tilt=  1.7 hold=110(min 106) k=[0.0091 0.0108 0.006  0.0105 0.0091 0.0108 0.006  0.0105] upd=150 anchors=8/8 buf=277936 ep/s= 0.22 eta=0:22:31
[14:33:33] ep    59 z=-1.17 rew=-17.3888 tilt=  1.5 hold=110(min 105) k=[0.0091 0.0108 0.006  0.0105 0.0091 0.0108 0.006  0.0105] upd=150 anchors=8/8 buf=282728 ep/s= 0.22 eta=0:22:27
[14:33:36] ep    60 z=-1.05 rew=-18.7825 tilt=  1.4 hold=109(min 104) k=[0.0091 0.0108 0.006  0.0105 0.0091 0.0108 0.006  0.0105] upd=150 anchors=8/8 buf=287520 ep/s= 0.22 eta=0:22:25
[14:34:00] EVAL ep    60: truth 0/4  net 0/4
[14:34:03] ep    61 z=-1.03 rew=-20.0668 tilt=  1.2 hold=107(min 104) k=[0.0108 0.006  0.0105 0.0091 0.0108 0.006  0.0105 0.0091] upd=150 anchors=8/8 buf=292312 ep/s= 0.20 eta=0:21:57
[14:34:06] ep    62 z=-0.97 rew=-20.3518 tilt=  1.3 hold=107(min 102) k=[0.0108 0.006  0.0105 0.0091 0.0108 0.006  0.0105 0.0091] upd=150 anchors=8/8 buf=297104 ep/s= 0.20 eta=0:21:54
[14:34:09] ep    63 z=-1.16 rew=-19.4038 tilt=  1.4 hold=104(min 100) k=[0.0108 0.006  0.0105 0.0091 0.0108 0.006  0.0105 0.0091] upd=150 anchors=8/8 buf=301896 ep/s= 0.20 eta=0:21:51
[14:34:12] ep    64 z=-1.08 rew=-21.1495 tilt=  1.1 hold=105(min 100) k=[0.0108 0.006  0.0105 0.0091 0.0108 0.006  0.0105 0.0091] upd=150 anchors=8/8 buf=306688 ep/s= 0.21 eta=0:21:48
[14:34:15] ep    65 z=-1.10 rew=-20.5832 tilt=  1.1 hold=105(min 99) k=[0.0108 0.006  0.0105 0.0091 0.0108 0.006  0.0105 0.0091] upd=150 anchors=8/8 buf=311480 ep/s= 0.21 eta=0:21:45
[14:34:18] ep    66 z=-1.07 rew=-20.0392 tilt=  1.1 hold=106(min 100) k=[0.0108 0.006  0.0105 0.0091 0.0108 0.006  0.0105 0.0091] upd=150 anchors=8/8 buf=316272 ep/s= 0.21 eta=0:21:42
[14:34:21] ep    67 z=-1.09 rew=-19.2469 tilt=  1.2 hold=108(min 102) k=[0.0108 0.006  0.0105 0.0091 0.0108 0.006  0.0105 0.0091] upd=150 anchors=8/8 buf=321064 ep/s= 0.21 eta=0:21:39
[14:34:24] ep    68 z=-1.07 rew=-18.9897 tilt=  1.1 hold=109(min 103) k=[0.0108 0.006  0.0105 0.0091 0.0108 0.006  0.0105 0.0091] upd=150 anchors=8/8 buf=325856 ep/s= 0.21 eta=0:21:36
[14:34:27] ep    69 z=-1.13 rew=-18.8964 tilt=  1.2 hold=114(min 109) k=[0.0108 0.006  0.0105 0.0091 0.0108 0.006  0.0105 0.0091] upd=150 anchors=8/8 buf=330648 ep/s= 0.21 eta=0:21:33
[14:34:30] ep    70 z=-1.27 rew=-18.7005 tilt=  1.2 hold=117(min 112) k=[0.0108 0.006  0.0105 0.0091 0.0108 0.006  0.0105 0.0091] upd=150 anchors=8/8 buf=335440 ep/s= 0.21 eta=0:21:30
[14:34:33] ep    71 z=-1.24 rew=-18.1219 tilt=  1.3 hold=123(min 121) k=[0.0108 0.006  0.0105 0.0091 0.0108 0.006  0.0105 0.0091] upd=150 anchors=8/8 buf=340232 ep/s= 0.21 eta=0:21:27
[14:34:36] ep    72 z=-1.35 rew=-17.7934 tilt=  1.4 hold=126(min 123) k=[0.0108 0.006  0.0105 0.0091 0.0108 0.006  0.0105 0.0091] upd=150 anchors=8/8 buf=345024 ep/s= 0.21 eta=0:21:24
[14:34:39] ep    73 z=-1.37 rew=-17.0101 tilt=  1.3 hold=128(min 124) k=[0.0108 0.006  0.0105 0.0091 0.0108 0.006  0.0105 0.0091] upd=150 anchors=8/8 buf=349816 ep/s= 0.22 eta=0:21:21
[14:34:42] ep    74 z=-1.35 rew=-16.7689 tilt=  1.4 hold=129(min 126) k=[0.0108 0.006  0.0105 0.0091 0.0108 0.006  0.0105 0.0091] upd=150 anchors=8/8 buf=354608 ep/s= 0.22 eta=0:21:18
[14:34:45] ep    75 z=-1.33 rew=-16.4743 tilt=  1.4 hold=131(min 127) k=[0.0108 0.006  0.0105 0.0091 0.0108 0.006  0.0105 0.0091] upd=150 anchors=8/8 buf=359400 ep/s= 0.22 eta=0:21:15
[14:35:10] EVAL ep    75: truth 0/4  net 0/4
[14:35:13] ep    76 z=-1.25 rew=-16.3262 tilt=  1.4 hold=131(min 125) k=[0.0108 0.006  0.0105 0.0091 0.0108 0.006  0.0105 0.0091] upd=150 anchors=8/8 buf=364192 ep/s= 0.20 eta=0:20:47
[14:35:16] ep    77 z=-1.18 rew=-16.2116 tilt=  1.2 hold=130(min 125) k=[0.0108 0.006  0.0105 0.0091 0.0108 0.006  0.0105 0.0091] upd=150 anchors=8/8 buf=368984 ep/s= 0.21 eta=0:20:44
[14:35:19] ep    78 z=-1.15 rew=-16.1288 tilt=  1.2 hold=130(min 125) k=[0.0108 0.006  0.0105 0.0091 0.0108 0.006  0.0105 0.0091] upd=150 anchors=8/8 buf=373776 ep/s= 0.21 eta=0:20:41
[14:35:22] ep    79 z=-1.13 rew=-16.0415 tilt=  1.2 hold=130(min 124) k=[0.0108 0.006  0.0105 0.0091 0.0108 0.006  0.0105 0.0091] upd=150 anchors=8/8 buf=378568 ep/s= 0.21 eta=0:20:38
[14:35:25] ep    80 z=-1.15 rew=-16.0455 tilt=  1.2 hold=129(min 123) k=[0.0108 0.006  0.0105 0.0091 0.0108 0.006  0.0105 0.0091] upd=150 anchors=8/8 buf=383360 ep/s= 0.21 eta=0:20:35
[14:35:28] ep    81 z=-1.12 rew=-15.8708 tilt=  1.1 hold=129(min 123) k=[0.006  0.0105 0.0091 0.0108 0.006  0.0105 0.0091 0.0108] upd=150 anchors=8/8 buf=388152 ep/s= 0.21 eta=0:20:32
[14:35:31] ep    82 z=-0.99 rew=-15.6288 tilt=  1.1 hold=133(min 125) k=[0.006  0.0105 0.0091 0.0108 0.006  0.0105 0.0091 0.0108] upd=150 anchors=8/8 buf=392944 ep/s= 0.21 eta=0:20:29
[14:35:34] ep    83 z=-0.81 rew=-15.3846 tilt=  1.2 hold=133(min 125) k=[0.006  0.0105 0.0091 0.0108 0.006  0.0105 0.0091 0.0108] upd=150 anchors=8/8 buf=397736 ep/s= 0.21 eta=0:20:26
[14:35:37] ep    84 z=-0.40 rew=-15.4661 tilt=  2.1 hold=136(min 126) k=[0.006  0.0105 0.0091 0.0108 0.006  0.0105 0.0091 0.0108] upd=150 anchors=8/8 buf=402528 ep/s= 0.21 eta=0:20:23
[14:35:40] ep    85 z=-0.46 rew=-15.2890 tilt=  2.1 hold=134(min 127) k=[0.006  0.0105 0.0091 0.0108 0.006  0.0105 0.0091 0.0108] upd=150 anchors=8/8 buf=407320 ep/s= 0.21 eta=0:20:20
[14:35:43] ep    86 z=-0.35 rew=-15.3681 tilt=  1.8 hold=134(min 125) k=[0.006  0.0105 0.0091 0.0108 0.006  0.0105 0.0091 0.0108] upd=150 anchors=8/8 buf=412112 ep/s= 0.21 eta=0:20:17
[14:35:46] ep    87 z=-0.40 rew=-15.1776 tilt=  1.8 hold=134(min 126) k=[0.006  0.0105 0.0091 0.0108 0.006  0.0105 0.0091 0.0108] upd=150 anchors=8/8 buf=416904 ep/s= 0.21 eta=0:20:14
[14:35:49] ep    88 z=-0.30 rew=-15.2744 tilt=  1.6 hold=133(min 123) k=[0.006  0.0105 0.0091 0.0108 0.006  0.0105 0.0091 0.0108] upd=150 anchors=8/8 buf=421696 ep/s= 0.22 eta=0:20:11
[14:35:52] ep    89 z=-0.25 rew=-15.3267 tilt=  1.5 hold=135(min 124) k=[0.006  0.0105 0.0091 0.0108 0.006  0.0105 0.0091 0.0108] upd=150 anchors=8/8 buf=426488 ep/s= 0.22 eta=0:20:08
[14:35:55] ep    90 z=-0.30 rew=-15.3349 tilt=  1.7 hold=134(min 125) k=[0.006  0.0105 0.0091 0.0108 0.006  0.0105 0.0091 0.0108] upd=150 anchors=8/8 buf=431280 ep/s= 0.22 eta=0:20:05
[14:36:19] EVAL ep    90: truth 4/4  net 0/4
[14:36:22] ep    91 z=-0.38 rew=-15.2523 tilt=  1.9 hold=132(min 121) k=[0.006  0.0105 0.0091 0.0108 0.006  0.0105 0.0091 0.0108] upd=150 anchors=8/8 buf=436072 ep/s= 0.21 eta=0:19:38
[14:36:25] ep    92 z=-0.24 rew=-15.2535 tilt=  1.6 hold=133(min 124) k=[0.006  0.0105 0.0091 0.0108 0.006  0.0105 0.0091 0.0108] upd=150 anchors=8/8 buf=440864 ep/s= 0.21 eta=0:19:35
[14:36:28] ep    93 z=-0.21 rew=-14.9482 tilt=  1.4 hold=134(min 124) k=[0.006  0.0105 0.0091 0.0108 0.006  0.0105 0.0091 0.0108] upd=150 anchors=8/8 buf=445656 ep/s= 0.21 eta=0:19:32
[14:36:31] ep    94 z=-0.19 rew=-14.8780 tilt=  1.5 hold=134(min 123) k=[0.006  0.0105 0.0091 0.0108 0.006  0.0105 0.0091 0.0108] upd=150 anchors=8/8 buf=450448 ep/s= 0.21 eta=0:19:29
[14:36:34] ep    95 z=-0.22 rew=-14.7303 tilt=  1.5 hold=131(min 121) k=[0.006  0.0105 0.0091 0.0108 0.006  0.0105 0.0091 0.0108] upd=150 anchors=8/8 buf=455240 ep/s= 0.21 eta=0:19:26
[14:36:37] ep    96 z=-0.21 rew=-14.6541 tilt=  1.4 hold=132(min 121) k=[0.006  0.0105 0.0091 0.0108 0.006  0.0105 0.0091 0.0108] upd=150 anchors=8/8 buf=460032 ep/s= 0.21 eta=0:19:23
[14:36:40] ep    97 z=-0.19 rew=-14.3467 tilt=  1.6 hold=133(min 121) k=[0.006  0.0105 0.0091 0.0108 0.006  0.0105 0.0091 0.0108] upd=150 anchors=8/8 buf=464824 ep/s= 0.21 eta=0:19:20
[14:36:43] ep    98 z=-0.24 rew=-14.1821 tilt=  1.6 hold=132(min 123) k=[0.006  0.0105 0.0091 0.0108 0.006  0.0105 0.0091 0.0108] upd=150 anchors=8/8 buf=469616 ep/s= 0.21 eta=0:19:17
[14:36:46] ep    99 z=-0.23 rew=-14.2381 tilt=  1.6 hold=133(min 121) k=[0.006  0.0105 0.0091 0.0108 0.006  0.0105 0.0091 0.0108] upd=150 anchors=8/8 buf=474408 ep/s= 0.21 eta=0:19:14
[14:36:49] ep   100 z=-0.25 rew=-14.1160 tilt=  1.5 hold=133(min 121) k=[0.006  0.0105 0.0091 0.0108 0.006  0.0105 0.0091 0.0108] upd=150 anchors=8/8 buf=479200 ep/s= 0.21 eta=0:19:11
[14:36:52] ep   101 z=-0.26 rew=-14.0327 tilt=  1.6 hold=132(min 121) k=[0.0105 0.0091 0.0108 0.006  0.0105 0.0091 0.0108 0.006 ] upd=150 anchors=8/8 buf=483992 ep/s= 0.21 eta=0:19:08
[14:36:55] ep   102 z=-0.36 rew=-14.0682 tilt=  1.4 hold=130(min 119) k=[0.0105 0.0091 0.0108 0.006  0.0105 0.0091 0.0108 0.006 ] upd=150 anchors=8/8 buf=488784 ep/s= 0.22 eta=0:19:05
[14:36:58] ep   103 z=-0.36 rew=-14.0521 tilt=  1.4 hold=131(min 120) k=[0.0105 0.0091 0.0108 0.006  0.0105 0.0091 0.0108 0.006 ] upd=150 anchors=8/8 buf=493576 ep/s= 0.22 eta=0:19:02
[14:37:01] ep   104 z=-0.35 rew=-13.9386 tilt=  1.5 hold=131(min 120) k=[0.0105 0.0091 0.0108 0.006  0.0105 0.0091 0.0108 0.006 ] upd=150 anchors=8/8 buf=498368 ep/s= 0.22 eta=0:18:59
[14:37:04] ep   105 z=-0.32 rew=-13.9674 tilt=  1.7 hold=129(min 120) k=[0.0105 0.0091 0.0108 0.006  0.0105 0.0091 0.0108 0.006 ] upd=150 anchors=8/8 buf=503160 ep/s= 0.22 eta=0:18:56
[14:37:28] EVAL ep   105: truth 1/4  net 0/4
[14:37:31] ep   106 z=-0.30 rew=-13.9334 tilt=  1.9 hold=129(min 118) k=[0.0105 0.0091 0.0108 0.006  0.0105 0.0091 0.0108 0.006 ] upd=150 anchors=8/8 buf=507952 ep/s= 0.21 eta=0:18:29
[14:37:35] ep   107 z=-0.28 rew=-13.8458 tilt=  2.0 hold=131(min 120) k=[0.0105 0.0091 0.0108 0.006  0.0105 0.0091 0.0108 0.006 ] upd=150 anchors=8/8 buf=512744 ep/s= 0.21 eta=0:18:26
[14:37:38] ep   108 z=-0.33 rew=-13.9556 tilt=  2.1 hold=129(min 117) k=[0.0105 0.0091 0.0108 0.006  0.0105 0.0091 0.0108 0.006 ] upd=150 anchors=8/8 buf=517536 ep/s= 0.21 eta=0:18:23
[14:37:41] ep   109 z=-0.32 rew=-13.8706 tilt=  1.9 hold=131(min 119) k=[0.0105 0.0091 0.0108 0.006  0.0105 0.0091 0.0108 0.006 ] upd=150 anchors=8/8 buf=522328 ep/s= 0.21 eta=0:18:20
[14:37:44] ep   110 z=-0.32 rew=-13.8658 tilt=  2.0 hold=131(min 118) k=[0.0105 0.0091 0.0108 0.006  0.0105 0.0091 0.0108 0.006 ] upd=150 anchors=8/8 buf=527120 ep/s= 0.21 eta=0:18:17
[14:37:47] ep   111 z=-0.19 rew=-13.8301 tilt=  2.1 hold=130(min 119) k=[0.0105 0.0091 0.0108 0.006  0.0105 0.0091 0.0108 0.006 ] upd=150 anchors=8/8 buf=531912 ep/s= 0.21 eta=0:18:14
[14:37:50] ep   112 z=-0.36 rew=-13.9280 tilt=  1.8 hold=127(min 116) k=[0.0105 0.0091 0.0108 0.006  0.0105 0.0091 0.0108 0.006 ] upd=150 anchors=8/8 buf=536704 ep/s= 0.21 eta=0:18:11
[14:37:53] ep   113 z=-0.33 rew=-13.9372 tilt=  1.8 hold=125(min 116) k=[0.0105 0.0091 0.0108 0.006  0.0105 0.0091 0.0108 0.006 ] upd=150 anchors=8/8 buf=541496 ep/s= 0.21 eta=0:18:07
[14:37:56] ep   114 z=-0.34 rew=-14.0450 tilt=  1.8 hold=126(min 115) k=[0.0105 0.0091 0.0108 0.006  0.0105 0.0091 0.0108 0.006 ] upd=150 anchors=8/8 buf=546288 ep/s= 0.21 eta=0:18:04
[14:37:59] ep   115 z=-0.42 rew=-14.1418 tilt=  1.6 hold=123(min 113) k=[0.0105 0.0091 0.0108 0.006  0.0105 0.0091 0.0108 0.006 ] upd=150 anchors=8/8 buf=551080 ep/s= 0.21 eta=0:18:01
[14:38:02] ep   116 z=-0.45 rew=-14.2379 tilt=  1.6 hold=124(min 116) k=[0.0105 0.0091 0.0108 0.006  0.0105 0.0091 0.0108 0.006 ] upd=150 anchors=8/8 buf=555872 ep/s= 0.21 eta=0:17:58
[14:38:05] ep   117 z=-0.51 rew=-14.3570 tilt=  1.3 hold=123(min 112) k=[0.0105 0.0091 0.0108 0.006  0.0105 0.0091 0.0108 0.006 ] upd=150 anchors=8/8 buf=560664 ep/s= 0.22 eta=0:17:55
[14:38:08] ep   118 z=-0.45 rew=-14.1715 tilt=  1.5 hold=124(min 113) k=[0.0105 0.0091 0.0108 0.006  0.0105 0.0091 0.0108 0.006 ] upd=150 anchors=8/8 buf=565456 ep/s= 0.22 eta=0:17:52
[14:38:11] ep   119 z=-0.58 rew=-14.6640 tilt=  1.3 hold=122(min 114) k=[0.0105 0.0091 0.0108 0.006  0.0105 0.0091 0.0108 0.006 ] upd=150 anchors=8/8 buf=570248 ep/s= 0.22 eta=0:17:50
[14:38:14] ep   120 z=-0.62 rew=-14.5366 tilt=  1.2 hold=122(min 114) k=[0.0105 0.0091 0.0108 0.006  0.0105 0.0091 0.0108 0.006 ] upd=150 anchors=8/8 buf=575040 ep/s= 0.22 eta=0:17:46
[14:38:38] EVAL ep   120: truth 0/4  net 0/4
[14:38:41] ep   121 z=-0.56 rew=-14.5995 tilt=  1.4 hold=124(min 115) k=[0.0091 0.0108 0.006  0.0105 0.0091 0.0108 0.006  0.0105] upd=150 anchors=8/8 buf=579832 ep/s= 0.21 eta=0:17:19
[14:38:44] ep   122 z=-0.73 rew=-14.7369 tilt=  1.3 hold=122(min 115) k=[0.0091 0.0108 0.006  0.0105 0.0091 0.0108 0.006  0.0105] upd=150 anchors=8/8 buf=584624 ep/s= 0.21 eta=0:17:16
[14:38:47] ep   123 z=-0.64 rew=-14.5121 tilt=  1.1 hold=123(min 115) k=[0.0091 0.0108 0.006  0.0105 0.0091 0.0108 0.006  0.0105] upd=150 anchors=8/8 buf=589416 ep/s= 0.21 eta=0:17:13
[14:38:50] ep   124 z=-0.60 rew=-14.4022 tilt=  1.3 hold=123(min 116) k=[0.0091 0.0108 0.006  0.0105 0.0091 0.0108 0.006  0.0105] upd=150 anchors=8/8 buf=594208 ep/s= 0.21 eta=0:17:10
[14:38:53] ep   125 z=-0.60 rew=-14.3877 tilt=  1.2 hold=124(min 118) k=[0.0091 0.0108 0.006  0.0105 0.0091 0.0108 0.006  0.0105] upd=150 anchors=8/8 buf=599000 ep/s= 0.21 eta=0:17:08
[14:38:56] ep   126 z=-0.65 rew=-14.5598 tilt=  1.4 hold=124(min 115) k=[0.0091 0.0108 0.006  0.0105 0.0091 0.0108 0.006  0.0105] upd=150 anchors=8/8 buf=603792 ep/s= 0.21 eta=0:17:05
[14:38:59] ep   127 z=-0.62 rew=-14.4178 tilt=  1.2 hold=125(min 117) k=[0.0091 0.0108 0.006  0.0105 0.0091 0.0108 0.006  0.0105] upd=150 anchors=8/8 buf=608584 ep/s= 0.21 eta=0:17:01
[14:39:02] ep   128 z=-0.70 rew=-14.6435 tilt=  1.6 hold=125(min 118) k=[0.0091 0.0108 0.006  0.0105 0.0091 0.0108 0.006  0.0105] upd=150 anchors=8/8 buf=613376 ep/s= 0.21 eta=0:16:58
[14:39:05] ep   129 z=-0.69 rew=-14.6548 tilt=  1.7 hold=125(min 116) k=[0.0091 0.0108 0.006  0.0105 0.0091 0.0108 0.006  0.0105] upd=150 anchors=8/8 buf=618168 ep/s= 0.21 eta=0:16:55
[14:39:08] ep   130 z=-0.70 rew=-14.6563 tilt=  1.9 hold=126(min 118) k=[0.0091 0.0108 0.006  0.0105 0.0091 0.0108 0.006  0.0105] upd=150 anchors=8/8 buf=622960 ep/s= 0.21 eta=0:16:52
[14:39:11] ep   131 z=-0.71 rew=-14.7401 tilt=  1.9 hold=125(min 117) k=[0.0091 0.0108 0.006  0.0105 0.0091 0.0108 0.006  0.0105] upd=150 anchors=8/8 buf=627752 ep/s= 0.21 eta=0:16:49
[14:39:14] ep   132 z=-0.65 rew=-14.6614 tilt=  1.7 hold=126(min 117) k=[0.0091 0.0108 0.006  0.0105 0.0091 0.0108 0.006  0.0105] upd=150 anchors=8/8 buf=632544 ep/s= 0.22 eta=0:16:46
[14:39:17] ep   133 z=-0.99 rew=-15.5902 tilt=  2.1 hold=124(min 118) k=[0.0091 0.0108 0.006  0.0105 0.0091 0.0108 0.006  0.0105] upd=150 anchors=8/8 buf=637336 ep/s= 0.22 eta=0:16:43
[14:39:20] ep   134 z=-0.65 rew=-14.9886 tilt=  2.3 hold=125(min 118) k=[0.0091 0.0108 0.006  0.0105 0.0091 0.0108 0.006  0.0105] upd=150 anchors=8/8 buf=642128 ep/s= 0.22 eta=0:16:40
[14:39:23] ep   135 z=-0.84 rew=-15.3217 tilt=  1.9 hold=126(min 118) k=[0.0091 0.0108 0.006  0.0105 0.0091 0.0108 0.006  0.0105] upd=150 anchors=8/8 buf=646920 ep/s= 0.22 eta=0:16:37
[14:39:48] EVAL ep   135: truth 0/4  net 0/4
[14:39:51] ep   136 z=-1.00 rew=-15.8264 tilt=  2.0 hold=125(min 118) k=[0.0091 0.0108 0.006  0.0105 0.0091 0.0108 0.006  0.0105] upd=150 anchors=8/8 buf=651712 ep/s= 0.21 eta=0:16:09
[14:39:54] ep   137 z=-1.12 rew=-16.8732 tilt=  1.8 hold=124(min 118) k=[0.0091 0.0108 0.006  0.0105 0.0091 0.0108 0.006  0.0105] upd=150 anchors=8/8 buf=656504 ep/s= 0.21 eta=0:16:07
[14:39:57] ep   138 z=-0.84 rew=-21.8579 tilt=  2.5 hold=124(min 117) k=[0.0091 0.0108 0.006  0.0105 0.0091 0.0108 0.006  0.0105] upd=150 anchors=8/8 buf=661296 ep/s= 0.21 eta=0:16:04
[14:40:00] ep   139 z=-0.86 rew=-15.8722 tilt=  1.8 hold=125(min 120) k=[0.0091 0.0108 0.006  0.0105 0.0091 0.0108 0.006  0.0105] upd=150 anchors=8/8 buf=666088 ep/s= 0.21 eta=0:16:00
[14:40:03] ep   140 z=-0.86 rew=-21.4042 tilt=  2.3 hold=124(min 118) k=[0.0091 0.0108 0.006  0.0105 0.0091 0.0108 0.006  0.0105] upd=150 anchors=8/8 buf=670880 ep/s= 0.21 eta=0:15:57
[14:40:06] ep   141 z=-0.87 rew=-15.9064 tilt=  1.0 hold=126(min 119) k=[0.0108 0.006  0.0105 0.0091 0.0108 0.006  0.0105 0.0091] upd=150 anchors=8/8 buf=675672 ep/s= 0.21 eta=0:15:54
[14:40:09] ep   142 z=-1.14 rew=-16.4320 tilt=  1.2 hold=127(min 122) k=[0.0108 0.006  0.0105 0.0091 0.0108 0.006  0.0105 0.0091] upd=150 anchors=8/8 buf=680464 ep/s= 0.21 eta=0:15:51
[14:40:12] ep   143 z=-0.97 rew=-16.0232 tilt=  1.1 hold=129(min 124) k=[0.0108 0.006  0.0105 0.0091 0.0108 0.006  0.0105 0.0091] upd=150 anchors=8/8 buf=685256 ep/s= 0.21 eta=0:15:48
[14:40:15] ep   144 z=-1.14 rew=-16.2946 tilt=  1.2 hold=128(min 122) k=[0.0108 0.006  0.0105 0.0091 0.0108 0.006  0.0105 0.0091] upd=150 anchors=8/8 buf=690048 ep/s= 0.21 eta=0:15:45
[14:40:18] ep   145 z=-1.00 rew=-16.2382 tilt=  1.1 hold=127(min 121) k=[0.0108 0.006  0.0105 0.0091 0.0108 0.006  0.0105 0.0091] upd=150 anchors=8/8 buf=694840 ep/s= 0.21 eta=0:15:42
[14:40:21] ep   146 z=-1.01 rew=-16.1424 tilt=  1.1 hold=128(min 123) k=[0.0108 0.006  0.0105 0.0091 0.0108 0.006  0.0105 0.0091] upd=150 anchors=8/8 buf=699632 ep/s= 0.21 eta=0:15:39
[14:40:24] ep   147 z=-0.97 rew=-16.1664 tilt=  1.1 hold=128(min 121) k=[0.0108 0.006  0.0105 0.0091 0.0108 0.006  0.0105 0.0091] upd=150 anchors=8/8 buf=704424 ep/s= 0.22 eta=0:15:36
[14:40:27] ep   148 z=-0.96 rew=-16.1140 tilt=  1.1 hold=129(min 122) k=[0.0108 0.006  0.0105 0.0091 0.0108 0.006  0.0105 0.0091] upd=150 anchors=8/8 buf=709216 ep/s= 0.22 eta=0:15:33
[14:40:30] ep   149 z=-1.00 rew=-16.1591 tilt=  1.1 hold=128(min 122) k=[0.0108 0.006  0.0105 0.0091 0.0108 0.006  0.0105 0.0091] upd=150 anchors=8/8 buf=714008 ep/s= 0.22 eta=0:15:30
[14:40:33] ep   150 z=-0.94 rew=-16.1802 tilt=  1.1 hold=129(min 121) k=[0.0108 0.006  0.0105 0.0091 0.0108 0.006  0.0105 0.0091] upd=150 anchors=8/8 buf=718800 ep/s= 0.22 eta=0:15:27
[14:40:58] EVAL ep   150: truth 0/4  net 0/4
[14:41:01] ep   151 z=-0.92 rew=-16.1622 tilt=  1.0 hold=126(min 122) k=[0.0108 0.006  0.0105 0.0091 0.0108 0.006  0.0105 0.0091] upd=150 anchors=8/8 buf=723592 ep/s= 0.21 eta=0:14:59
[14:41:04] ep   152 z=-1.06 rew=-16.6166 tilt=  1.2 hold=126(min 120) k=[0.0108 0.006  0.0105 0.0091 0.0108 0.006  0.0105 0.0091] upd=150 anchors=8/8 buf=728384 ep/s= 0.21 eta=0:14:56
[14:41:07] ep   153 z=-1.03 rew=-16.4948 tilt=  1.0 hold=125(min 118) k=[0.0108 0.006  0.0105 0.0091 0.0108 0.006  0.0105 0.0091] upd=150 anchors=8/8 buf=733176 ep/s= 0.21 eta=0:14:53
[14:41:10] ep   154 z=-0.81 rew=-16.0501 tilt=  1.0 hold=128(min 121) k=[0.0108 0.006  0.0105 0.0091 0.0108 0.006  0.0105 0.0091] upd=150 anchors=8/8 buf=737968 ep/s= 0.21 eta=0:14:50
[14:41:13] ep   155 z=-0.97 rew=-16.2863 tilt=  1.0 hold=127(min 121) k=[0.0108 0.006  0.0105 0.0091 0.0108 0.006  0.0105 0.0091] upd=150 anchors=8/8 buf=742760 ep/s= 0.21 eta=0:14:47
[14:41:16] ep   156 z=-0.86 rew=-16.2339 tilt=  0.9 hold=126(min 118) k=[0.0108 0.006  0.0105 0.0091 0.0108 0.006  0.0105 0.0091] upd=150 anchors=8/8 buf=747552 ep/s= 0.21 eta=0:14:44
[14:41:19] ep   157 z=-0.74 rew=-16.0206 tilt=  1.3 hold=126(min 119) k=[0.0108 0.006  0.0105 0.0091 0.0108 0.006  0.0105 0.0091] upd=150 anchors=8/8 buf=752344 ep/s= 0.21 eta=0:14:41
[14:41:22] ep   158 z=-0.77 rew=-16.0102 tilt=  1.3 hold=127(min 119) k=[0.0108 0.006  0.0105 0.0091 0.0108 0.006  0.0105 0.0091] upd=150 anchors=8/8 buf=757136 ep/s= 0.21 eta=0:14:38
[14:41:25] ep   159 z=-0.64 rew=-15.6749 tilt=  1.6 hold=128(min 119) k=[0.0108 0.006  0.0105 0.0091 0.0108 0.006  0.0105 0.0091] upd=150 anchors=8/8 buf=761928 ep/s= 0.21 eta=0:14:35
[14:41:28] ep   160 z=-0.59 rew=-15.7237 tilt=  2.2 hold=127(min 120) k=[0.0108 0.006  0.0105 0.0091 0.0108 0.006  0.0105 0.0091] upd=150 anchors=8/8 buf=766720 ep/s= 0.21 eta=0:14:32
[14:41:31] ep   161 z=-0.77 rew=-16.0563 tilt=  1.6 hold=126(min 119) k=[0.006  0.0105 0.0091 0.0108 0.006  0.0105 0.0091 0.0108] upd=150 anchors=8/8 buf=771512 ep/s= 0.21 eta=0:14:29
[14:41:34] ep   162 z=-0.08 rew=-14.7196 tilt=  1.8 hold=135(min 124) k=[0.006  0.0105 0.0091 0.0108 0.006  0.0105 0.0091 0.0108] upd=150 anchors=8/8 buf=776304 ep/s= 0.22 eta=0:14:26
[14:41:37] ep   163 z=-0.23 rew=-15.2092 tilt=  1.8 hold=133(min 120) k=[0.006  0.0105 0.0091 0.0108 0.006  0.0105 0.0091 0.0108] upd=150 anchors=8/8 buf=781096 ep/s= 0.22 eta=0:14:24
[14:41:40] ep   164 z=-0.30 rew=-15.4778 tilt=  1.7 hold=132(min 123) k=[0.006  0.0105 0.0091 0.0108 0.006  0.0105 0.0091 0.0108] upd=150 anchors=8/8 buf=785888 ep/s= 0.22 eta=0:14:21
[14:41:42] ep   165 z=-0.38 rew=-15.7141 tilt=  1.7 hold=131(min 120) k=[0.006  0.0105 0.0091 0.0108 0.006  0.0105 0.0091 0.0108] upd=150 anchors=8/8 buf=790680 ep/s= 0.22 eta=0:14:18
[14:42:07] EVAL ep   165: truth 0/4  net 0/4
[14:42:10] ep   166 z=-0.41 rew=-15.6604 tilt=  1.6 hold=131(min 119) k=[0.006  0.0105 0.0091 0.0108 0.006  0.0105 0.0091 0.0108] upd=150 anchors=8/8 buf=795472 ep/s= 0.21 eta=0:13:51
[14:42:13] ep   167 z=-0.50 rew=-15.7811 tilt=  1.8 hold=129(min 122) k=[0.006  0.0105 0.0091 0.0108 0.006  0.0105 0.0091 0.0108] upd=150 anchors=8/8 buf=800264 ep/s= 0.21 eta=0:13:48
[14:42:16] ep   168 z=-0.62 rew=-16.0353 tilt=  1.6 hold=128(min 117) k=[0.006  0.0105 0.0091 0.0108 0.006  0.0105 0.0091 0.0108] upd=150 anchors=8/8 buf=805056 ep/s= 0.21 eta=0:13:45
[14:42:19] ep   169 z=-0.56 rew=-15.7737 tilt=  1.7 hold=129(min 119) k=[0.006  0.0105 0.0091 0.0108 0.006  0.0105 0.0091 0.0108] upd=150 anchors=8/8 buf=809848 ep/s= 0.21 eta=0:13:42
[14:42:21] ep   170 z=-0.54 rew=-15.7183 tilt=  1.8 hold=129(min 121) k=[0.006  0.0105 0.0091 0.0108 0.006  0.0105 0.0091 0.0108] upd=150 anchors=8/8 buf=814640 ep/s= 0.21 eta=0:13:39
[14:42:25] ep   171 z=-0.49 rew=-15.6971 tilt=  1.8 hold=127(min 118) k=[0.006  0.0105 0.0091 0.0108 0.006  0.0105 0.0091 0.0108] upd=150 anchors=8/8 buf=819432 ep/s= 0.21 eta=0:13:36
[14:42:28] ep   172 z=-0.59 rew=-15.9164 tilt=  2.0 hold=125(min 114) k=[0.006  0.0105 0.0091 0.0108 0.006  0.0105 0.0091 0.0108] upd=150 anchors=8/8 buf=824224 ep/s= 0.21 eta=0:13:32
[14:42:31] ep   173 z=-0.63 rew=-15.8979 tilt=  1.8 hold=125(min 117) k=[0.006  0.0105 0.0091 0.0108 0.006  0.0105 0.0091 0.0108] upd=150 anchors=8/8 buf=829016 ep/s= 0.21 eta=0:13:29
[14:42:34] ep   174 z=-0.79 rew=-16.1902 tilt=  1.7 hold=121(min 115) k=[0.006  0.0105 0.0091 0.0108 0.006  0.0105 0.0091 0.0108] upd=150 anchors=8/8 buf=833808 ep/s= 0.21 eta=0:13:26
[14:42:37] ep   175 z=-0.82 rew=-16.2364 tilt=  1.6 hold=123(min 116) k=[0.006  0.0105 0.0091 0.0108 0.006  0.0105 0.0091 0.0108] upd=150 anchors=8/8 buf=838600 ep/s= 0.21 eta=0:13:23
[14:42:40] ep   176 z=-0.88 rew=-16.2925 tilt=  1.4 hold=121(min 114) k=[0.006  0.0105 0.0091 0.0108 0.006  0.0105 0.0091 0.0108] upd=150 anchors=8/8 buf=843392 ep/s= 0.21 eta=0:13:20
[14:42:43] ep   177 z=-0.76 rew=-15.9621 tilt=  1.7 hold=123(min 116) k=[0.006  0.0105 0.0091 0.0108 0.006  0.0105 0.0091 0.0108] upd=150 anchors=8/8 buf=848184 ep/s= 0.22 eta=0:13:17
[14:42:46] ep   178 z=-0.71 rew=-15.9374 tilt=  1.7 hold=123(min 117) k=[0.006  0.0105 0.0091 0.0108 0.006  0.0105 0.0091 0.0108] upd=150 anchors=8/8 buf=852976 ep/s= 0.22 eta=0:13:14
[14:42:49] ep   179 z=-0.76 rew=-15.9836 tilt=  1.7 hold=123(min 115) k=[0.006  0.0105 0.0091 0.0108 0.006  0.0105 0.0091 0.0108] upd=150 anchors=8/8 buf=857768 ep/s= 0.22 eta=0:13:11
[14:42:52] ep   180 z=-0.71 rew=-15.8346 tilt=  1.9 hold=123(min 115) k=[0.006  0.0105 0.0091 0.0108 0.006  0.0105 0.0091 0.0108] upd=150 anchors=8/8 buf=862560 ep/s= 0.22 eta=0:13:09
[14:43:16] EVAL ep   180: truth 0/4  net 0/4
[14:43:19] ep   181 z=-0.79 rew=-15.9500 tilt=  1.7 hold=121(min 114) k=[0.0105 0.0091 0.0108 0.006  0.0105 0.0091 0.0108 0.006 ] upd=150 anchors=8/8 buf=867352 ep/s= 0.21 eta=0:12:41
[14:43:22] ep   182 z=-0.61 rew=-15.3515 tilt=  1.6 hold=121(min 113) k=[0.0105 0.0091 0.0108 0.006  0.0105 0.0091 0.0108 0.006 ] upd=150 anchors=8/8 buf=872144 ep/s= 0.21 eta=0:12:38
[14:43:25] ep   183 z=-0.67 rew=-15.6348 tilt=  1.9 hold=119(min 113) k=[0.0105 0.0091 0.0108 0.006  0.0105 0.0091 0.0108 0.006 ] upd=150 anchors=8/8 buf=876936 ep/s= 0.21 eta=0:12:35
[14:43:28] ep   184 z=-0.64 rew=-15.4738 tilt=  1.6 hold=119(min 113) k=[0.0105 0.0091 0.0108 0.006  0.0105 0.0091 0.0108 0.006 ] upd=150 anchors=8/8 buf=881728 ep/s= 0.21 eta=0:12:32
[14:43:31] ep   185 z=-0.60 rew=-15.2699 tilt=  1.4 hold=121(min 115) k=[0.0105 0.0091 0.0108 0.006  0.0105 0.0091 0.0108 0.006 ] upd=150 anchors=8/8 buf=886520 ep/s= 0.21 eta=0:12:29
[14:43:34] ep   186 z=-0.54 rew=-15.1625 tilt=  1.6 hold=120(min 115) k=[0.0105 0.0091 0.0108 0.006  0.0105 0.0091 0.0108 0.006 ] upd=150 anchors=8/8 buf=891312 ep/s= 0.21 eta=0:12:26
[14:43:37] ep   187 z=-0.61 rew=-15.3004 tilt=  1.3 hold=119(min 113) k=[0.0105 0.0091 0.0108 0.006  0.0105 0.0091 0.0108 0.006 ] upd=150 anchors=8/8 buf=896104 ep/s= 0.21 eta=0:12:23
[14:43:40] ep   188 z=-0.51 rew=-15.1564 tilt=  1.5 hold=120(min 114) k=[0.0105 0.0091 0.0108 0.006  0.0105 0.0091 0.0108 0.006 ] upd=150 anchors=8/8 buf=900896 ep/s= 0.21 eta=0:12:20
[14:43:43] ep   189 z=-0.45 rew=-14.9526 tilt=  1.8 hold=120(min 116) k=[0.0105 0.0091 0.0108 0.006  0.0105 0.0091 0.0108 0.006 ] upd=150 anchors=8/8 buf=905688 ep/s= 0.21 eta=0:12:17
[14:43:46] ep   190 z=-0.54 rew=-15.2686 tilt=  1.4 hold=120(min 114) k=[0.0105 0.0091 0.0108 0.006  0.0105 0.0091 0.0108 0.006 ] upd=150 anchors=8/8 buf=910480 ep/s= 0.21 eta=0:12:14
[14:43:49] ep   191 z=-0.58 rew=-15.3029 tilt=  1.3 hold=120(min 115) k=[0.0105 0.0091 0.0108 0.006  0.0105 0.0091 0.0108 0.006 ] upd=150 anchors=8/8 buf=915272 ep/s= 0.21 eta=0:12:11
[14:43:52] ep   192 z=-0.49 rew=-14.9205 tilt=  1.9 hold=120(min 113) k=[0.0105 0.0091 0.0108 0.006  0.0105 0.0091 0.0108 0.006 ] upd=150 anchors=8/8 buf=920064 ep/s= 0.22 eta=0:12:08
[14:43:55] ep   193 z=-0.51 rew=-15.2096 tilt=  1.4 hold=120(min 115) k=[0.0105 0.0091 0.0108 0.006  0.0105 0.0091 0.0108 0.006 ] upd=150 anchors=8/8 buf=924856 ep/s= 0.22 eta=0:12:05
[14:43:58] ep   194 z=-0.41 rew=-14.9274 tilt=  2.1 hold=120(min 115) k=[0.0105 0.0091 0.0108 0.006  0.0105 0.0091 0.0108 0.006 ] upd=150 anchors=8/8 buf=929648 ep/s= 0.22 eta=0:12:02
[14:44:01] ep   195 z=-0.42 rew=-14.9352 tilt=  2.0 hold=120(min 115) k=[0.0105 0.0091 0.0108 0.006  0.0105 0.0091 0.0108 0.006 ] upd=150 anchors=8/8 buf=934440 ep/s= 0.22 eta=0:11:59
[14:44:26] EVAL ep   195: truth 4/4  net 0/4
[14:44:29] ep   196 z=-0.37 rew=-14.8644 tilt=  2.3 hold=120(min 115) k=[0.0105 0.0091 0.0108 0.006  0.0105 0.0091 0.0108 0.006 ] upd=150 anchors=8/8 buf=939232 ep/s= 0.21 eta=0:11:31
[14:44:32] ep   197 z=-0.36 rew=-14.8697 tilt=  2.0 hold=121(min 116) k=[0.0105 0.0091 0.0108 0.006  0.0105 0.0091 0.0108 0.006 ] upd=150 anchors=8/8 buf=944024 ep/s= 0.21 eta=0:11:28
[14:44:35] ep   198 z=-0.36 rew=-14.8021 tilt=  2.1 hold=121(min 115) k=[0.0105 0.0091 0.0108 0.006  0.0105 0.0091 0.0108 0.006 ] upd=150 anchors=8/8 buf=948816 ep/s= 0.21 eta=0:11:26
[14:44:38] ep   199 z=-0.34 rew=-14.8954 tilt=  1.9 hold=120(min 116) k=[0.0105 0.0091 0.0108 0.006  0.0105 0.0091 0.0108 0.006 ] upd=150 anchors=8/8 buf=953608 ep/s= 0.21 eta=0:11:23
[14:44:41] ep   200 z=-0.35 rew=-14.7857 tilt=  2.3 hold=120(min 113) k=[0.0105 0.0091 0.0108 0.006  0.0105 0.0091 0.0108 0.006 ] upd=150 anchors=8/8 buf=958400 ep/s= 0.21 eta=0:11:20
[14:44:44] ep   201 z=-0.26 rew=-14.9104 tilt=  2.0 hold=119(min 114) k=[0.0091 0.0108 0.006  0.0105 0.0091 0.0108 0.006  0.0105] upd=150 anchors=8/8 buf=963192 ep/s= 0.21 eta=0:11:17
[14:44:47] ep   202 z=-0.83 rew=-16.4465 tilt=  1.5 hold=116(min 111) k=[0.0091 0.0108 0.006  0.0105 0.0091 0.0108 0.006  0.0105] upd=150 anchors=8/8 buf=967984 ep/s= 0.21 eta=0:11:14
[14:44:50] ep   203 z=-0.73 rew=-16.3650 tilt=  1.7 hold=115(min 109) k=[0.0091 0.0108 0.006  0.0105 0.0091 0.0108 0.006  0.0105] upd=150 anchors=8/8 buf=972776 ep/s= 0.21 eta=0:11:10
[14:44:53] ep   204 z=-0.66 rew=-16.1841 tilt=  1.5 hold=115(min 109) k=[0.0091 0.0108 0.006  0.0105 0.0091 0.0108 0.006  0.0105] upd=150 anchors=8/8 buf=977568 ep/s= 0.21 eta=0:11:07
[14:44:56] ep   205 z=-0.54 rew=-16.0025 tilt=  1.7 hold=116(min 111) k=[0.0091 0.0108 0.006  0.0105 0.0091 0.0108 0.006  0.0105] upd=150 anchors=8/8 buf=982360 ep/s= 0.21 eta=0:11:04
[14:44:59] ep   206 z=-0.47 rew=-15.5697 tilt=  1.8 hold=118(min 113) k=[0.0091 0.0108 0.006  0.0105 0.0091 0.0108 0.006  0.0105] upd=150 anchors=8/8 buf=987152 ep/s= 0.22 eta=0:11:01
[14:45:02] ep   207 z=-0.49 rew=-15.6990 tilt=  1.9 hold=117(min 112) k=[0.0091 0.0108 0.006  0.0105 0.0091 0.0108 0.006  0.0105] upd=150 anchors=8/8 buf=991944 ep/s= 0.22 eta=0:10:58
[14:45:05] ep   208 z=-0.43 rew=-15.4987 tilt=  1.6 hold=117(min 109) k=[0.0091 0.0108 0.006  0.0105 0.0091 0.0108 0.006  0.0105] upd=150 anchors=8/8 buf=996736 ep/s= 0.22 eta=0:10:55
[14:45:08] ep   209 z=-0.37 rew=-15.4067 tilt=  1.4 hold=118(min 109) k=[0.0091 0.0108 0.006  0.0105 0.0091 0.0108 0.006  0.0105] upd=150 anchors=8/8 buf=1000000 ep/s= 0.22 eta=0:10:52
[14:45:11] ep   210 z=-0.39 rew=-15.3219 tilt=  1.5 hold=118(min 110) k=[0.0091 0.0108 0.006  0.0105 0.0091 0.0108 0.006  0.0105] upd=150 anchors=8/8 buf=1000000 ep/s= 0.22 eta=0:10:49
[14:45:35] EVAL ep   210: truth 4/4  net 0/4
[14:45:38] ep   211 z=-0.42 rew=-15.4951 tilt=  1.6 hold=117(min 111) k=[0.0091 0.0108 0.006  0.0105 0.0091 0.0108 0.006  0.0105] upd=150 anchors=8/8 buf=1000000 ep/s= 0.21 eta=0:10:22
[14:45:41] ep   212 z=-0.24 rew=-14.9196 tilt=  2.1 hold=119(min 111) k=[0.0091 0.0108 0.006  0.0105 0.0091 0.0108 0.006  0.0105] upd=150 anchors=8/8 buf=1000000 ep/s= 0.21 eta=0:10:19
[14:45:44] ep   213 z=-0.25 rew=-14.8575 tilt=  2.0 hold=121(min 115) k=[0.0091 0.0108 0.006  0.0105 0.0091 0.0108 0.006  0.0105] upd=150 anchors=8/8 buf=1000000 ep/s= 0.21 eta=0:10:16
[14:45:47] ep   214 z=-0.30 rew=-14.7754 tilt=  2.0 hold=121(min 114) k=[0.0091 0.0108 0.006  0.0105 0.0091 0.0108 0.006  0.0105] upd=150 anchors=8/8 buf=1000000 ep/s= 0.21 eta=0:10:13
[14:45:50] ep   215 z=-0.52 rew=-15.1502 tilt=  1.6 hold=120(min 113) k=[0.0091 0.0108 0.006  0.0105 0.0091 0.0108 0.006  0.0105] upd=150 anchors=8/8 buf=1000000 ep/s= 0.21 eta=0:10:10
[14:45:53] ep   216 z=-0.54 rew=-15.0648 tilt=  1.5 hold=121(min 114) k=[0.0091 0.0108 0.006  0.0105 0.0091 0.0108 0.006  0.0105] upd=150 anchors=8/8 buf=1000000 ep/s= 0.21 eta=0:10:07
[14:45:56] ep   217 z=-0.68 rew=-15.3728 tilt=  1.8 hold=121(min 115) k=[0.0091 0.0108 0.006  0.0105 0.0091 0.0108 0.006  0.0105] upd=150 anchors=8/8 buf=1000000 ep/s= 0.21 eta=0:10:04
[14:45:59] ep   218 z=-0.55 rew=-14.9831 tilt=  1.5 hold=123(min 116) k=[0.0091 0.0108 0.006  0.0105 0.0091 0.0108 0.006  0.0105] upd=150 anchors=8/8 buf=1000000 ep/s= 0.21 eta=0:10:01
[14:46:02] ep   219 z=-0.53 rew=-14.9010 tilt=  1.6 hold=123(min 115) k=[0.0091 0.0108 0.006  0.0105 0.0091 0.0108 0.006  0.0105] upd=150 anchors=8/8 buf=1000000 ep/s= 0.21 eta=0:09:58
[14:46:05] ep   220 z=-0.89 rew=-15.7547 tilt=  1.5 hold=122(min 116) k=[0.0091 0.0108 0.006  0.0105 0.0091 0.0108 0.006  0.0105] upd=150 anchors=8/8 buf=1000000 ep/s= 0.21 eta=0:09:55
[14:46:08] ep   221 z=-0.85 rew=-15.7353 tilt=  1.9 hold=121(min 115) k=[0.0108 0.006  0.0105 0.0091 0.0108 0.006  0.0105 0.0091] upd=150 anchors=8/8 buf=1000000 ep/s= 0.22 eta=0:09:52
[14:46:11] ep   222 z=-0.29 rew=-14.0883 tilt=  1.8 hold=127(min 121) k=[0.0108 0.006  0.0105 0.0091 0.0108 0.006  0.0105 0.0091] upd=150 anchors=8/8 buf=1000000 ep/s= 0.22 eta=0:09:49
[14:46:14] ep   223 z=-0.34 rew=-14.0251 tilt=  1.9 hold=127(min 120) k=[0.0108 0.006  0.0105 0.0091 0.0108 0.006  0.0105 0.0091] upd=150 anchors=8/8 buf=1000000 ep/s= 0.22 eta=0:09:46
[14:46:17] ep   224 z=-0.24 rew=-13.9166 tilt=  1.4 hold=129(min 123) k=[0.0108 0.006  0.0105 0.0091 0.0108 0.006  0.0105 0.0091] upd=150 anchors=8/8 buf=1000000 ep/s= 0.22 eta=0:09:43
[14:46:20] ep   225 z=-0.14 rew=-13.7367 tilt=  1.3 hold=130(min 122) k=[0.0108 0.006  0.0105 0.0091 0.0108 0.006  0.0105 0.0091] upd=150 anchors=8/8 buf=1000000 ep/s= 0.22 eta=0:09:40
[14:46:44] EVAL ep   225: truth 4/4  net 0/4
[14:46:47] ep   226 z=-0.09 rew=-13.6324 tilt=  1.7 hold=131(min 124) k=[0.0108 0.006  0.0105 0.0091 0.0108 0.006  0.0105 0.0091] upd=150 anchors=8/8 buf=1000000 ep/s= 0.21 eta=0:09:13
[14:46:50] ep   227 z=-0.16 rew=-13.6938 tilt=  1.4 hold=130(min 124) k=[0.0108 0.006  0.0105 0.0091 0.0108 0.006  0.0105 0.0091] upd=150 anchors=8/8 buf=1000000 ep/s= 0.21 eta=0:09:10
[14:46:53] ep   228 z=-0.16 rew=-13.6269 tilt=  1.5 hold=130(min 121) k=[0.0108 0.006  0.0105 0.0091 0.0108 0.006  0.0105 0.0091] upd=150 anchors=8/8 buf=1000000 ep/s= 0.21 eta=0:09:07
[14:46:56] ep   229 z=-0.08 rew=-13.6245 tilt=  1.7 hold=132(min 126) k=[0.0108 0.006  0.0105 0.0091 0.0108 0.006  0.0105 0.0091] upd=150 anchors=8/8 buf=1000000 ep/s= 0.21 eta=0:09:04
[14:46:59] ep   230 z=-0.06 rew=-13.5099 tilt=  2.0 hold=131(min 123) k=[0.0108 0.006  0.0105 0.0091 0.0108 0.006  0.0105 0.0091] upd=150 anchors=8/8 buf=1000000 ep/s= 0.21 eta=0:09:01
[14:47:02] ep   231 z=-0.16 rew=-13.5702 tilt=  1.4 hold=131(min 123) k=[0.0108 0.006  0.0105 0.0091 0.0108 0.006  0.0105 0.0091] upd=150 anchors=8/8 buf=1000000 ep/s= 0.21 eta=0:08:58
[14:47:05] ep   232 z=-0.11 rew=-13.4232 tilt=  1.9 hold=132(min 125) k=[0.0108 0.006  0.0105 0.0091 0.0108 0.006  0.0105 0.0091] upd=150 anchors=8/8 buf=1000000 ep/s= 0.21 eta=0:08:55
[14:47:08] ep   233 z=-0.15 rew=-13.3954 tilt=  2.0 hold=132(min 126) k=[0.0108 0.006  0.0105 0.0091 0.0108 0.006  0.0105 0.0091] upd=150 anchors=8/8 buf=1000000 ep/s= 0.21 eta=0:08:52
[14:47:11] ep   234 z=-0.18 rew=-13.3583 tilt=  1.9 hold=131(min 125) k=[0.0108 0.006  0.0105 0.0091 0.0108 0.006  0.0105 0.0091] upd=150 anchors=8/8 buf=1000000 ep/s= 0.21 eta=0:08:49
[14:47:14] ep   235 z=-0.19 rew=-13.4782 tilt=  1.7 hold=132(min 124) k=[0.0108 0.006  0.0105 0.0091 0.0108 0.006  0.0105 0.0091] upd=150 anchors=8/8 buf=1000000 ep/s= 0.22 eta=0:08:47
[14:47:17] ep   236 z=-0.21 rew=-13.3576 tilt=  1.8 hold=131(min 124) k=[0.0108 0.006  0.0105 0.0091 0.0108 0.006  0.0105 0.0091] upd=150 anchors=8/8 buf=1000000 ep/s= 0.22 eta=0:08:44
[14:47:20] ep   237 z=-0.23 rew=-13.3755 tilt=  1.9 hold=130(min 123) k=[0.0108 0.006  0.0105 0.0091 0.0108 0.006  0.0105 0.0091] upd=150 anchors=8/8 buf=1000000 ep/s= 0.22 eta=0:08:41
[14:47:23] ep   238 z=-0.21 rew=-13.2506 tilt=  2.0 hold=131(min 124) k=[0.0108 0.006  0.0105 0.0091 0.0108 0.006  0.0105 0.0091] upd=150 anchors=8/8 buf=1000000 ep/s= 0.22 eta=0:08:38
[14:47:26] ep   239 z=-0.27 rew=-13.3993 tilt=  1.7 hold=130(min 124) k=[0.0108 0.006  0.0105 0.0091 0.0108 0.006  0.0105 0.0091] upd=150 anchors=8/8 buf=1000000 ep/s= 0.22 eta=0:08:34
[14:47:29] ep   240 z=-0.26 rew=-13.3628 tilt=  1.8 hold=129(min 123) k=[0.0108 0.006  0.0105 0.0091 0.0108 0.006  0.0105 0.0091] upd=150 anchors=8/8 buf=1000000 ep/s= 0.22 eta=0:08:32
[14:47:53] EVAL ep   240: truth 4/4  net 0/4
[14:47:56] ep   241 z=-0.27 rew=-13.3407 tilt=  2.0 hold=129(min 123) k=[0.006  0.0105 0.0091 0.0108 0.006  0.0105 0.0091 0.0108] upd=150 anchors=8/8 buf=1000000 ep/s= 0.21 eta=0:08:04
[14:47:59] ep   242 z=-0.28 rew=-13.4707 tilt=  1.5 hold=129(min 124) k=[0.006  0.0105 0.0091 0.0108 0.006  0.0105 0.0091 0.0108] upd=150 anchors=8/8 buf=1000000 ep/s= 0.21 eta=0:08:01
[14:48:02] ep   243 z=-0.30 rew=-13.4491 tilt=  1.6 hold=130(min 124) k=[0.006  0.0105 0.0091 0.0108 0.006  0.0105 0.0091 0.0108] upd=150 anchors=8/8 buf=1000000 ep/s= 0.21 eta=0:07:58
[14:48:05] ep   244 z=-0.31 rew=-13.5402 tilt=  1.8 hold=130(min 123) k=[0.006  0.0105 0.0091 0.0108 0.006  0.0105 0.0091 0.0108] upd=150 anchors=8/8 buf=1000000 ep/s= 0.21 eta=0:07:55
[14:48:08] ep   245 z=-0.34 rew=-13.5802 tilt=  1.7 hold=130(min 123) k=[0.006  0.0105 0.0091 0.0108 0.006  0.0105 0.0091 0.0108] upd=150 anchors=8/8 buf=1000000 ep/s= 0.21 eta=0:07:52
[14:48:11] ep   246 z=-0.35 rew=-13.6500 tilt=  1.5 hold=130(min 124) k=[0.006  0.0105 0.0091 0.0108 0.006  0.0105 0.0091 0.0108] upd=150 anchors=8/8 buf=1000000 ep/s= 0.21 eta=0:07:49
[14:48:14] ep   247 z=-0.42 rew=-13.8248 tilt=  1.4 hold=128(min 122) k=[0.006  0.0105 0.0091 0.0108 0.006  0.0105 0.0091 0.0108] upd=150 anchors=8/8 buf=1000000 ep/s= 0.21 eta=0:07:47
[14:48:16] ep   248 z=-0.45 rew=-13.9445 tilt=  1.3 hold=129(min 123) k=[0.006  0.0105 0.0091 0.0108 0.006  0.0105 0.0091 0.0108] upd=150 anchors=8/8 buf=1000000 ep/s= 0.21 eta=0:07:44
[14:48:20] ep   249 z=-0.42 rew=-13.8177 tilt=  1.5 hold=129(min 121) k=[0.006  0.0105 0.0091 0.0108 0.006  0.0105 0.0091 0.0108] upd=150 anchors=8/8 buf=1000000 ep/s= 0.21 eta=0:07:41
[14:48:23] ep   250 z=-0.48 rew=-13.9560 tilt=  1.4 hold=129(min 121) k=[0.006  0.0105 0.0091 0.0108 0.006  0.0105 0.0091 0.0108] upd=150 anchors=8/8 buf=1000000 ep/s= 0.22 eta=0:07:38
[14:48:26] ep   251 z=-0.42 rew=-13.7691 tilt=  1.5 hold=129(min 122) k=[0.006  0.0105 0.0091 0.0108 0.006  0.0105 0.0091 0.0108] upd=150 anchors=8/8 buf=1000000 ep/s= 0.22 eta=0:07:35
[14:48:29] ep   252 z=-0.48 rew=-13.9886 tilt=  1.4 hold=129(min 123) k=[0.006  0.0105 0.0091 0.0108 0.006  0.0105 0.0091 0.0108] upd=150 anchors=8/8 buf=1000000 ep/s= 0.22 eta=0:07:32
[14:48:32] ep   253 z=-0.51 rew=-14.0514 tilt=  1.6 hold=129(min 122) k=[0.006  0.0105 0.0091 0.0108 0.006  0.0105 0.0091 0.0108] upd=150 anchors=8/8 buf=1000000 ep/s= 0.22 eta=0:07:28
[14:48:35] ep   254 z=-0.48 rew=-14.0086 tilt=  1.4 hold=129(min 122) k=[0.006  0.0105 0.0091 0.0108 0.006  0.0105 0.0091 0.0108] upd=150 anchors=8/8 buf=1000000 ep/s= 0.22 eta=0:07:25
[14:48:38] ep   255 z=-0.43 rew=-13.7879 tilt=  1.5 hold=130(min 124) k=[0.006  0.0105 0.0091 0.0108 0.006  0.0105 0.0091 0.0108] upd=150 anchors=8/8 buf=1000000 ep/s= 0.22 eta=0:07:22
[14:49:02] EVAL ep   255: truth 0/4  net 0/4
[14:49:05] ep   256 z=-0.46 rew=-13.7756 tilt=  1.3 hold=130(min 124) k=[0.006  0.0105 0.0091 0.0108 0.006  0.0105 0.0091 0.0108] upd=150 anchors=8/8 buf=1000000 ep/s= 0.21 eta=0:06:55
[14:49:08] ep   257 z=-0.54 rew=-14.1001 tilt=  1.5 hold=130(min 124) k=[0.006  0.0105 0.0091 0.0108 0.006  0.0105 0.0091 0.0108] upd=150 anchors=8/8 buf=1000000 ep/s= 0.21 eta=0:06:52
[14:49:11] ep   258 z=-0.46 rew=-13.7999 tilt=  1.5 hold=131(min 125) k=[0.006  0.0105 0.0091 0.0108 0.006  0.0105 0.0091 0.0108] upd=150 anchors=8/8 buf=1000000 ep/s= 0.21 eta=0:06:49
[14:49:14] ep   259 z=-0.51 rew=-13.9065 tilt=  1.5 hold=131(min 126) k=[0.006  0.0105 0.0091 0.0108 0.006  0.0105 0.0091 0.0108] upd=150 anchors=8/8 buf=1000000 ep/s= 0.21 eta=0:06:47
[14:49:17] ep   260 z=-0.52 rew=-13.8755 tilt=  1.5 hold=131(min 125) k=[0.006  0.0105 0.0091 0.0108 0.006  0.0105 0.0091 0.0108] upd=150 anchors=8/8 buf=1000000 ep/s= 0.21 eta=0:06:43
[14:49:20] ep   261 z=-0.53 rew=-13.9544 tilt=  1.6 hold=132(min 126) k=[0.0105 0.0091 0.0108 0.006  0.0105 0.0091 0.0108 0.006 ] upd=150 anchors=8/8 buf=1000000 ep/s= 0.21 eta=0:06:41
[14:49:23] ep   262 z=-0.52 rew=-13.8254 tilt=  1.4 hold=133(min 128) k=[0.0105 0.0091 0.0108 0.006  0.0105 0.0091 0.0108 0.006 ] upd=150 anchors=8/8 buf=1000000 ep/s= 0.21 eta=0:06:37
[14:49:26] ep   263 z=-0.53 rew=-13.9150 tilt=  1.6 hold=133(min 129) k=[0.0105 0.0091 0.0108 0.006  0.0105 0.0091 0.0108 0.006 ] upd=150 anchors=8/8 buf=1000000 ep/s= 0.21 eta=0:06:34
[14:49:29] ep   264 z=-0.55 rew=-13.8904 tilt=  1.4 hold=133(min 128) k=[0.0105 0.0091 0.0108 0.006  0.0105 0.0091 0.0108 0.006 ] upd=150 anchors=8/8 buf=1000000 ep/s= 0.21 eta=0:06:32
[14:49:32] ep   265 z=-0.55 rew=-13.8874 tilt=  1.4 hold=134(min 128) k=[0.0105 0.0091 0.0108 0.006  0.0105 0.0091 0.0108 0.006 ] upd=150 anchors=8/8 buf=1000000 ep/s= 0.22 eta=0:06:29
[14:49:35] ep   266 z=-0.61 rew=-14.0034 tilt=  1.5 hold=133(min 128) k=[0.0105 0.0091 0.0108 0.006  0.0105 0.0091 0.0108 0.006 ] upd=150 anchors=8/8 buf=1000000 ep/s= 0.22 eta=0:06:26
[14:49:38] ep   267 z=-0.67 rew=-14.1727 tilt=  1.4 hold=133(min 127) k=[0.0105 0.0091 0.0108 0.006  0.0105 0.0091 0.0108 0.006 ] upd=150 anchors=8/8 buf=1000000 ep/s= 0.22 eta=0:06:23
[14:49:41] ep   268 z=-0.67 rew=-14.1575 tilt=  1.4 hold=134(min 129) k=[0.0105 0.0091 0.0108 0.006  0.0105 0.0091 0.0108 0.006 ] upd=150 anchors=8/8 buf=1000000 ep/s= 0.22 eta=0:06:20
[14:49:44] ep   269 z=-0.59 rew=-13.9150 tilt=  1.4 hold=134(min 129) k=[0.0105 0.0091 0.0108 0.006  0.0105 0.0091 0.0108 0.006 ] upd=150 anchors=8/8 buf=1000000 ep/s= 0.22 eta=0:06:17
[14:49:47] ep   270 z=-0.63 rew=-14.0014 tilt=  1.5 hold=134(min 128) k=[0.0105 0.0091 0.0108 0.006  0.0105 0.0091 0.0108 0.006 ] upd=150 anchors=8/8 buf=1000000 ep/s= 0.22 eta=0:06:14
[14:50:11] EVAL ep   270: truth 0/4  net 0/4
[14:50:14] ep   271 z=-0.67 rew=-14.1574 tilt=  1.5 hold=133(min 128) k=[0.0105 0.0091 0.0108 0.006  0.0105 0.0091 0.0108 0.006 ] upd=150 anchors=8/8 buf=1000000 ep/s= 0.21 eta=0:05:46
[14:50:17] ep   272 z=-0.65 rew=-14.0472 tilt=  1.6 hold=135(min 130) k=[0.0105 0.0091 0.0108 0.006  0.0105 0.0091 0.0108 0.006 ] upd=150 anchors=8/8 buf=1000000 ep/s= 0.21 eta=0:05:43
[14:50:20] ep   273 z=-0.68 rew=-14.2379 tilt=  1.6 hold=135(min 130) k=[0.0105 0.0091 0.0108 0.006  0.0105 0.0091 0.0108 0.006 ] upd=150 anchors=8/8 buf=1000000 ep/s= 0.21 eta=0:05:40
[14:50:23] ep   274 z=-0.66 rew=-14.1352 tilt=  1.6 hold=135(min 131) k=[0.0105 0.0091 0.0108 0.006  0.0105 0.0091 0.0108 0.006 ] upd=150 anchors=8/8 buf=1000000 ep/s= 0.21 eta=0:05:37
[14:50:26] ep   275 z=-0.69 rew=-14.2320 tilt=  1.6 hold=135(min 130) k=[0.0105 0.0091 0.0108 0.006  0.0105 0.0091 0.0108 0.006 ] upd=150 anchors=8/8 buf=1000000 ep/s= 0.21 eta=0:05:34
[14:50:29] ep   276 z=-0.70 rew=-14.1969 tilt=  1.6 hold=134(min 129) k=[0.0105 0.0091 0.0108 0.006  0.0105 0.0091 0.0108 0.006 ] upd=150 anchors=8/8 buf=1000000 ep/s= 0.21 eta=0:05:32
[14:50:32] ep   277 z=-0.76 rew=-14.4204 tilt=  1.9 hold=135(min 131) k=[0.0105 0.0091 0.0108 0.006  0.0105 0.0091 0.0108 0.006 ] upd=150 anchors=8/8 buf=1000000 ep/s= 0.21 eta=0:05:29
[14:50:35] ep   278 z=-0.63 rew=-13.9299 tilt=  1.4 hold=135(min 130) k=[0.0105 0.0091 0.0108 0.006  0.0105 0.0091 0.0108 0.006 ] upd=150 anchors=8/8 buf=1000000 ep/s= 0.21 eta=0:05:26
[14:50:38] ep   279 z=-0.64 rew=-14.0143 tilt=  1.5 hold=135(min 130) k=[0.0105 0.0091 0.0108 0.006  0.0105 0.0091 0.0108 0.006 ] upd=150 anchors=8/8 buf=1000000 ep/s= 0.22 eta=0:05:23
[14:50:41] ep   280 z=-0.66 rew=-14.1515 tilt=  1.8 hold=136(min 131) k=[0.0105 0.0091 0.0108 0.006  0.0105 0.0091 0.0108 0.006 ] upd=150 anchors=8/8 buf=1000000 ep/s= 0.22 eta=0:05:20
[14:50:44] ep   281 z=-0.65 rew=-14.0707 tilt=  1.5 hold=135(min 130) k=[0.0091 0.0108 0.006  0.0105 0.0091 0.0108 0.006  0.0105] upd=150 anchors=8/8 buf=1000000 ep/s= 0.22 eta=0:05:17
[14:50:46] ep   282 z=-0.61 rew=-13.9256 tilt=  1.3 hold=134(min 129) k=[0.0091 0.0108 0.006  0.0105 0.0091 0.0108 0.006  0.0105] upd=150 anchors=8/8 buf=1000000 ep/s= 0.22 eta=0:05:14
[14:50:49] ep   283 z=-0.63 rew=-14.0455 tilt=  1.6 hold=133(min 128) k=[0.0091 0.0108 0.006  0.0105 0.0091 0.0108 0.006  0.0105] upd=150 anchors=8/8 buf=1000000 ep/s= 0.22 eta=0:05:11
[14:50:52] ep   284 z=-0.55 rew=-13.6869 tilt=  1.4 hold=134(min 128) k=[0.0091 0.0108 0.006  0.0105 0.0091 0.0108 0.006  0.0105] upd=150 anchors=8/8 buf=1000000 ep/s= 0.22 eta=0:05:08
[14:50:55] ep   285 z=-0.54 rew=-13.7494 tilt=  1.5 hold=134(min 128) k=[0.0091 0.0108 0.006  0.0105 0.0091 0.0108 0.006  0.0105] upd=150 anchors=8/8 buf=1000000 ep/s= 0.22 eta=0:05:05
[14:51:20] EVAL ep   285: truth 0/4  net 0/4
[14:51:23] ep   286 z=-0.56 rew=-13.8350 tilt=  1.5 hold=134(min 128) k=[0.0091 0.0108 0.006  0.0105 0.0091 0.0108 0.006  0.0105] upd=150 anchors=8/8 buf=1000000 ep/s= 0.21 eta=0:04:37
[14:51:26] ep   287 z=-0.52 rew=-13.6566 tilt=  1.4 hold=133(min 128) k=[0.0091 0.0108 0.006  0.0105 0.0091 0.0108 0.006  0.0105] upd=150 anchors=8/8 buf=1000000 ep/s= 0.21 eta=0:04:34
[14:51:29] ep   288 z=-0.51 rew=-13.6468 tilt=  1.3 hold=134(min 129) k=[0.0091 0.0108 0.006  0.0105 0.0091 0.0108 0.006  0.0105] upd=150 anchors=8/8 buf=1000000 ep/s= 0.21 eta=0:04:31
[14:51:32] ep   289 z=-0.57 rew=-13.8439 tilt=  1.4 hold=134(min 130) k=[0.0091 0.0108 0.006  0.0105 0.0091 0.0108 0.006  0.0105] upd=150 anchors=8/8 buf=1000000 ep/s= 0.21 eta=0:04:28
[14:51:35] ep   290 z=-0.53 rew=-13.5935 tilt=  1.4 hold=134(min 130) k=[0.0091 0.0108 0.006  0.0105 0.0091 0.0108 0.006  0.0105] upd=150 anchors=8/8 buf=1000000 ep/s= 0.21 eta=0:04:25
[14:51:38] ep   291 z=-0.50 rew=-13.5969 tilt=  1.4 hold=134(min 129) k=[0.0091 0.0108 0.006  0.0105 0.0091 0.0108 0.006  0.0105] upd=150 anchors=8/8 buf=1000000 ep/s= 0.21 eta=0:04:22
[14:51:41] ep   292 z=-0.59 rew=-13.9354 tilt=  1.6 hold=133(min 128) k=[0.0091 0.0108 0.006  0.0105 0.0091 0.0108 0.006  0.0105] upd=150 anchors=8/8 buf=1000000 ep/s= 0.21 eta=0:04:19
[14:51:44] ep   293 z=-0.57 rew=-13.8273 tilt=  1.5 hold=135(min 132) k=[0.0091 0.0108 0.006  0.0105 0.0091 0.0108 0.006  0.0105] upd=150 anchors=8/8 buf=1000000 ep/s= 0.21 eta=0:04:16
[14:51:47] ep   294 z=-0.58 rew=-13.7778 tilt=  1.4 hold=133(min 127) k=[0.0091 0.0108 0.006  0.0105 0.0091 0.0108 0.006  0.0105] upd=150 anchors=8/8 buf=1000000 ep/s= 0.22 eta=0:04:13
[14:51:50] ep   295 z=-0.57 rew=-13.7741 tilt=  1.4 hold=133(min 127) k=[0.0091 0.0108 0.006  0.0105 0.0091 0.0108 0.006  0.0105] upd=150 anchors=8/8 buf=1000000 ep/s= 0.22 eta=0:04:10
[14:51:53] ep   296 z=-0.64 rew=-14.1518 tilt=  1.6 hold=133(min 127) k=[0.0091 0.0108 0.006  0.0105 0.0091 0.0108 0.006  0.0105] upd=150 anchors=8/8 buf=1000000 ep/s= 0.22 eta=0:04:07
[14:51:56] ep   297 z=-0.63 rew=-14.0204 tilt=  1.5 hold=133(min 128) k=[0.0091 0.0108 0.006  0.0105 0.0091 0.0108 0.006  0.0105] upd=150 anchors=8/8 buf=1000000 ep/s= 0.22 eta=0:04:04
[14:51:59] ep   298 z=-0.60 rew=-13.8538 tilt=  1.4 hold=132(min 127) k=[0.0091 0.0108 0.006  0.0105 0.0091 0.0108 0.006  0.0105] upd=150 anchors=8/8 buf=1000000 ep/s= 0.22 eta=0:04:01
[14:52:02] ep   299 z=-0.57 rew=-13.7525 tilt=  1.4 hold=133(min 128) k=[0.0091 0.0108 0.006  0.0105 0.0091 0.0108 0.006  0.0105] upd=150 anchors=8/8 buf=1000000 ep/s= 0.22 eta=0:03:58
[14:52:05] ep   300 z=-0.58 rew=-13.7765 tilt=  1.3 hold=134(min 128) k=[0.0091 0.0108 0.006  0.0105 0.0091 0.0108 0.006  0.0105] upd=150 anchors=8/8 buf=1000000 ep/s= 0.22 eta=0:03:55
[14:52:30] EVAL ep   300: truth 0/4  net 0/4
[14:52:33] ep   301 z=-0.64 rew=-14.0624 tilt=  1.3 hold=134(min 128) k=[0.0108 0.006  0.0105 0.0091 0.0108 0.006  0.0105 0.0091] upd=150 anchors=8/8 buf=1000000 ep/s= 0.21 eta=0:03:27
[14:52:36] ep   302 z=-0.59 rew=-14.0619 tilt=  1.4 hold=135(min 130) k=[0.0108 0.006  0.0105 0.0091 0.0108 0.006  0.0105 0.0091] upd=150 anchors=8/8 buf=1000000 ep/s= 0.21 eta=0:03:24
[14:52:39] ep   303 z=-0.60 rew=-14.0462 tilt=  1.3 hold=136(min 131) k=[0.0108 0.006  0.0105 0.0091 0.0108 0.006  0.0105 0.0091] upd=150 anchors=8/8 buf=1000000 ep/s= 0.21 eta=0:03:21
[14:52:42] ep   304 z=-0.58 rew=-13.9285 tilt=  1.5 hold=136(min 132) k=[0.0108 0.006  0.0105 0.0091 0.0108 0.006  0.0105 0.0091] upd=150 anchors=8/8 buf=1000000 ep/s= 0.21 eta=0:03:18
[14:52:45] ep   305 z=-0.60 rew=-13.8900 tilt=  1.2 hold=136(min 132) k=[0.0108 0.006  0.0105 0.0091 0.0108 0.006  0.0105 0.0091] upd=150 anchors=8/8 buf=1000000 ep/s= 0.21 eta=0:03:15
[14:52:48] ep   306 z=-0.51 rew=-13.6170 tilt=  1.2 hold=137(min 132) k=[0.0108 0.006  0.0105 0.0091 0.0108 0.006  0.0105 0.0091] upd=150 anchors=8/8 buf=1000000 ep/s= 0.21 eta=0:03:12
[14:52:51] ep   307 z=-0.62 rew=-14.3881 tilt=  1.5 hold=136(min 132) k=[0.0108 0.006  0.0105 0.0091 0.0108 0.006  0.0105 0.0091] upd=150 anchors=8/8 buf=1000000 ep/s= 0.21 eta=0:03:09
[14:52:54] ep   308 z=-0.58 rew=-13.8949 tilt=  1.7 hold=136(min 131) k=[0.0108 0.006  0.0105 0.0091 0.0108 0.006  0.0105 0.0091] upd=150 anchors=8/8 buf=1000000 ep/s= 0.21 eta=0:03:06
[14:52:57] ep   309 z=-0.57 rew=-13.8682 tilt=  1.6 hold=135(min 131) k=[0.0108 0.006  0.0105 0.0091 0.0108 0.006  0.0105 0.0091] upd=150 anchors=8/8 buf=1000000 ep/s= 0.22 eta=0:03:04
[14:53:00] ep   310 z=-0.69 rew=-14.6612 tilt=  1.4 hold=135(min 132) k=[0.0108 0.006  0.0105 0.0091 0.0108 0.006  0.0105 0.0091] upd=150 anchors=8/8 buf=1000000 ep/s= 0.22 eta=0:03:01
[14:53:03] ep   311 z=-0.60 rew=-13.9115 tilt=  1.9 hold=137(min 133) k=[0.0108 0.006  0.0105 0.0091 0.0108 0.006  0.0105 0.0091] upd=150 anchors=8/8 buf=1000000 ep/s= 0.22 eta=0:02:58
[14:53:06] ep   312 z=-0.58 rew=-13.8599 tilt=  1.9 hold=136(min 131) k=[0.0108 0.006  0.0105 0.0091 0.0108 0.006  0.0105 0.0091] upd=150 anchors=8/8 buf=1000000 ep/s= 0.22 eta=0:02:55
[14:53:09] ep   313 z=-0.53 rew=-13.4720 tilt=  2.0 hold=136(min 132) k=[0.0108 0.006  0.0105 0.0091 0.0108 0.006  0.0105 0.0091] upd=150 anchors=8/8 buf=1000000 ep/s= 0.22 eta=0:02:52
[14:53:12] ep   314 z=-0.58 rew=-13.9066 tilt=  1.7 hold=137(min 133) k=[0.0108 0.006  0.0105 0.0091 0.0108 0.006  0.0105 0.0091] upd=150 anchors=8/8 buf=1000000 ep/s= 0.22 eta=0:02:49
[14:53:15] ep   315 z=-0.63 rew=-13.9938 tilt=  2.2 hold=136(min 132) k=[0.0108 0.006  0.0105 0.0091 0.0108 0.006  0.0105 0.0091] upd=150 anchors=8/8 buf=1000000 ep/s= 0.22 eta=0:02:46
[14:53:39] EVAL ep   315: truth 0/4  net 0/4
[14:53:42] ep   316 z=-0.60 rew=-13.7713 tilt=  2.2 hold=136(min 132) k=[0.0108 0.006  0.0105 0.0091 0.0108 0.006  0.0105 0.0091] upd=150 anchors=8/8 buf=1000000 ep/s= 0.21 eta=0:02:18
[14:53:45] ep   317 z=-0.54 rew=-13.5033 tilt=  2.2 hold=135(min 132) k=[0.0108 0.006  0.0105 0.0091 0.0108 0.006  0.0105 0.0091] upd=150 anchors=8/8 buf=1000000 ep/s= 0.21 eta=0:02:15
[14:53:48] ep   318 z=-0.51 rew=-13.3199 tilt=  1.8 hold=136(min 133) k=[0.0108 0.006  0.0105 0.0091 0.0108 0.006  0.0105 0.0091] upd=150 anchors=8/8 buf=1000000 ep/s= 0.21 eta=0:02:12
[14:53:51] ep   319 z=-0.54 rew=-13.8155 tilt=  1.7 hold=137(min 134) k=[0.0108 0.006  0.0105 0.0091 0.0108 0.006  0.0105 0.0091] upd=150 anchors=8/8 buf=1000000 ep/s= 0.21 eta=0:02:09
[14:53:54] ep   320 z=-0.48 rew=-13.2713 tilt=  2.0 hold=137(min 133) k=[0.0108 0.006  0.0105 0.0091 0.0108 0.006  0.0105 0.0091] upd=150 anchors=8/8 buf=1000000 ep/s= 0.21 eta=0:02:06
[14:53:57] ep   321 z=-0.45 rew=-13.0319 tilt=  1.6 hold=137(min 134) k=[0.006  0.0105 0.0091 0.0108 0.006  0.0105 0.0091 0.0108] upd=150 anchors=8/8 buf=1000000 ep/s= 0.21 eta=0:02:03
[14:54:00] ep   322 z=-0.48 rew=-13.3389 tilt=  2.1 hold=136(min 133) k=[0.006  0.0105 0.0091 0.0108 0.006  0.0105 0.0091 0.0108] upd=150 anchors=8/8 buf=1000000 ep/s= 0.21 eta=0:02:00
[14:54:03] ep   323 z=-0.48 rew=-13.2419 tilt=  1.6 hold=135(min 132) k=[0.006  0.0105 0.0091 0.0108 0.006  0.0105 0.0091 0.0108] upd=150 anchors=8/8 buf=1000000 ep/s= 0.22 eta=0:01:57
[14:54:06] ep   324 z=-0.46 rew=-13.0870 tilt=  1.5 hold=135(min 131) k=[0.006  0.0105 0.0091 0.0108 0.006  0.0105 0.0091 0.0108] upd=150 anchors=8/8 buf=1000000 ep/s= 0.22 eta=0:01:54
[14:54:09] ep   325 z=-0.42 rew=-12.9572 tilt=  1.6 hold=136(min 132) k=[0.006  0.0105 0.0091 0.0108 0.006  0.0105 0.0091 0.0108] upd=150 anchors=8/8 buf=1000000 ep/s= 0.22 eta=0:01:52
[14:54:12] ep   326 z=-0.43 rew=-12.9422 tilt=  1.4 hold=135(min 131) k=[0.006  0.0105 0.0091 0.0108 0.006  0.0105 0.0091 0.0108] upd=150 anchors=8/8 buf=1000000 ep/s= 0.22 eta=0:01:49
[14:54:14] ep   327 z=-0.41 rew=-12.9383 tilt=  1.4 hold=135(min 132) k=[0.006  0.0105 0.0091 0.0108 0.006  0.0105 0.0091 0.0108] upd=150 anchors=8/8 buf=1000000 ep/s= 0.22 eta=0:01:46
[14:54:17] ep   328 z=-0.41 rew=-12.8655 tilt=  1.5 hold=136(min 133) k=[0.006  0.0105 0.0091 0.0108 0.006  0.0105 0.0091 0.0108] upd=150 anchors=8/8 buf=1000000 ep/s= 0.22 eta=0:01:43
[14:54:20] ep   329 z=-0.42 rew=-12.9591 tilt=  1.3 hold=135(min 131) k=[0.006  0.0105 0.0091 0.0108 0.006  0.0105 0.0091 0.0108] upd=150 anchors=8/8 buf=1000000 ep/s= 0.22 eta=0:01:40
[14:54:23] ep   330 z=-0.43 rew=-12.8406 tilt=  1.5 hold=134(min 130) k=[0.006  0.0105 0.0091 0.0108 0.006  0.0105 0.0091 0.0108] upd=150 anchors=8/8 buf=1000000 ep/s= 0.22 eta=0:01:37
[14:54:48] EVAL ep   330: truth 1/4  net 0/4
[14:54:51] ep   331 z=-0.41 rew=-12.8536 tilt=  1.4 hold=135(min 130) k=[0.006  0.0105 0.0091 0.0108 0.006  0.0105 0.0091 0.0108] upd=150 anchors=8/8 buf=1000000 ep/s= 0.21 eta=0:01:09
[14:54:54] ep   332 z=-0.42 rew=-12.8030 tilt=  1.6 hold=136(min 131) k=[0.006  0.0105 0.0091 0.0108 0.006  0.0105 0.0091 0.0108] upd=150 anchors=8/8 buf=1000000 ep/s= 0.21 eta=0:01:06
[14:54:57] ep   333 z=-0.35 rew=-12.6494 tilt=  1.8 hold=135(min 131) k=[0.006  0.0105 0.0091 0.0108 0.006  0.0105 0.0091 0.0108] upd=150 anchors=8/8 buf=1000000 ep/s= 0.21 eta=0:01:04
[14:54:59] ep   334 z=-0.39 rew=-12.7579 tilt=  1.5 hold=135(min 130) k=[0.006  0.0105 0.0091 0.0108 0.006  0.0105 0.0091 0.0108] upd=150 anchors=8/8 buf=1000000 ep/s= 0.21 eta=0:01:01
[14:55:03] ep   335 z=-0.39 rew=-12.7940 tilt=  1.4 hold=135(min 130) k=[0.006  0.0105 0.0091 0.0108 0.006  0.0105 0.0091 0.0108] upd=150 anchors=8/8 buf=1000000 ep/s= 0.21 eta=0:00:58
[14:55:06] ep   336 z=-0.36 rew=-12.6068 tilt=  1.9 hold=135(min 131) k=[0.006  0.0105 0.0091 0.0108 0.006  0.0105 0.0091 0.0108] upd=150 anchors=8/8 buf=1000000 ep/s= 0.21 eta=0:00:55
[14:55:09] ep   337 z=-0.36 rew=-12.6445 tilt=  1.8 hold=135(min 130) k=[0.006  0.0105 0.0091 0.0108 0.006  0.0105 0.0091 0.0108] upd=150 anchors=8/8 buf=1000000 ep/s= 0.21 eta=0:00:51
[14:55:12] ep   338 z=-0.37 rew=-12.7043 tilt=  1.6 hold=135(min 130) k=[0.006  0.0105 0.0091 0.0108 0.006  0.0105 0.0091 0.0108] upd=150 anchors=8/8 buf=1000000 ep/s= 0.22 eta=0:00:48
[14:55:15] ep   339 z=-0.37 rew=-12.6208 tilt=  1.7 hold=135(min 130) k=[0.006  0.0105 0.0091 0.0108 0.006  0.0105 0.0091 0.0108] upd=150 anchors=8/8 buf=1000000 ep/s= 0.22 eta=0:00:45
[14:55:18] ep   340 z=-0.35 rew=-12.5919 tilt=  1.7 hold=135(min 130) k=[0.006  0.0105 0.0091 0.0108 0.006  0.0105 0.0091 0.0108] upd=150 anchors=8/8 buf=1000000 ep/s= 0.22 eta=0:00:42
[14:55:21] ep   341 z=-0.35 rew=-12.5965 tilt=  1.7 hold=135(min 130) k=[0.0105 0.0091 0.0108 0.006  0.0105 0.0091 0.0108 0.006 ] upd=150 anchors=8/8 buf=1000000 ep/s= 0.22 eta=0:00:39
[14:55:24] ep   342 z=-0.37 rew=-12.7014 tilt=  1.4 hold=136(min 132) k=[0.0105 0.0091 0.0108 0.006  0.0105 0.0091 0.0108 0.006 ] upd=150 anchors=8/8 buf=1000000 ep/s= 0.22 eta=0:00:36
[14:55:27] ep   343 z=-0.40 rew=-12.7452 tilt=  1.4 hold=136(min 132) k=[0.0105 0.0091 0.0108 0.006  0.0105 0.0091 0.0108 0.006 ] upd=150 anchors=8/8 buf=1000000 ep/s= 0.22 eta=0:00:33
[14:55:30] ep   344 z=-0.40 rew=-12.7016 tilt=  1.7 hold=135(min 130) k=[0.0105 0.0091 0.0108 0.006  0.0105 0.0091 0.0108 0.006 ] upd=150 anchors=8/8 buf=1000000 ep/s= 0.22 eta=0:00:30
[14:55:33] ep   345 z=-0.42 rew=-12.9842 tilt=  1.5 hold=136(min 131) k=[0.0105 0.0091 0.0108 0.006  0.0105 0.0091 0.0108 0.006 ] upd=150 anchors=8/8 buf=1000000 ep/s= 0.22 eta=0:00:27
[14:55:57] EVAL ep   345: truth 4/4  net 0/4
[14:56:00] ep   346 z=-0.37 rew=-12.7222 tilt=  1.4 hold=136(min 130) k=[0.0105 0.0091 0.0108 0.006  0.0105 0.0091 0.0108 0.006 ] upd=150 anchors=8/8 buf=1000000 ep/s= 0.21 eta=0:00:00
[14:56:03] ep   347 z=-0.38 rew=-12.6719 tilt=  1.8 hold=136(min 131) k=[0.0105 0.0091 0.0108 0.006  0.0105 0.0091 0.0108 0.006 ] upd=150 anchors=8/8 buf=1000000 ep/s= 0.21 eta=0:00:00
[14:56:03] finished ep=347 elapsed=0:27:02 -> results/rl/deploy_a100
