[13:23:55] run=deploy_dr estimator=results/e2e_v12.pt warm_start=shutdown_real_7_4 device=cuda anchor=0.3 ep_len=600 envs=8
[13:24:45] identified 32+8 draws in 50s: k_med 0.006m k_range [0.001,0.013]
[13:25:12] EVAL ep 0: truth 4/4  net 0/4
[13:25:28] ep     1 z= 0.25 rew=-50.6514 tilt= 22.3 hold=493(min 157) k=[0.006  0.0105 0.0091 0.0108 0.0074 0.0015 0.0005 0.0073] upd=150 anchors=3/8 buf=4792 ep/s= 0.02 dr[0]=1.013,0.011,0.028 eta=4:59:18
[13:25:48] ep     2 z=10.54 rew=-107.7812 tilt= 48.4 hold=567(min 363) k=[0.006  0.0105 0.0091 0.0108 0.0074 0.0015 0.0005 0.0073] upd=150 anchors=1/8 buf=9584 ep/s= 0.03 dr[0]=1.021,0.009,0.027 eta=4:58:58
[13:26:04] ep     3 z=12.91 rew=-90.7128 tilt= 35.1 hold=600(min 600) k=[0.006  0.0105 0.0091 0.0108 0.0074 0.0015 0.0005 0.0073] upd=150 anchors=3/8 buf=14376 ep/s= 0.04 dr[0]=0.982,0.011,0.026 eta=4:58:42
[13:26:22] ep     4 z= 8.20 rew=-89.9667 tilt= 31.6 hold=559(min 276) k=[0.006  0.0105 0.0091 0.0108 0.0074 0.0015 0.0005 0.0073] upd=150 anchors=2/8 buf=19168 ep/s= 0.04 dr[0]=0.930,0.010,0.026 eta=4:58:24
[13:26:38] ep     5 z=-0.79 rew=-68.8845 tilt= 38.7 hold=470(min 257) k=[0.006  0.0105 0.0091 0.0108 0.0074 0.0015 0.0005 0.0073] upd=150 anchors=3/8 buf=23960 ep/s= 0.04 dr[0]=1.095,0.010,0.030 eta=4:58:08
[13:26:59] ep     6 z=-7.23 rew=-85.7943 tilt= 56.9 hold=392(min 250) k=[0.006  0.0105 0.0091 0.0108 0.0074 0.0015 0.0005 0.0073] upd=150 anchors=1/8 buf=28752 ep/s= 0.05 dr[0]=1.114,0.010,0.025 eta=4:57:47
[13:27:16] ep     7 z=-6.30 rew=-65.6900 tilt= 60.1 hold=231(min 163) k=[0.006  0.0105 0.0091 0.0108 0.0074 0.0015 0.0005 0.0073] upd=150 anchors=2/8 buf=33544 ep/s= 0.05 dr[0]=0.946,0.009,0.027 eta=4:57:29
[13:27:37] ep     8 z=-14.20 rew=-97.9221 tilt= 70.5 hold=158(min 135) k=[0.006  0.0105 0.0091 0.0108 0.0074 0.0015 0.0005 0.0073] upd=150 anchors=1/8 buf=38336 ep/s= 0.05 dr[0]=1.002,0.011,0.023 eta=4:57:09
[13:27:55] ep     9 z=-16.38 rew=-106.1144 tilt= 71.2 hold=160(min 136) k=[0.006  0.0105 0.0091 0.0108 0.0074 0.0015 0.0005 0.0073] upd=150 anchors=2/8 buf=43128 ep/s= 0.05 dr[0]=0.959,0.010,0.026 eta=4:56:51
[13:28:13] ep    10 z=-16.65 rew=-111.2262 tilt= 84.7 hold=151(min 136) k=[0.006  0.0105 0.0091 0.0108 0.0074 0.0015 0.0005 0.0073] upd=150 anchors=2/8 buf=47920 ep/s= 0.05 dr[0]=0.887,0.011,0.027 eta=4:56:33
[13:28:31] ep    11 z=-17.46 rew=-114.6574 tilt= 82.3 hold=148(min 137) k=[0.006  0.0105 0.0091 0.0108 0.0074 0.0015 0.0005 0.0073] upd=150 anchors=2/8 buf=52712 ep/s= 0.05 dr[0]=0.959,0.009,0.029 eta=4:56:15
[13:28:49] ep    12 z=-13.63 rew=-106.7639 tilt= 61.8 hold=163(min 137) k=[0.006  0.0105 0.0091 0.0108 0.0074 0.0015 0.0005 0.0073] upd=150 anchors=2/8 buf=57504 ep/s= 0.05 dr[0]=1.097,0.010,0.026 eta=4:55:57
[13:29:12] ep    13 z=-14.76 rew=-112.0722 tilt= 91.2 hold=197(min 128) k=[0.006  0.0105 0.0091 0.0108 0.0074 0.0015 0.0005 0.0073] upd=150 anchors=0/8 buf=62296 ep/s= 0.05 dr[0]=1.057,0.011,0.029 eta=4:55:34
[13:29:30] ep    14 z=-10.41 rew=-90.8998 tilt= 52.1 hold=205(min 148) k=[0.006  0.0105 0.0091 0.0108 0.0074 0.0015 0.0005 0.0073] upd=150 anchors=2/8 buf=67088 ep/s= 0.05 dr[0]=1.023,0.010,0.027 eta=4:55:16
[13:29:48] ep    15 z=-12.82 rew=-92.7573 tilt= 69.3 hold=155(min 135) k=[0.006  0.0105 0.0091 0.0108 0.0074 0.0015 0.0005 0.0073] upd=150 anchors=2/8 buf=71880 ep/s= 0.05 dr[0]=1.131,0.010,0.023 eta=4:54:58
[13:30:11] ep    16 z=-10.76 rew=-84.6483 tilt= 81.9 hold=159(min 149) k=[0.006  0.0105 0.0091 0.0108 0.0074 0.0015 0.0005 0.0073] upd=150 anchors=0/8 buf=76672 ep/s= 0.05 dr[0]=1.037,0.010,0.025 eta=4:54:35
[13:30:29] ep    17 z=-9.75 rew=-74.8148 tilt= 75.6 hold=155(min 141) k=[0.006  0.0105 0.0091 0.0108 0.0074 0.0015 0.0005 0.0073] upd=150 anchors=2/8 buf=81464 ep/s= 0.05 dr[0]=0.939,0.010,0.023 eta=4:54:17
[13:30:47] ep    18 z=-8.95 rew=-74.3983 tilt= 62.1 hold=157(min 148) k=[0.006  0.0105 0.0091 0.0108 0.0074 0.0015 0.0005 0.0073] upd=150 anchors=2/8 buf=86256 ep/s= 0.05 dr[0]=0.942,0.009,0.027 eta=4:53:59
[13:31:08] ep    19 z=-9.77 rew=-78.9576 tilt= 73.2 hold=152(min 140) k=[0.006  0.0105 0.0091 0.0108 0.0074 0.0015 0.0005 0.0073] upd=150 anchors=1/8 buf=91048 ep/s= 0.05 dr[0]=1.071,0.011,0.027 eta=4:53:38
[13:31:23] ep    20 z=-12.51 rew=-83.3147 tilt= 71.5 hold=146(min 133) k=[0.006  0.0105 0.0091 0.0108 0.0074 0.0015 0.0005 0.0073] upd=150 anchors=3/8 buf=95840 ep/s= 0.05 dr[0]=1.063,0.009,0.023 eta=4:53:22
[13:31:39] ep    21 z=-12.71 rew=-87.0618 tilt= 86.4 hold=151(min 130) k=[0.0105 0.0091 0.0108 0.0074 0.0015 0.0005 0.0073 0.0023] upd=150 anchors=3/8 buf=100632 ep/s= 0.05 dr[0]=0.945,0.010,0.026 eta=4:53:07
[13:31:52] ep    22 z=-13.58 rew=-88.5726 tilt= 65.5 hold=146(min 129) k=[0.0105 0.0091 0.0108 0.0074 0.0015 0.0005 0.0073 0.0023] upd=150 anchors=4/8 buf=105424 ep/s= 0.05 dr[0]=0.950,0.009,0.028 eta=4:52:54
[13:32:10] ep    23 z=-12.40 rew=-89.7038 tilt= 71.5 hold=152(min 129) k=[0.0105 0.0091 0.0108 0.0074 0.0015 0.0005 0.0073 0.0023] upd=150 anchors=2/8 buf=110216 ep/s= 0.05 dr[0]=1.099,0.010,0.030 eta=4:52:36
[13:32:26] ep    24 z=-11.46 rew=-90.1885 tilt= 66.1 hold=159(min 137) k=[0.0105 0.0091 0.0108 0.0074 0.0015 0.0005 0.0073 0.0023] upd=150 anchors=3/8 buf=115008 ep/s= 0.05 dr[0]=0.860,0.011,0.028 eta=4:52:20
[13:32:42] ep    25 z=-12.38 rew=-86.4238 tilt= 58.7 hold=146(min 127) k=[0.0105 0.0091 0.0108 0.0074 0.0015 0.0005 0.0073 0.0023] upd=150 anchors=3/8 buf=119800 ep/s= 0.05 dr[0]=1.033,0.009,0.023 eta=4:52:04
[13:33:00] ep    26 z=-15.38 rew=-99.2680 tilt= 85.4 hold=146(min 132) k=[0.0105 0.0091 0.0108 0.0074 0.0015 0.0005 0.0073 0.0023] upd=150 anchors=2/8 buf=124592 ep/s= 0.05 dr[0]=1.021,0.010,0.024 eta=4:51:46
[13:33:11] ep    27 z=-16.60 rew=-94.5029 tilt= 85.7 hold=134(min 106) k=[0.0105 0.0091 0.0108 0.0074 0.0015 0.0005 0.0073 0.0023] upd=150 anchors=5/8 buf=129384 ep/s= 0.05 dr[0]=0.994,0.010,0.024 eta=4:51:35
[13:33:34] ep    28 z=-17.91 rew=-107.5445 tilt= 87.6 hold=132(min 104) k=[0.0105 0.0091 0.0108 0.0074 0.0015 0.0005 0.0073 0.0023] upd=150 anchors=0/8 buf=134176 ep/s= 0.05 dr[0]=0.923,0.009,0.027 eta=4:51:12
[13:33:54] ep    29 z=-16.84 rew=-99.9052 tilt= 92.2 hold=134(min 97) k=[0.0105 0.0091 0.0108 0.0074 0.0015 0.0005 0.0073 0.0023] upd=150 anchors=1/8 buf=138968 ep/s= 0.05 dr[0]=1.079,0.011,0.026 eta=4:50:52
[13:34:12] ep    30 z=-15.55 rew=-87.1839 tilt= 75.9 hold=132(min 95) k=[0.0105 0.0091 0.0108 0.0074 0.0015 0.0005 0.0073 0.0023] upd=150 anchors=2/8 buf=143760 ep/s= 0.05 dr[0]=0.899,0.009,0.027 eta=4:50:34
[13:34:30] ep    31 z=-18.43 rew=-100.2451 tilt= 63.0 hold=131(min 94) k=[0.0105 0.0091 0.0108 0.0074 0.0015 0.0005 0.0073 0.0023] upd=150 anchors=2/8 buf=148552 ep/s= 0.05 dr[0]=1.054,0.011,0.027 eta=4:50:16
[13:34:46] ep    32 z=-14.98 rew=-83.6721 tilt= 65.4 hold=131(min 99) k=[0.0105 0.0091 0.0108 0.0074 0.0015 0.0005 0.0073 0.0023] upd=150 anchors=3/8 buf=153344 ep/s= 0.05 dr[0]=0.854,0.011,0.026 eta=4:50:00
[13:35:04] ep    33 z=-6.67 rew=-51.7420 tilt= 34.4 hold=132(min 100) k=[0.0105 0.0091 0.0108 0.0074 0.0015 0.0005 0.0073 0.0023] upd=150 anchors=2/8 buf=158136 ep/s= 0.05 dr[0]=1.113,0.010,0.025 eta=4:49:42
[13:35:17] ep    34 z=-1.28 rew=-25.8530 tilt= 24.9 hold=133(min 125) k=[0.0105 0.0091 0.0108 0.0074 0.0015 0.0005 0.0073 0.0023] upd=150 anchors=4/8 buf=162928 ep/s= 0.05 dr[0]=1.130,0.011,0.028 eta=4:49:29
[13:35:32] ep    35 z=-3.80 rew=-34.3023 tilt= 31.1 hold=124(min 98) k=[0.0105 0.0091 0.0108 0.0074 0.0015 0.0005 0.0073 0.0023] upd=150 anchors=3/8 buf=167720 ep/s= 0.05 dr[0]=0.928,0.011,0.025 eta=4:49:14
[13:35:55] ep    36 z=-3.95 rew=-36.3819 tilt= 39.7 hold=130(min 98) k=[0.0105 0.0091 0.0108 0.0074 0.0015 0.0005 0.0073 0.0023] upd=150 anchors=0/8 buf=172512 ep/s= 0.05 dr[0]=0.886,0.011,0.025 eta=4:48:51
[13:36:11] ep    37 z=-6.11 rew=-43.6639 tilt= 42.7 hold=132(min 98) k=[0.0105 0.0091 0.0108 0.0074 0.0015 0.0005 0.0073 0.0023] upd=150 anchors=3/8 buf=177304 ep/s= 0.05 dr[0]=1.041,0.011,0.024 eta=4:48:35
[13:36:29] ep    38 z=-3.36 rew=-32.7156 tilt= 29.0 hold=135(min 98) k=[0.0105 0.0091 0.0108 0.0074 0.0015 0.0005 0.0073 0.0023] upd=150 anchors=2/8 buf=182096 ep/s= 0.05 dr[0]=0.917,0.011,0.028 eta=4:48:17
[13:36:44] ep    39 z=-6.04 rew=-42.8081 tilt= 48.5 hold=138(min 97) k=[0.0105 0.0091 0.0108 0.0074 0.0015 0.0005 0.0073 0.0023] upd=150 anchors=3/8 buf=186888 ep/s= 0.05 dr[0]=1.062,0.011,0.026 eta=4:48:02
[13:36:52] ep    40 z=-1.60 rew=-24.2745 tilt= 16.7 hold=154(min 134) k=[0.0105 0.0091 0.0108 0.0074 0.0015 0.0005 0.0073 0.0023] upd=150 anchors=6/8 buf=191680 ep/s= 0.06 dr[0]=1.129,0.009,0.029 eta=4:47:54
[13:37:10] ep    41 z=-6.06 rew=-43.4326 tilt= 33.8 hold=151(min 100) k=[0.0091 0.0108 0.0074 0.0015 0.0005 0.0073 0.0023 0.0021] upd=150 anchors=2/8 buf=196472 ep/s= 0.06 dr[0]=1.046,0.010,0.027 eta=4:47:36
[13:37:26] ep    42 z=-3.48 rew=-37.6375 tilt= 29.1 hold=170(min 120) k=[0.0091 0.0108 0.0074 0.0015 0.0005 0.0073 0.0023 0.0021] upd=150 anchors=3/8 buf=201264 ep/s= 0.06 dr[0]=0.866,0.009,0.023 eta=4:47:20
[13:37:39] ep    43 z=-2.55 rew=-30.4990 tilt= 30.6 hold=199(min 104) k=[0.0091 0.0108 0.0074 0.0015 0.0005 0.0073 0.0023 0.0021] upd=150 anchors=4/8 buf=206056 ep/s= 0.06 dr[0]=0.912,0.010,0.026 eta=4:47:07
[13:37:54] ep    44 z=-2.23 rew=-30.2646 tilt= 17.1 hold=220(min 152) k=[0.0091 0.0108 0.0074 0.0015 0.0005 0.0073 0.0023 0.0021] upd=150 anchors=3/8 buf=210848 ep/s= 0.06 dr[0]=1.104,0.011,0.026 eta=4:46:52
[13:38:12] ep    45 z=-2.90 rew=-33.3189 tilt= 29.2 hold=246(min 108) k=[0.0091 0.0108 0.0074 0.0015 0.0005 0.0073 0.0023 0.0021] upd=150 anchors=2/8 buf=215640 ep/s= 0.06 dr[0]=1.109,0.011,0.027 eta=4:46:34
[13:38:25] ep    46 z=-2.03 rew=-26.4955 tilt= 25.4 hold=216(min 104) k=[0.0091 0.0108 0.0074 0.0015 0.0005 0.0073 0.0023 0.0021] upd=150 anchors=4/8 buf=220432 ep/s= 0.06 dr[0]=0.980,0.010,0.027 eta=4:46:20
[13:38:43] ep    47 z=-2.26 rew=-30.7553 tilt= 25.4 hold=186(min 105) k=[0.0091 0.0108 0.0074 0.0015 0.0005 0.0073 0.0023 0.0021] upd=150 anchors=2/8 buf=225224 ep/s= 0.06 dr[0]=0.991,0.010,0.026 eta=4:46:03
[13:39:01] ep    48 z=-4.35 rew=-39.6000 tilt= 38.6 hold=163(min 112) k=[0.0091 0.0108 0.0074 0.0015 0.0005 0.0073 0.0023 0.0021] upd=150 anchors=2/8 buf=230016 ep/s= 0.06 dr[0]=0.971,0.011,0.027 eta=4:45:45
[13:39:14] ep    49 z=-1.43 rew=-26.5384 tilt= 23.3 hold=236(min 149) k=[0.0091 0.0108 0.0074 0.0015 0.0005 0.0073 0.0023 0.0021] upd=150 anchors=4/8 buf=234808 ep/s= 0.06 dr[0]=1.101,0.009,0.026 eta=4:45:32
[13:39:37] ep    50 z=-4.38 rew=-39.9167 tilt= 36.7 hold=176(min 106) k=[0.0091 0.0108 0.0074 0.0015 0.0005 0.0073 0.0023 0.0021] upd=150 anchors=0/8 buf=239600 ep/s= 0.06 dr[0]=0.934,0.010,0.025 eta=4:45:09
[13:40:02] EVAL ep    50: truth 4/4  net 0/4
[13:40:23] ep    51 z=-2.33 rew=-31.7943 tilt= 32.2 hold=169(min 110) k=[0.0091 0.0108 0.0074 0.0015 0.0005 0.0073 0.0023 0.0021] upd=150 anchors=1/8 buf=244392 ep/s= 0.05 dr[0]=1.079,0.011,0.029 eta=4:44:23
[13:40:33] ep    52 z=-1.51 rew=-26.7445 tilt= 28.4 hold=234(min 148) k=[0.0091 0.0108 0.0074 0.0015 0.0005 0.0073 0.0023 0.0021] upd=150 anchors=5/8 buf=249184 ep/s= 0.05 dr[0]=1.038,0.009,0.024 eta=4:44:13
[13:40:54] ep    53 z=-2.89 rew=-33.5164 tilt= 35.5 hold=164(min 115) k=[0.0091 0.0108 0.0074 0.0015 0.0005 0.0073 0.0023 0.0021] upd=150 anchors=1/8 buf=253976 ep/s= 0.05 dr[0]=0.957,0.009,0.028 eta=4:43:52
[13:41:09] ep    54 z=-1.82 rew=-29.1605 tilt= 33.7 hold=170(min 121) k=[0.0091 0.0108 0.0074 0.0015 0.0005 0.0073 0.0023 0.0021] upd=150 anchors=3/8 buf=258768 ep/s= 0.05 dr[0]=1.031,0.010,0.022 eta=4:43:37
[13:41:27] ep    55 z=-2.32 rew=-30.7620 tilt= 36.8 hold=166(min 109) k=[0.0091 0.0108 0.0074 0.0015 0.0005 0.0073 0.0023 0.0021] upd=150 anchors=2/8 buf=263560 ep/s= 0.05 dr[0]=0.938,0.010,0.025 eta=4:43:19
[13:41:50] ep    56 z=-3.13 rew=-35.8358 tilt= 33.7 hold=174(min 143) k=[0.0091 0.0108 0.0074 0.0015 0.0005 0.0073 0.0023 0.0021] upd=150 anchors=0/8 buf=268352 ep/s= 0.05 dr[0]=0.901,0.011,0.025 eta=4:42:56
[13:42:01] ep    57 z=-2.74 rew=-27.5041 tilt= 20.2 hold=156(min 140) k=[0.0091 0.0108 0.0074 0.0015 0.0005 0.0073 0.0023 0.0021] upd=150 anchors=5/8 buf=273144 ep/s= 0.06 dr[0]=0.869,0.010,0.022 eta=4:42:45
[13:42:19] ep    58 z=-3.14 rew=-34.1484 tilt= 29.5 hold=168(min 143) k=[0.0091 0.0108 0.0074 0.0015 0.0005 0.0073 0.0023 0.0021] upd=150 anchors=2/8 buf=277936 ep/s= 0.06 dr[0]=0.864,0.009,0.023 eta=4:42:27
[13:42:34] ep    59 z=-3.29 rew=-35.4301 tilt= 30.4 hold=161(min 129) k=[0.0091 0.0108 0.0074 0.0015 0.0005 0.0073 0.0023 0.0021] upd=150 anchors=3/8 buf=282728 ep/s= 0.06 dr[0]=0.909,0.010,0.025 eta=4:42:12
[13:42:50] ep    60 z=-4.08 rew=-40.9419 tilt= 46.5 hold=172(min 144) k=[0.0091 0.0108 0.0074 0.0015 0.0005 0.0073 0.0023 0.0021] upd=150 anchors=3/8 buf=287520 ep/s= 0.06 dr[0]=0.910,0.010,0.024 eta=4:41:56
[13:43:01] ep    61 z=-0.82 rew=-23.5143 tilt= 20.5 hold=171(min 144) k=[0.0108 0.0074 0.0015 0.0005 0.0073 0.0023 0.0021 0.0044] upd=150 anchors=5/8 buf=292312 ep/s= 0.06 dr[0]=1.097,0.011,0.023 eta=4:41:45
[13:43:14] ep    62 z=-1.53 rew=-23.5073 tilt= 22.6 hold=153(min 142) k=[0.0108 0.0074 0.0015 0.0005 0.0073 0.0023 0.0021 0.0044] upd=150 anchors=4/8 buf=297104 ep/s= 0.06 dr[0]=1.040,0.010,0.023 eta=4:41:32
[13:43:29] ep    63 z=-4.83 rew=-37.7796 tilt= 24.5 hold=144(min 130) k=[0.0108 0.0074 0.0015 0.0005 0.0073 0.0023 0.0021 0.0044] upd=150 anchors=3/8 buf=301896 ep/s= 0.06 dr[0]=1.085,0.009,0.025 eta=4:41:17
[13:43:47] ep    64 z=-5.57 rew=-42.7030 tilt= 46.6 hold=158(min 134) k=[0.0108 0.0074 0.0015 0.0005 0.0073 0.0023 0.0021 0.0044] upd=150 anchors=2/8 buf=306688 ep/s= 0.06 dr[0]=0.879,0.011,0.028 eta=4:40:59
[13:44:05] ep    65 z=-4.75 rew=-40.7222 tilt= 30.0 hold=162(min 142) k=[0.0108 0.0074 0.0015 0.0005 0.0073 0.0023 0.0021 0.0044] upd=150 anchors=2/8 buf=311480 ep/s= 0.06 dr[0]=0.861,0.010,0.027 eta=4:40:41
[13:44:20] ep    66 z=-5.71 rew=-44.4655 tilt= 37.6 hold=153(min 137) k=[0.0108 0.0074 0.0015 0.0005 0.0073 0.0023 0.0021 0.0044] upd=150 anchors=3/8 buf=316272 ep/s= 0.06 dr[0]=1.117,0.010,0.027 eta=4:40:26
[13:44:38] ep    67 z=-6.04 rew=-47.2377 tilt= 37.2 hold=167(min 138) k=[0.0108 0.0074 0.0015 0.0005 0.0073 0.0023 0.0021 0.0044] upd=150 anchors=2/8 buf=321064 ep/s= 0.06 dr[0]=0.916,0.010,0.024 eta=4:40:08
[13:44:51] ep    68 z=-4.14 rew=-37.0835 tilt= 29.0 hold=167(min 138) k=[0.0108 0.0074 0.0015 0.0005 0.0073 0.0023 0.0021 0.0044] upd=150 anchors=4/8 buf=325856 ep/s= 0.06 dr[0]=0.882,0.010,0.027 eta=4:39:55
[13:45:12] ep    69 z=-5.31 rew=-44.0314 tilt= 37.4 hold=169(min 138) k=[0.0108 0.0074 0.0015 0.0005 0.0073 0.0023 0.0021 0.0044] upd=150 anchors=1/8 buf=330648 ep/s= 0.06 dr[0]=0.900,0.011,0.028 eta=4:39:34
[13:45:30] ep    70 z=-5.73 rew=-43.7019 tilt= 45.5 hold=160(min 141) k=[0.0108 0.0074 0.0015 0.0005 0.0073 0.0023 0.0021 0.0044] upd=150 anchors=2/8 buf=335440 ep/s= 0.06 dr[0]=1.052,0.009,0.024 eta=4:39:16
[13:45:48] ep    71 z=-4.05 rew=-36.6586 tilt= 31.8 hold=169(min 152) k=[0.0108 0.0074 0.0015 0.0005 0.0073 0.0023 0.0021 0.0044] upd=150 anchors=2/8 buf=340232 ep/s= 0.06 dr[0]=0.961,0.011,0.023 eta=4:38:58
[13:46:01] ep    72 z=-2.33 rew=-28.1431 tilt= 20.6 hold=168(min 148) k=[0.0108 0.0074 0.0015 0.0005 0.0073 0.0023 0.0021 0.0044] upd=150 anchors=4/8 buf=345024 ep/s= 0.06 dr[0]=1.022,0.011,0.027 eta=4:38:45
[13:46:21] ep    73 z=-5.55 rew=-44.1045 tilt= 32.0 hold=172(min 138) k=[0.0108 0.0074 0.0015 0.0005 0.0073 0.0023 0.0021 0.0044] upd=150 anchors=1/8 buf=349816 ep/s= 0.06 dr[0]=1.094,0.010,0.026 eta=4:38:25
[13:46:37] ep    74 z=-2.69 rew=-30.9878 tilt= 37.8 hold=174(min 136) k=[0.0108 0.0074 0.0015 0.0005 0.0073 0.0023 0.0021 0.0044] upd=150 anchors=3/8 buf=354608 ep/s= 0.06 dr[0]=0.891,0.009,0.030 eta=4:38:09
[13:46:52] ep    75 z=-3.06 rew=-31.8059 tilt= 24.1 hold=164(min 142) k=[0.0108 0.0074 0.0015 0.0005 0.0073 0.0023 0.0021 0.0044] upd=150 anchors=3/8 buf=359400 ep/s= 0.06 dr[0]=1.130,0.010,0.029 eta=4:37:54
[13:47:10] ep    76 z=-5.02 rew=-40.5364 tilt= 41.0 hold=164(min 143) k=[0.0108 0.0074 0.0015 0.0005 0.0073 0.0023 0.0021 0.0044] upd=150 anchors=2/8 buf=364192 ep/s= 0.06 dr[0]=1.005,0.009,0.023 eta=4:37:36
[13:47:28] ep    77 z=-5.44 rew=-45.6579 tilt= 47.3 hold=186(min 141) k=[0.0108 0.0074 0.0015 0.0005 0.0073 0.0023 0.0021 0.0044] upd=150 anchors=2/8 buf=368984 ep/s= 0.06 dr[0]=0.935,0.009,0.029 eta=4:37:18
[13:47:41] ep    78 z=-3.42 rew=-33.5513 tilt= 26.1 hold=167(min 143) k=[0.0108 0.0074 0.0015 0.0005 0.0073 0.0023 0.0021 0.0044] upd=150 anchors=4/8 buf=373776 ep/s= 0.06 dr[0]=1.109,0.010,0.029 eta=4:37:05
[13:47:59] ep    79 z=-5.96 rew=-49.0000 tilt= 46.5 hold=181(min 151) k=[0.0108 0.0074 0.0015 0.0005 0.0073 0.0023 0.0021 0.0044] upd=150 anchors=2/8 buf=378568 ep/s= 0.06 dr[0]=1.044,0.009,0.023 eta=4:36:47
[13:48:12] ep    80 z=-3.72 rew=-34.3269 tilt= 27.2 hold=174(min 158) k=[0.0108 0.0074 0.0015 0.0005 0.0073 0.0023 0.0021 0.0044] upd=150 anchors=4/8 buf=383360 ep/s= 0.06 dr[0]=1.136,0.010,0.025 eta=4:36:33
[13:48:28] ep    81 z=-3.66 rew=-37.4230 tilt= 39.1 hold=206(min 159) k=[0.0074 0.0015 0.0005 0.0073 0.0023 0.0021 0.0044 0.0107] upd=150 anchors=3/8 buf=388152 ep/s= 0.06 dr[0]=1.090,0.011,0.027 eta=4:36:18
[13:48:46] ep    82 z=-3.08 rew=-34.8122 tilt= 37.1 hold=190(min 154) k=[0.0074 0.0015 0.0005 0.0073 0.0023 0.0021 0.0044 0.0107] upd=150 anchors=2/8 buf=392944 ep/s= 0.06 dr[0]=1.071,0.011,0.022 eta=4:36:00
[13:49:04] ep    83 z=-3.38 rew=-34.9745 tilt= 51.7 hold=183(min 155) k=[0.0074 0.0015 0.0005 0.0073 0.0023 0.0021 0.0044 0.0107] upd=150 anchors=2/8 buf=397736 ep/s= 0.06 dr[0]=0.892,0.011,0.026 eta=4:35:42
[13:49:22] ep    84 z=-2.32 rew=-27.8637 tilt= 21.1 hold=168(min 148) k=[0.0074 0.0015 0.0005 0.0073 0.0023 0.0021 0.0044 0.0107] upd=150 anchors=2/8 buf=402528 ep/s= 0.06 dr[0]=1.010,0.011,0.026 eta=4:35:24
[13:49:35] ep    85 z=-1.98 rew=-24.3259 tilt= 20.4 hold=170(min 154) k=[0.0074 0.0015 0.0005 0.0073 0.0023 0.0021 0.0044 0.0107] upd=150 anchors=4/8 buf=407320 ep/s= 0.06 dr[0]=0.969,0.009,0.025 eta=4:35:11
[13:49:55] ep    86 z=-2.35 rew=-27.0132 tilt= 25.9 hold=164(min 139) k=[0.0074 0.0015 0.0005 0.0073 0.0023 0.0021 0.0044 0.0107] upd=150 anchors=1/8 buf=412112 ep/s= 0.06 dr[0]=0.874,0.011,0.024 eta=4:34:51
[13:50:11] ep    87 z=-2.15 rew=-26.6380 tilt= 26.3 hold=172(min 150) k=[0.0074 0.0015 0.0005 0.0073 0.0023 0.0021 0.0044 0.0107] upd=150 anchors=3/8 buf=416904 ep/s= 0.06 dr[0]=0.950,0.009,0.025 eta=4:34:35
[13:50:34] ep    88 z=-3.66 rew=-35.3220 tilt= 37.0 hold=164(min 155) k=[0.0074 0.0015 0.0005 0.0073 0.0023 0.0021 0.0044 0.0107] upd=150 anchors=0/8 buf=421696 ep/s= 0.06 dr[0]=0.865,0.010,0.024 eta=4:34:12
[13:50:50] ep    89 z=-1.70 rew=-23.6686 tilt= 20.7 hold=169(min 154) k=[0.0074 0.0015 0.0005 0.0073 0.0023 0.0021 0.0044 0.0107] upd=150 anchors=3/8 buf=426488 ep/s= 0.06 dr[0]=1.122,0.010,0.028 eta=4:33:56
[13:51:11] ep    90 z=-2.09 rew=-25.0403 tilt= 28.7 hold=166(min 138) k=[0.0074 0.0015 0.0005 0.0073 0.0023 0.0021 0.0044 0.0107] upd=150 anchors=1/8 buf=431280 ep/s= 0.06 dr[0]=1.101,0.011,0.030 eta=4:33:35
[13:51:31] ep    91 z=-4.01 rew=-36.3985 tilt= 33.1 hold=165(min 147) k=[0.0074 0.0015 0.0005 0.0073 0.0023 0.0021 0.0044 0.0107] upd=150 anchors=1/8 buf=436072 ep/s= 0.06 dr[0]=1.109,0.009,0.024 eta=4:33:15
[13:51:49] ep    92 z=-4.63 rew=-39.2564 tilt= 35.0 hold=161(min 139) k=[0.0074 0.0015 0.0005 0.0073 0.0023 0.0021 0.0044 0.0107] upd=150 anchors=2/8 buf=440864 ep/s= 0.06 dr[0]=1.032,0.009,0.025 eta=4:32:56
[13:52:05] ep    93 z=-3.89 rew=-35.5992 tilt= 30.2 hold=153(min 140) k=[0.0074 0.0015 0.0005 0.0073 0.0023 0.0021 0.0044 0.0107] upd=150 anchors=3/8 buf=445656 ep/s= 0.06 dr[0]=0.911,0.009,0.026 eta=4:32:41
[13:52:21] ep    94 z=-2.57 rew=-26.8849 tilt= 25.0 hold=153(min 142) k=[0.0074 0.0015 0.0005 0.0073 0.0023 0.0021 0.0044 0.0107] upd=150 anchors=3/8 buf=450448 ep/s= 0.06 dr[0]=0.894,0.011,0.023 eta=4:32:25
[13:52:39] ep    95 z=-2.13 rew=-25.9875 tilt= 25.9 hold=157(min 140) k=[0.0074 0.0015 0.0005 0.0073 0.0023 0.0021 0.0044 0.0107] upd=150 anchors=2/8 buf=455240 ep/s= 0.06 dr[0]=1.010,0.010,0.024 eta=4:32:06
[13:52:55] ep    96 z=-4.08 rew=-36.3443 tilt= 31.1 hold=155(min 141) k=[0.0074 0.0015 0.0005 0.0073 0.0023 0.0021 0.0044 0.0107] upd=150 anchors=3/8 buf=460032 ep/s= 0.06 dr[0]=1.086,0.011,0.029 eta=4:31:51
[13:53:10] ep    97 z=-1.74 rew=-22.6024 tilt= 15.9 hold=152(min 141) k=[0.0074 0.0015 0.0005 0.0073 0.0023 0.0021 0.0044 0.0107] upd=150 anchors=3/8 buf=464824 ep/s= 0.06 dr[0]=1.081,0.010,0.029 eta=4:31:36
[13:53:26] ep    98 z=-2.53 rew=-28.2377 tilt= 34.2 hold=156(min 141) k=[0.0074 0.0015 0.0005 0.0073 0.0023 0.0021 0.0044 0.0107] upd=150 anchors=3/8 buf=469616 ep/s= 0.06 dr[0]=0.923,0.009,0.028 eta=4:31:20
[13:53:41] ep    99 z=-4.00 rew=-35.0088 tilt= 30.6 hold=149(min 139) k=[0.0074 0.0015 0.0005 0.0073 0.0023 0.0021 0.0044 0.0107] upd=150 anchors=3/8 buf=474408 ep/s= 0.06 dr[0]=0.967,0.010,0.027 eta=4:31:05
[13:53:57] ep   100 z=-3.42 rew=-33.4129 tilt= 33.3 hold=153(min 138) k=[0.0074 0.0015 0.0005 0.0073 0.0023 0.0021 0.0044 0.0107] upd=150 anchors=3/8 buf=479200 ep/s= 0.06 dr[0]=0.929,0.009,0.024 eta=4:30:49
[13:54:22] EVAL ep   100: truth 0/4  net 0/4
[13:54:42] ep   101 z=-5.04 rew=-41.4390 tilt= 40.4 hold=147(min 128) k=[0.0015 0.0005 0.0073 0.0023 0.0021 0.0044 0.0107 0.0121] upd=150 anchors=1/8 buf=483992 ep/s= 0.06 dr[0]=1.052,0.010,0.023 eta=4:30:04
[13:55:00] ep   102 z=-5.32 rew=-44.4168 tilt= 26.8 hold=151(min 132) k=[0.0015 0.0005 0.0073 0.0023 0.0021 0.0044 0.0107 0.0121] upd=150 anchors=2/8 buf=488784 ep/s= 0.06 dr[0]=1.079,0.011,0.023 eta=4:29:46
[13:55:16] ep   103 z=-5.19 rew=-42.7635 tilt= 34.5 hold=148(min 131) k=[0.0015 0.0005 0.0073 0.0023 0.0021 0.0044 0.0107 0.0121] upd=150 anchors=3/8 buf=493576 ep/s= 0.06 dr[0]=1.017,0.011,0.022 eta=4:29:30
[13:55:34] ep   104 z=-5.29 rew=-42.2394 tilt= 38.2 hold=146(min 134) k=[0.0015 0.0005 0.0073 0.0023 0.0021 0.0044 0.0107 0.0121] upd=150 anchors=2/8 buf=498368 ep/s= 0.06 dr[0]=0.855,0.011,0.028 eta=4:29:12
[13:55:54] ep   105 z=-6.77 rew=-51.8653 tilt= 46.6 hold=149(min 133) k=[0.0015 0.0005 0.0073 0.0023 0.0021 0.0044 0.0107 0.0121] upd=150 anchors=1/8 buf=503160 ep/s= 0.06 dr[0]=0.947,0.010,0.029 eta=4:28:52
[13:56:10] ep   106 z=-7.82 rew=-57.7358 tilt= 56.3 hold=147(min 130) k=[0.0015 0.0005 0.0073 0.0023 0.0021 0.0044 0.0107 0.0121] upd=150 anchors=3/8 buf=507952 ep/s= 0.06 dr[0]=0.983,0.011,0.029 eta=4:28:36
[13:56:27] ep   107 z=-7.82 rew=-55.7307 tilt= 41.8 hold=148(min 134) k=[0.0015 0.0005 0.0073 0.0023 0.0021 0.0044 0.0107 0.0121] upd=150 anchors=3/8 buf=512744 ep/s= 0.06 dr[0]=1.036,0.009,0.026 eta=4:28:19
[13:56:47] ep   108 z=-8.21 rew=-58.0139 tilt= 48.1 hold=150(min 130) k=[0.0015 0.0005 0.0073 0.0023 0.0021 0.0044 0.0107 0.0121] upd=150 anchors=2/8 buf=517536 ep/s= 0.06 dr[0]=1.137,0.011,0.026 eta=4:27:59
[13:57:03] ep   109 z=-9.15 rew=-61.2157 tilt= 41.9 hold=143(min 129) k=[0.0015 0.0005 0.0073 0.0023 0.0021 0.0044 0.0107 0.0121] upd=150 anchors=3/8 buf=522328 ep/s= 0.06 dr[0]=0.859,0.011,0.027 eta=4:27:42
