[02:58:14] run=robust_v3 warm_start=shutdown_real_7_4 device=cuda train_freq=200 dps=1000.0 lam_max0=0.6 ramp=200 ep_len=600
[02:58:15] warm start from /home/liiil/Downloads/gym-pybullet-drones/gym_pybullet_drones/model/shutdown_real_7_4
[02:58:35] EVAL ep     0 lam=0.00: held 4/4  z_med 3.80  att_med 27.4
[02:58:35] EVAL ep     0 lam=0.50: held 0/4  z_med -7.74  att_med 44.4
[02:58:35] EVAL ep     0 lam=1.00: held 0/4  z_med -37.17  att_med 68.2
[02:58:40] ep     1 lam<=0.60 rew= -71.87 att=379.1deg buf=4800 ep/s= 0.04 eta=2:29:35
[02:58:49] ep     2 lam<=0.60 rew= -81.63 att=423.4deg buf=9600 ep/s= 0.06 eta=2:29:26
[02:59:00] ep     3 lam<=0.60 rew= -51.08 att=320.4deg buf=14400 ep/s= 0.07 eta=2:29:15
[02:59:10] ep     4 lam<=0.61 rew= -23.05 att=236.7deg buf=19200 ep/s= 0.07 eta=2:29:05
[02:59:21] ep     5 lam<=0.61 rew= -46.00 att=386.4deg buf=24000 ep/s= 0.08 eta=2:28:54
[02:59:31] ep     6 lam<=0.61 rew= -48.98 att=420.7deg buf=28800 ep/s= 0.08 eta=2:28:44
[02:59:42] ep     7 lam<=0.61 rew= -50.87 att=482.4deg buf=33600 ep/s= 0.08 eta=2:28:33
[02:59:53] ep     8 lam<=0.61 rew= -48.09 att=435.7deg buf=38400 ep/s= 0.08 eta=2:28:23
[03:00:03] ep     9 lam<=0.62 rew= -29.75 att=287.9deg buf=43200 ep/s= 0.08 eta=2:28:12
[03:00:14] ep    10 lam<=0.62 rew= -28.66 att=244.8deg buf=48000 ep/s= 0.08 eta=2:28:01
[03:00:24] ep    11 lam<=0.62 rew= -19.00 att=231.1deg buf=52800 ep/s= 0.09 eta=2:27:51
[03:00:35] ep    12 lam<=0.62 rew= -22.68 att=223.4deg buf=57600 ep/s= 0.09 eta=2:27:40
[03:00:46] ep    13 lam<=0.62 rew= -24.64 att=232.7deg buf=62400 ep/s= 0.09 eta=2:27:29
[03:00:56] ep    14 lam<=0.63 rew= -27.32 att=277.7deg buf=67200 ep/s= 0.09 eta=2:27:19
[03:01:07] ep    15 lam<=0.63 rew= -33.29 att=332.8deg buf=72000 ep/s= 0.09 eta=2:27:08
[03:01:18] ep    16 lam<=0.63 rew= -34.70 att=343.0deg buf=76800 ep/s= 0.09 eta=2:26:57
[03:01:28] ep    17 lam<=0.63 rew= -34.12 att=336.8deg buf=81600 ep/s= 0.09 eta=2:26:47
[03:01:39] ep    18 lam<=0.63 rew= -37.30 att=374.1deg buf=86400 ep/s= 0.09 eta=2:26:36
[03:01:49] ep    19 lam<=0.64 rew= -33.48 att=337.7deg buf=91200 ep/s= 0.09 eta=2:26:26
[03:02:00] ep    20 lam<=0.64 rew= -22.78 att=230.5deg buf=96000 ep/s= 0.09 eta=2:26:15
[03:02:11] ep    21 lam<=0.64 rew= -21.05 att=227.5deg buf=100800 ep/s= 0.09 eta=2:26:05
[03:02:21] ep    22 lam<=0.64 rew= -26.20 att=277.7deg buf=105600 ep/s= 0.09 eta=2:25:54
[03:02:32] ep    23 lam<=0.64 rew= -20.25 att=265.0deg buf=110400 ep/s= 0.09 eta=2:25:43
[03:02:42] ep    24 lam<=0.65 rew= -19.68 att=234.6deg buf=115200 ep/s= 0.09 eta=2:25:33
[03:02:53] ep    25 lam<=0.65 rew= -20.84 att=235.6deg buf=120000 ep/s= 0.09 eta=2:25:22
[03:03:03] ep    26 lam<=0.65 rew= -20.13 att=213.8deg buf=124800 ep/s= 0.09 eta=2:25:12
[03:03:14] ep    27 lam<=0.65 rew= -20.15 att=227.0deg buf=129600 ep/s= 0.09 eta=2:25:01
[03:03:25] ep    28 lam<=0.65 rew= -20.63 att=238.8deg buf=134400 ep/s= 0.09 eta=2:24:50
[03:03:36] ep    29 lam<=0.66 rew= -18.14 att=222.3deg buf=139200 ep/s= 0.09 eta=2:24:40
[03:03:46] ep    30 lam<=0.66 rew= -20.06 att=238.4deg buf=144000 ep/s= 0.09 eta=2:24:29
[03:03:57] ep    31 lam<=0.66 rew= -17.95 att=238.3deg buf=148800 ep/s= 0.09 eta=2:24:18
[03:04:07] ep    32 lam<=0.66 rew= -18.31 att=252.9deg buf=153600 ep/s= 0.09 eta=2:24:08
[03:04:18] ep    33 lam<=0.66 rew= -19.41 att=237.1deg buf=158400 ep/s= 0.09 eta=2:23:57
[03:04:29] ep    34 lam<=0.67 rew= -18.06 att=225.7deg buf=163200 ep/s= 0.09 eta=2:23:46
[03:04:39] ep    35 lam<=0.67 rew= -17.61 att=232.2deg buf=168000 ep/s= 0.09 eta=2:23:36
[03:04:49] ep    36 lam<=0.67 rew= -18.54 att=234.7deg buf=172800 ep/s= 0.09 eta=2:23:26
[03:05:00] ep    37 lam<=0.67 rew= -17.13 att=218.2deg buf=177600 ep/s= 0.09 eta=2:23:15
[03:05:10] ep    38 lam<=0.67 rew= -17.27 att=220.8deg buf=182400 ep/s= 0.09 eta=2:23:05
[03:05:20] ep    39 lam<=0.68 rew= -17.15 att=212.5deg buf=187200 ep/s= 0.09 eta=2:22:55
[03:05:31] ep    40 lam<=0.68 rew= -17.32 att=220.7deg buf=192000 ep/s= 0.09 eta=2:22:44
[03:05:41] ep    41 lam<=0.68 rew= -18.16 att=227.8deg buf=196800 ep/s= 0.09 eta=2:22:34
[03:05:52] ep    42 lam<=0.68 rew= -17.29 att=232.9deg buf=201600 ep/s= 0.09 eta=2:22:23
[03:06:02] ep    43 lam<=0.68 rew= -18.85 att=239.8deg buf=206400 ep/s= 0.09 eta=2:22:13
[03:06:12] ep    44 lam<=0.69 rew= -17.38 att=227.1deg buf=211200 ep/s= 0.09 eta=2:22:03
[03:06:23] ep    45 lam<=0.69 rew= -18.55 att=228.2deg buf=216000 ep/s= 0.09 eta=2:21:52
[03:06:33] ep    46 lam<=0.69 rew= -16.76 att=227.1deg buf=220800 ep/s= 0.09 eta=2:21:42
[03:06:44] ep    47 lam<=0.69 rew= -18.35 att=238.5deg buf=225600 ep/s= 0.09 eta=2:21:31
[03:06:55] ep    48 lam<=0.69 rew= -16.63 att=228.3deg buf=230400 ep/s= 0.09 eta=2:21:21
[03:07:05] ep    49 lam<=0.70 rew= -17.71 att=241.4deg buf=235200 ep/s= 0.09 eta=2:21:10
[03:07:15] ep    50 lam<=0.70 rew= -15.60 att=234.9deg buf=240000 ep/s= 0.09 eta=2:21:00
[03:07:26] ep    51 lam<=0.70 rew= -16.71 att=239.0deg buf=244800 ep/s= 0.09 eta=2:20:50
[03:07:36] ep    52 lam<=0.70 rew= -16.71 att=238.3deg buf=249600 ep/s= 0.09 eta=2:20:39
[03:07:47] ep    53 lam<=0.70 rew= -17.25 att=248.3deg buf=254400 ep/s= 0.09 eta=2:20:28
[03:07:57] ep    54 lam<=0.71 rew= -16.75 att=244.1deg buf=259200 ep/s= 0.09 eta=2:20:18
[03:08:08] ep    55 lam<=0.71 rew= -16.03 att=231.9deg buf=264000 ep/s= 0.09 eta=2:20:07
[03:08:19] ep    56 lam<=0.71 rew= -17.28 att=244.7deg buf=268800 ep/s= 0.09 eta=2:19:57
[03:08:29] ep    57 lam<=0.71 rew= -15.02 att=232.7deg buf=273600 ep/s= 0.09 eta=2:19:46
[03:08:39] ep    58 lam<=0.71 rew= -15.71 att=228.1deg buf=278400 ep/s= 0.09 eta=2:19:36
[03:08:50] ep    59 lam<=0.72 rew= -18.19 att=227.6deg buf=283200 ep/s= 0.09 eta=2:19:25
[03:09:01] ep    60 lam<=0.72 rew= -16.48 att=233.6deg buf=288000 ep/s= 0.09 eta=2:19:14
[03:09:11] ep    61 lam<=0.72 rew= -14.70 att=228.7deg buf=292800 ep/s= 0.09 eta=2:19:04
[03:09:22] ep    62 lam<=0.72 rew= -15.11 att=237.4deg buf=297600 ep/s= 0.09 eta=2:18:53
[03:09:33] ep    63 lam<=0.72 rew= -14.64 att=229.7deg buf=302400 ep/s= 0.09 eta=2:18:42
[03:09:44] ep    64 lam<=0.73 rew= -15.45 att=230.7deg buf=307200 ep/s= 0.09 eta=2:18:31
[03:09:55] ep    65 lam<=0.73 rew= -16.73 att=239.0deg buf=312000 ep/s= 0.09 eta=2:18:20
[03:10:05] ep    66 lam<=0.73 rew= -16.59 att=230.4deg buf=316800 ep/s= 0.09 eta=2:18:10
[03:10:16] ep    67 lam<=0.73 rew= -15.58 att=231.9deg buf=321600 ep/s= 0.09 eta=2:17:59
[03:10:27] ep    68 lam<=0.73 rew= -15.97 att=226.3deg buf=326400 ep/s= 0.09 eta=2:17:48
[03:10:38] ep    69 lam<=0.74 rew= -14.40 att=228.4deg buf=331200 ep/s= 0.09 eta=2:17:37
[03:10:49] ep    70 lam<=0.74 rew= -14.90 att=224.8deg buf=336000 ep/s= 0.09 eta=2:17:26
[03:11:00] ep    71 lam<=0.74 rew= -16.28 att=229.8deg buf=340800 ep/s= 0.09 eta=2:17:15
[03:11:11] ep    72 lam<=0.74 rew= -16.02 att=221.1deg buf=345600 ep/s= 0.09 eta=2:17:04
[03:11:22] ep    73 lam<=0.74 rew= -15.46 att=239.1deg buf=350400 ep/s= 0.09 eta=2:16:53
[03:11:33] ep    74 lam<=0.75 rew= -14.55 att=233.2deg buf=355200 ep/s= 0.09 eta=2:16:42
[03:11:44] ep    75 lam<=0.75 rew= -15.71 att=221.7deg buf=360000 ep/s= 0.09 eta=2:16:31
[03:11:55] ep    76 lam<=0.75 rew= -15.33 att=224.7deg buf=364800 ep/s= 0.09 eta=2:16:20
[03:12:06] ep    77 lam<=0.75 rew= -15.11 att=236.4deg buf=369600 ep/s= 0.09 eta=2:16:09
[03:12:17] ep    78 lam<=0.75 rew= -14.90 att=233.4deg buf=374400 ep/s= 0.09 eta=2:15:58
[03:12:27] ep    79 lam<=0.76 rew= -15.42 att=236.8deg buf=379200 ep/s= 0.09 eta=2:15:48
[03:12:39] ep    80 lam<=0.76 rew= -16.77 att=226.0deg buf=384000 ep/s= 0.09 eta=2:15:37
[03:12:49] ep    81 lam<=0.76 rew= -13.72 att=227.4deg buf=388800 ep/s= 0.09 eta=2:15:26
[03:13:00] ep    82 lam<=0.76 rew= -15.58 att=238.4deg buf=393600 ep/s= 0.09 eta=2:15:15
[03:13:11] ep    83 lam<=0.76 rew= -17.55 att=216.1deg buf=398400 ep/s= 0.09 eta=2:15:04
[03:13:22] ep    84 lam<=0.77 rew= -14.46 att=228.2deg buf=403200 ep/s= 0.09 eta=2:14:54
[03:13:32] ep    85 lam<=0.77 rew= -14.53 att=221.9deg buf=408000 ep/s= 0.09 eta=2:14:43
[03:13:43] ep    86 lam<=0.77 rew= -17.41 att=238.0deg buf=412800 ep/s= 0.09 eta=2:14:32
[03:13:54] ep    87 lam<=0.77 rew= -16.18 att=230.5deg buf=417600 ep/s= 0.09 eta=2:14:21
[03:14:05] ep    88 lam<=0.77 rew= -16.31 att=225.4deg buf=422400 ep/s= 0.09 eta=2:14:10
[03:14:16] ep    89 lam<=0.78 rew= -15.36 att=230.9deg buf=427200 ep/s= 0.09 eta=2:13:59
[03:14:26] ep    90 lam<=0.78 rew= -16.22 att=229.8deg buf=432000 ep/s= 0.09 eta=2:13:49
[03:14:37] ep    91 lam<=0.78 rew= -15.26 att=232.9deg buf=436800 ep/s= 0.09 eta=2:13:38
[03:14:48] ep    92 lam<=0.78 rew= -14.43 att=226.3deg buf=441600 ep/s= 0.09 eta=2:13:27
[03:14:59] ep    93 lam<=0.78 rew= -20.75 att=233.9deg buf=446400 ep/s= 0.09 eta=2:13:16
[03:15:10] ep    94 lam<=0.79 rew= -14.52 att=224.8deg buf=451200 ep/s= 0.09 eta=2:13:05
[03:15:21] ep    95 lam<=0.79 rew= -16.40 att=232.3deg buf=456000 ep/s= 0.09 eta=2:12:54
[03:15:32] ep    96 lam<=0.79 rew= -17.49 att=229.6deg buf=460800 ep/s= 0.09 eta=2:12:43
[03:15:43] ep    97 lam<=0.79 rew= -15.71 att=229.8deg buf=465600 ep/s= 0.09 eta=2:12:32
[03:15:53] ep    98 lam<=0.79 rew= -14.15 att=229.0deg buf=470400 ep/s= 0.09 eta=2:12:22
[03:16:04] ep    99 lam<=0.80 rew= -15.90 att=235.9deg buf=475200 ep/s= 0.09 eta=2:12:11
[03:16:14] ep   100 lam<=0.80 rew= -15.16 att=232.9deg buf=480000 ep/s= 0.09 eta=2:12:01
[03:16:25] ep   101 lam<=0.80 rew= -16.08 att=232.8deg buf=484800 ep/s= 0.09 eta=2:11:50
[03:16:36] ep   102 lam<=0.80 rew= -16.53 att=227.4deg buf=489600 ep/s= 0.09 eta=2:11:39
[03:16:47] ep   103 lam<=0.80 rew= -19.29 att=239.4deg buf=494400 ep/s= 0.09 eta=2:11:28
[03:16:58] ep   104 lam<=0.81 rew= -18.54 att=224.4deg buf=499200 ep/s= 0.09 eta=2:11:17
[03:17:09] ep   105 lam<=0.81 rew= -16.95 att=238.4deg buf=504000 ep/s= 0.09 eta=2:11:06
[03:17:20] ep   106 lam<=0.81 rew= -16.09 att=230.9deg buf=508800 ep/s= 0.09 eta=2:10:55
[03:17:30] ep   107 lam<=0.81 rew= -16.58 att=219.8deg buf=513600 ep/s= 0.09 eta=2:10:45
[03:17:41] ep   108 lam<=0.81 rew= -16.19 att=232.0deg buf=518400 ep/s= 0.09 eta=2:10:34
[03:17:52] ep   109 lam<=0.82 rew= -18.70 att=224.1deg buf=523200 ep/s= 0.09 eta=2:10:23
[03:18:03] ep   110 lam<=0.82 rew= -16.22 att=219.5deg buf=528000 ep/s= 0.09 eta=2:10:12
[03:18:14] ep   111 lam<=0.82 rew= -17.24 att=222.0deg buf=532800 ep/s= 0.09 eta=2:10:01
[03:18:25] ep   112 lam<=0.82 rew= -19.24 att=230.3deg buf=537600 ep/s= 0.09 eta=2:09:50
[03:18:36] ep   113 lam<=0.82 rew= -14.55 att=222.5deg buf=542400 ep/s= 0.09 eta=2:09:39
[03:18:46] ep   114 lam<=0.83 rew= -15.78 att=226.8deg buf=547200 ep/s= 0.09 eta=2:09:29
[03:18:57] ep   115 lam<=0.83 rew= -16.33 att=225.8deg buf=552000 ep/s= 0.09 eta=2:09:18
[03:19:08] ep   116 lam<=0.83 rew= -16.40 att=221.2deg buf=556800 ep/s= 0.09 eta=2:09:07
[03:19:19] ep   117 lam<=0.83 rew= -17.98 att=229.2deg buf=561600 ep/s= 0.09 eta=2:08:56
[03:19:30] ep   118 lam<=0.83 rew= -18.42 att=224.3deg buf=566400 ep/s= 0.09 eta=2:08:45
[03:19:42] ep   119 lam<=0.84 rew= -18.23 att=231.5deg buf=571200 ep/s= 0.09 eta=2:08:33
[03:19:53] ep   120 lam<=0.84 rew= -17.53 att=231.3deg buf=576000 ep/s= 0.09 eta=2:08:22
[03:20:45] EVAL ep   120 lam=0.00: held 0/4  z_med 0.12  att_med 24.8
[03:20:45] EVAL ep   120 lam=0.50: held 1/4  z_med -0.27  att_med 24.7
[03:20:45] EVAL ep   120 lam=1.00: held 1/4  z_med 0.44  att_med 23.5
[03:20:56] ep   121 lam<=0.84 rew= -15.26 att=225.6deg buf=580800 ep/s= 0.09 eta=2:07:19
[03:21:07] ep   122 lam<=0.84 rew= -16.67 att=241.1deg buf=585600 ep/s= 0.09 eta=2:07:08
[03:21:18] ep   123 lam<=0.84 rew= -17.24 att=238.4deg buf=590400 ep/s= 0.09 eta=2:06:57
[03:21:29] ep   124 lam<=0.85 rew= -17.08 att=232.2deg buf=595200 ep/s= 0.09 eta=2:06:46
[03:21:40] ep   125 lam<=0.85 rew= -16.08 att=211.7deg buf=600000 ep/s= 0.09 eta=2:06:36
[03:21:50] ep   126 lam<=0.85 rew= -16.45 att=242.3deg buf=604800 ep/s= 0.09 eta=2:06:25
[03:22:01] ep   127 lam<=0.85 rew= -16.59 att=224.7deg buf=609600 ep/s= 0.09 eta=2:06:14
[03:22:11] ep   128 lam<=0.85 rew= -16.75 att=225.5deg buf=614400 ep/s= 0.09 eta=2:06:04
[03:22:22] ep   129 lam<=0.86 rew= -17.31 att=221.1deg buf=619200 ep/s= 0.09 eta=2:05:53
[03:22:33] ep   130 lam<=0.86 rew= -18.23 att=231.4deg buf=624000 ep/s= 0.09 eta=2:05:42
[03:22:44] ep   131 lam<=0.86 rew= -15.95 att=230.7deg buf=628800 ep/s= 0.09 eta=2:05:31
[03:22:54] ep   132 lam<=0.86 rew= -16.22 att=227.1deg buf=633600 ep/s= 0.09 eta=2:05:21
[03:23:05] ep   133 lam<=0.86 rew= -15.14 att=227.4deg buf=638400 ep/s= 0.09 eta=2:05:10
[03:23:16] ep   134 lam<=0.87 rew= -16.41 att=231.5deg buf=643200 ep/s= 0.09 eta=2:04:59
[03:23:27] ep   135 lam<=0.87 rew= -16.03 att=231.2deg buf=648000 ep/s= 0.09 eta=2:04:49
[03:23:38] ep   136 lam<=0.87 rew= -16.90 att=232.3deg buf=652800 ep/s= 0.09 eta=2:04:38
[03:23:48] ep   137 lam<=0.87 rew= -16.73 att=241.5deg buf=657600 ep/s= 0.09 eta=2:04:27
[03:23:58] ep   138 lam<=0.87 rew= -14.76 att=219.9deg buf=662400 ep/s= 0.09 eta=2:04:17
[03:24:09] ep   139 lam<=0.88 rew= -19.11 att=225.1deg buf=667200 ep/s= 0.09 eta=2:04:06
[03:24:19] ep   140 lam<=0.88 rew= -15.78 att=228.1deg buf=672000 ep/s= 0.09 eta=2:03:56
[03:24:30] ep   141 lam<=0.88 rew= -16.70 att=225.2deg buf=676800 ep/s= 0.09 eta=2:03:45
[03:24:41] ep   142 lam<=0.88 rew= -16.09 att=226.6deg buf=681600 ep/s= 0.09 eta=2:03:34
[03:24:52] ep   143 lam<=0.88 rew= -18.59 att=218.7deg buf=686400 ep/s= 0.09 eta=2:03:23
[03:25:02] ep   144 lam<=0.89 rew= -17.12 att=221.0deg buf=691200 ep/s= 0.09 eta=2:03:13
