[13:57:34] run=deploy_a50 estimator=results/e2e_v12.pt warm_start=shutdown_real_7_4 device=cuda anchor=0.5 ep_len=600 envs=8
[13:58:03] identified 16+8 draws in 28s: k_med 0.007m k_range [0.001,0.013]
[13:58:25] EVAL ep 0: truth 4/4  net 0/4
[13:58:39] ep     1 z= 1.91 rew=-48.1739 tilt= 28.7 hold=510(min 129) k=[0.006  0.0105 0.0091 0.0108 0.0074 0.0015 0.0005 0.0073] upd=150 anchors=3/8 buf=4792 ep/s= 0.03 eta=0:53:24
[13:58:53] ep     2 z= 2.82 rew=-70.6205 tilt= 37.0 hold=553(min 347) k=[0.006  0.0105 0.0091 0.0108 0.0074 0.0015 0.0005 0.0073] upd=150 anchors=3/8 buf=9584 ep/s= 0.04 eta=0:53:11
[13:59:04] ep     3 z= 5.43 rew=-96.3840 tilt= 35.9 hold=509(min 312) k=[0.006  0.0105 0.0091 0.0108 0.0074 0.0015 0.0005 0.0073] upd=150 anchors=4/8 buf=14376 ep/s= 0.05 eta=0:52:59
[13:59:20] ep     4 z= 5.61 rew=-102.8016 tilt= 47.9 hold=556(min 326) k=[0.006  0.0105 0.0091 0.0108 0.0074 0.0015 0.0005 0.0073] upd=150 anchors=2/8 buf=19168 ep/s= 0.05 eta=0:52:43
[13:59:32] ep     5 z=-2.27 rew=-100.9845 tilt= 40.2 hold=412(min 283) k=[0.006  0.0105 0.0091 0.0108 0.0074 0.0015 0.0005 0.0073] upd=150 anchors=4/8 buf=23960 ep/s= 0.06 eta=0:52:31
[13:59:44] ep     6 z=-2.36 rew=-81.3938 tilt= 31.2 hold=435(min 247) k=[0.006  0.0105 0.0091 0.0108 0.0074 0.0015 0.0005 0.0073] upd=150 anchors=4/8 buf=28752 ep/s= 0.06 eta=0:52:20
[13:59:53] ep     7 z=-0.18 rew=-58.2279 tilt= 27.0 hold=487(min 284) k=[0.006  0.0105 0.0091 0.0108 0.0074 0.0015 0.0005 0.0073] upd=150 anchors=5/8 buf=33544 ep/s= 0.06 eta=0:52:10
[14:00:00] ep     8 z= 0.41 rew=-44.6888 tilt= 21.4 hold=499(min 187) k=[0.006  0.0105 0.0091 0.0108 0.0074 0.0015 0.0005 0.0073] upd=150 anchors=6/8 buf=38336 ep/s= 0.07 eta=0:52:03
[14:00:12] ep     9 z=-9.69 rew=-66.4260 tilt= 41.2 hold=149(min 136) k=[0.006  0.0105 0.0091 0.0108 0.0074 0.0015 0.0005 0.0073] upd=150 anchors=4/8 buf=43128 ep/s= 0.07 eta=0:51:51
[14:00:24] ep    10 z=-12.81 rew=-72.8814 tilt= 55.5 hold=149(min 135) k=[0.006  0.0105 0.0091 0.0108 0.0074 0.0015 0.0005 0.0073] upd=150 anchors=4/8 buf=47920 ep/s= 0.07 eta=0:51:40
[14:00:40] ep    11 z=-19.17 rew=-105.5846 tilt= 88.8 hold=141(min 126) k=[0.006  0.0105 0.0091 0.0108 0.0074 0.0015 0.0005 0.0073] upd=150 anchors=2/8 buf=52712 ep/s= 0.07 eta=0:51:24
[14:00:56] ep    12 z=-20.42 rew=-108.1595 tilt= 69.9 hold=139(min 121) k=[0.006  0.0105 0.0091 0.0108 0.0074 0.0015 0.0005 0.0073] upd=150 anchors=2/8 buf=57504 ep/s= 0.07 eta=0:51:08
[14:01:09] ep    13 z=-23.94 rew=-125.0499 tilt= 89.1 hold=133(min 123) k=[0.006  0.0105 0.0091 0.0108 0.0074 0.0015 0.0005 0.0073] upd=150 anchors=3/8 buf=62296 ep/s= 0.07 eta=0:50:54
[14:01:21] ep    14 z=-19.08 rew=-108.6645 tilt= 71.9 hold=165(min 125) k=[0.006  0.0105 0.0091 0.0108 0.0074 0.0015 0.0005 0.0073] upd=150 anchors=4/8 buf=67088 ep/s= 0.07 eta=0:50:42
[14:01:35] ep    15 z=-21.26 rew=-124.1921 tilt=101.3 hold=145(min 138) k=[0.006  0.0105 0.0091 0.0108 0.0074 0.0015 0.0005 0.0073] upd=150 anchors=3/8 buf=71880 ep/s= 0.07 eta=0:50:28
[14:01:44] ep    16 z=-16.11 rew=-104.6475 tilt= 65.3 hold=205(min 133) k=[0.006  0.0105 0.0091 0.0108 0.0074 0.0015 0.0005 0.0073] upd=150 anchors=5/8 buf=76672 ep/s= 0.07 eta=0:50:19
[14:01:56] ep    17 z=-15.77 rew=-106.2158 tilt= 86.3 hold=177(min 132) k=[0.006  0.0105 0.0091 0.0108 0.0074 0.0015 0.0005 0.0073] upd=150 anchors=4/8 buf=81464 ep/s= 0.07 eta=0:50:08
[14:02:12] ep    18 z=-16.07 rew=-108.4909 tilt= 76.2 hold=196(min 134) k=[0.006  0.0105 0.0091 0.0108 0.0074 0.0015 0.0005 0.0073] upd=150 anchors=2/8 buf=86256 ep/s= 0.07 eta=0:49:52
[14:02:21] ep    19 z=-13.99 rew=-92.7539 tilt= 71.2 hold=146(min 124) k=[0.006  0.0105 0.0091 0.0108 0.0074 0.0015 0.0005 0.0073] upd=150 anchors=5/8 buf=91048 ep/s= 0.07 eta=0:49:42
[14:02:32] ep    20 z=-16.91 rew=-100.2959 tilt= 80.5 hold=143(min 119) k=[0.006  0.0105 0.0091 0.0108 0.0074 0.0015 0.0005 0.0073] upd=150 anchors=4/8 buf=95840 ep/s= 0.07 eta=0:49:31
[14:02:42] ep    21 z=-15.42 rew=-88.0833 tilt= 80.7 hold=129(min 123) k=[0.0105 0.0091 0.0108 0.0074 0.0015 0.0005 0.0073 0.0023] upd=150 anchors=5/8 buf=100632 ep/s= 0.08 eta=0:49:22
[14:02:55] ep    22 z=-18.71 rew=-102.2728 tilt= 89.6 hold=123(min 121) k=[0.0105 0.0091 0.0108 0.0074 0.0015 0.0005 0.0073 0.0023] upd=150 anchors=3/8 buf=105424 ep/s= 0.08 eta=0:49:08
[14:03:11] ep    23 z=-18.59 rew=-102.1457 tilt= 90.0 hold=122(min 119) k=[0.0105 0.0091 0.0108 0.0074 0.0015 0.0005 0.0073 0.0023] upd=150 anchors=2/8 buf=110216 ep/s= 0.07 eta=0:48:52
[14:03:25] ep    24 z=-18.75 rew=-98.4260 tilt= 96.7 hold=121(min 119) k=[0.0105 0.0091 0.0108 0.0074 0.0015 0.0005 0.0073 0.0023] upd=150 anchors=3/8 buf=115008 ep/s= 0.07 eta=0:48:39
[14:03:40] ep    25 z=-19.79 rew=-106.2936 tilt= 97.5 hold=121(min 117) k=[0.0105 0.0091 0.0108 0.0074 0.0015 0.0005 0.0073 0.0023] upd=150 anchors=2/8 buf=119800 ep/s= 0.07 eta=0:48:23
[14:04:01] EVAL ep    25: truth 0/4  net 0/4
[14:04:13] ep    26 z=-19.01 rew=-94.8033 tilt= 77.0 hold=121(min 117) k=[0.0105 0.0091 0.0108 0.0074 0.0015 0.0005 0.0073 0.0023] upd=150 anchors=4/8 buf=124592 ep/s= 0.07 eta=0:47:50
[14:04:20] ep    27 z=-17.12 rew=-81.4520 tilt= 70.7 hold=121(min 118) k=[0.0105 0.0091 0.0108 0.0074 0.0015 0.0005 0.0073 0.0023] upd=150 anchors=6/8 buf=129384 ep/s= 0.07 eta=0:47:43
[14:04:32] ep    28 z=-18.86 rew=-93.2472 tilt= 69.5 hold=123(min 119) k=[0.0105 0.0091 0.0108 0.0074 0.0015 0.0005 0.0073 0.0023] upd=150 anchors=4/8 buf=134176 ep/s= 0.07 eta=0:47:31
[14:04:43] ep    29 z=-17.56 rew=-86.4225 tilt= 51.5 hold=126(min 122) k=[0.0105 0.0091 0.0108 0.0074 0.0015 0.0005 0.0073 0.0023] upd=150 anchors=4/8 buf=138968 ep/s= 0.07 eta=0:47:20
[14:04:57] ep    30 z=-16.98 rew=-86.6219 tilt= 51.0 hold=128(min 124) k=[0.0105 0.0091 0.0108 0.0074 0.0015 0.0005 0.0073 0.0023] upd=150 anchors=3/8 buf=143760 ep/s= 0.07 eta=0:47:06
[14:05:13] ep    31 z=-12.10 rew=-80.8258 tilt= 59.0 hold=133(min 130) k=[0.0105 0.0091 0.0108 0.0074 0.0015 0.0005 0.0073 0.0023] upd=150 anchors=2/8 buf=148552 ep/s= 0.07 eta=0:46:50
[14:05:23] ep    32 z=-11.77 rew=-69.7747 tilt= 51.4 hold=135(min 131) k=[0.0105 0.0091 0.0108 0.0074 0.0015 0.0005 0.0073 0.0023] upd=150 anchors=5/8 buf=153344 ep/s= 0.07 eta=0:46:40
[14:05:37] ep    33 z=-15.98 rew=-93.4315 tilt= 73.7 hold=137(min 134) k=[0.0105 0.0091 0.0108 0.0074 0.0015 0.0005 0.0073 0.0023] upd=150 anchors=3/8 buf=158136 ep/s= 0.07 eta=0:46:26
[14:05:47] ep    34 z=-14.81 rew=-79.1871 tilt= 60.4 hold=137(min 133) k=[0.0105 0.0091 0.0108 0.0074 0.0015 0.0005 0.0073 0.0023] upd=150 anchors=5/8 buf=162928 ep/s= 0.07 eta=0:46:16
[14:06:04] ep    35 z=-16.75 rew=-99.9468 tilt= 75.3 hold=139(min 133) k=[0.0105 0.0091 0.0108 0.0074 0.0015 0.0005 0.0073 0.0023] upd=150 anchors=2/8 buf=167720 ep/s= 0.07 eta=0:46:00
[14:06:19] ep    36 z=-14.08 rew=-82.4392 tilt= 65.3 hold=139(min 132) k=[0.0105 0.0091 0.0108 0.0074 0.0015 0.0005 0.0073 0.0023] upd=150 anchors=2/8 buf=172512 ep/s= 0.07 eta=0:45:44
[14:06:27] ep    37 z=-12.80 rew=-70.9206 tilt= 58.8 hold=142(min 133) k=[0.0105 0.0091 0.0108 0.0074 0.0015 0.0005 0.0073 0.0023] upd=150 anchors=6/8 buf=177304 ep/s= 0.07 eta=0:45:37
[14:06:43] ep    38 z=-13.85 rew=-81.3881 tilt= 60.1 hold=143(min 133) k=[0.0105 0.0091 0.0108 0.0074 0.0015 0.0005 0.0073 0.0023] upd=150 anchors=2/8 buf=182096 ep/s= 0.07 eta=0:45:20
[14:06:57] ep    39 z=-11.58 rew=-86.8123 tilt= 63.4 hold=202(min 135) k=[0.0105 0.0091 0.0108 0.0074 0.0015 0.0005 0.0073 0.0023] upd=150 anchors=3/8 buf=186888 ep/s= 0.07 eta=0:45:07
[14:07:08] ep    40 z=-11.31 rew=-72.2328 tilt= 57.7 hold=148(min 133) k=[0.0105 0.0091 0.0108 0.0074 0.0015 0.0005 0.0073 0.0023] upd=150 anchors=4/8 buf=191680 ep/s= 0.07 eta=0:44:55
[14:07:19] ep    41 z=-9.18 rew=-62.9908 tilt= 52.8 hold=145(min 134) k=[0.0091 0.0108 0.0074 0.0015 0.0005 0.0073 0.0023 0.0021] upd=150 anchors=4/8 buf=196472 ep/s= 0.07 eta=0:44:44
[14:07:29] ep    42 z=-9.98 rew=-66.8026 tilt= 57.0 hold=143(min 128) k=[0.0091 0.0108 0.0074 0.0015 0.0005 0.0073 0.0023 0.0021] upd=150 anchors=5/8 buf=201264 ep/s= 0.07 eta=0:44:34
[14:07:45] ep    43 z=-13.85 rew=-84.6302 tilt= 72.6 hold=143(min 125) k=[0.0091 0.0108 0.0074 0.0015 0.0005 0.0073 0.0023 0.0021] upd=150 anchors=2/8 buf=206056 ep/s= 0.07 eta=0:44:19
[14:07:56] ep    44 z=-11.90 rew=-76.3560 tilt= 74.0 hold=143(min 127) k=[0.0091 0.0108 0.0074 0.0015 0.0005 0.0073 0.0023 0.0021] upd=150 anchors=4/8 buf=210848 ep/s= 0.07 eta=0:44:07
[14:08:08] ep    45 z=-13.14 rew=-81.2051 tilt= 62.9 hold=139(min 111) k=[0.0091 0.0108 0.0074 0.0015 0.0005 0.0073 0.0023 0.0021] upd=150 anchors=4/8 buf=215640 ep/s= 0.07 eta=0:43:55
[14:08:17] ep    46 z=-14.37 rew=-87.5275 tilt= 82.7 hold=141(min 132) k=[0.0091 0.0108 0.0074 0.0015 0.0005 0.0073 0.0023 0.0021] upd=150 anchors=5/8 buf=220432 ep/s= 0.07 eta=0:43:46
[14:08:29] ep    47 z=-16.50 rew=-96.5902 tilt= 87.2 hold=138(min 125) k=[0.0091 0.0108 0.0074 0.0015 0.0005 0.0073 0.0023 0.0021] upd=150 anchors=4/8 buf=225224 ep/s= 0.08 eta=0:43:35
[14:08:36] ep    48 z=-14.70 rew=-86.5969 tilt= 79.4 hold=140(min 131) k=[0.0091 0.0108 0.0074 0.0015 0.0005 0.0073 0.0023 0.0021] upd=150 anchors=6/8 buf=230016 ep/s= 0.08 eta=0:43:28
[14:08:51] ep    49 z=-14.99 rew=-88.1120 tilt= 67.0 hold=135(min 106) k=[0.0091 0.0108 0.0074 0.0015 0.0005 0.0073 0.0023 0.0021] upd=150 anchors=2/8 buf=234808 ep/s= 0.08 eta=0:43:12
[14:09:03] ep    50 z=-13.16 rew=-78.5158 tilt= 67.1 hold=135(min 104) k=[0.0091 0.0108 0.0074 0.0015 0.0005 0.0073 0.0023 0.0021] upd=150 anchors=4/8 buf=239600 ep/s= 0.08 eta=0:43:00
[14:09:24] EVAL ep    50: truth 0/4  net 0/4
[14:09:34] ep    51 z=-9.60 rew=-64.4931 tilt= 50.0 hold=139(min 134) k=[0.0091 0.0108 0.0074 0.0015 0.0005 0.0073 0.0023 0.0021] upd=150 anchors=5/8 buf=244392 ep/s= 0.07 eta=0:42:30
[14:09:52] ep    52 z=-11.16 rew=-75.0910 tilt= 47.7 hold=135(min 102) k=[0.0091 0.0108 0.0074 0.0015 0.0005 0.0073 0.0023 0.0021] upd=150 anchors=1/8 buf=249184 ep/s= 0.07 eta=0:42:12
[14:10:05] ep    53 z=-7.32 rew=-53.8232 tilt= 46.2 hold=133(min 100) k=[0.0091 0.0108 0.0074 0.0015 0.0005 0.0073 0.0023 0.0021] upd=150 anchors=3/8 buf=253976 ep/s= 0.07 eta=0:41:58
[14:10:21] ep    54 z=-10.48 rew=-66.1323 tilt= 55.6 hold=137(min 125) k=[0.0091 0.0108 0.0074 0.0015 0.0005 0.0073 0.0023 0.0021] upd=150 anchors=2/8 buf=258768 ep/s= 0.07 eta=0:41:42
[14:10:35] ep    55 z=-10.01 rew=-64.1541 tilt= 52.9 hold=136(min 128) k=[0.0091 0.0108 0.0074 0.0015 0.0005 0.0073 0.0023 0.0021] upd=150 anchors=3/8 buf=263560 ep/s= 0.07 eta=0:41:28
[14:10:49] ep    56 z=-9.49 rew=-61.0005 tilt= 49.1 hold=131(min 98) k=[0.0091 0.0108 0.0074 0.0015 0.0005 0.0073 0.0023 0.0021] upd=150 anchors=3/8 buf=268352 ep/s= 0.07 eta=0:41:14
[14:11:03] ep    57 z=-7.25 rew=-51.3007 tilt= 44.3 hold=129(min 100) k=[0.0091 0.0108 0.0074 0.0015 0.0005 0.0073 0.0023 0.0021] upd=150 anchors=3/8 buf=273144 ep/s= 0.07 eta=0:41:01
[14:11:15] ep    58 z=-8.77 rew=-57.2856 tilt= 65.4 hold=128(min 99) k=[0.0091 0.0108 0.0074 0.0015 0.0005 0.0073 0.0023 0.0021] upd=150 anchors=4/8 buf=277936 ep/s= 0.07 eta=0:40:49
[14:11:26] ep    59 z=-12.65 rew=-73.2514 tilt= 77.4 hold=128(min 102) k=[0.0091 0.0108 0.0074 0.0015 0.0005 0.0073 0.0023 0.0021] upd=150 anchors=4/8 buf=282728 ep/s= 0.07 eta=0:40:37
[14:11:35] ep    60 z=-9.14 rew=-57.4408 tilt= 65.0 hold=127(min 102) k=[0.0091 0.0108 0.0074 0.0015 0.0005 0.0073 0.0023 0.0021] upd=150 anchors=5/8 buf=287520 ep/s= 0.07 eta=0:40:28
[14:11:49] ep    61 z=-13.59 rew=-77.7205 tilt= 46.4 hold=132(min 128) k=[0.0108 0.0074 0.0015 0.0005 0.0073 0.0023 0.0021 0.0044] upd=150 anchors=3/8 buf=292312 ep/s= 0.07 eta=0:40:14
[14:12:03] ep    62 z=-17.19 rew=-96.9780 tilt= 72.9 hold=131(min 129) k=[0.0108 0.0074 0.0015 0.0005 0.0073 0.0023 0.0021 0.0044] upd=150 anchors=3/8 buf=297104 ep/s= 0.07 eta=0:40:00
[14:12:17] ep    63 z=-15.17 rew=-86.5610 tilt= 61.5 hold=127(min 112) k=[0.0108 0.0074 0.0015 0.0005 0.0073 0.0023 0.0021 0.0044] upd=150 anchors=3/8 buf=301896 ep/s= 0.07 eta=0:39:47
[14:12:30] ep    64 z=-14.42 rew=-82.1951 tilt= 69.8 hold=128(min 110) k=[0.0108 0.0074 0.0015 0.0005 0.0073 0.0023 0.0021 0.0044] upd=150 anchors=3/8 buf=306688 ep/s= 0.07 eta=0:39:33
[14:12:44] ep    65 z=-13.40 rew=-78.2686 tilt= 62.7 hold=125(min 109) k=[0.0108 0.0074 0.0015 0.0005 0.0073 0.0023 0.0021 0.0044] upd=150 anchors=3/8 buf=311480 ep/s= 0.07 eta=0:39:19
[14:12:53] ep    66 z=-13.07 rew=-74.8970 tilt= 72.3 hold=129(min 126) k=[0.0108 0.0074 0.0015 0.0005 0.0073 0.0023 0.0021 0.0044] upd=150 anchors=5/8 buf=316272 ep/s= 0.07 eta=0:39:10
[14:13:05] ep    67 z=-12.00 rew=-72.5497 tilt= 64.0 hold=126(min 115) k=[0.0108 0.0074 0.0015 0.0005 0.0073 0.0023 0.0021 0.0044] upd=150 anchors=4/8 buf=321064 ep/s= 0.07 eta=0:38:58
[14:13:19] ep    68 z=-13.77 rew=-83.7934 tilt= 83.9 hold=127(min 115) k=[0.0108 0.0074 0.0015 0.0005 0.0073 0.0023 0.0021 0.0044] upd=150 anchors=3/8 buf=325856 ep/s= 0.07 eta=0:38:45
[14:13:30] ep    69 z=-14.16 rew=-84.5247 tilt= 57.9 hold=126(min 117) k=[0.0108 0.0074 0.0015 0.0005 0.0073 0.0023 0.0021 0.0044] upd=150 anchors=4/8 buf=330648 ep/s= 0.07 eta=0:38:33
[14:13:42] ep    70 z=-13.63 rew=-81.7248 tilt= 59.7 hold=129(min 125) k=[0.0108 0.0074 0.0015 0.0005 0.0073 0.0023 0.0021 0.0044] upd=150 anchors=4/8 buf=335440 ep/s= 0.07 eta=0:38:22
[14:13:51] ep    71 z=-16.64 rew=-97.7123 tilt= 76.0 hold=129(min 125) k=[0.0108 0.0074 0.0015 0.0005 0.0073 0.0023 0.0021 0.0044] upd=150 anchors=5/8 buf=340232 ep/s= 0.07 eta=0:38:12
[14:13:56] ep    72 z=-16.98 rew=-96.7921 tilt= 71.1 hold=126(min 124) k=[0.0108 0.0074 0.0015 0.0005 0.0073 0.0023 0.0021 0.0044] upd=150 anchors=7/8 buf=345024 ep/s= 0.08 eta=0:38:07
[14:14:10] ep    73 z=-18.62 rew=-108.0363 tilt= 73.3 hold=126(min 119) k=[0.0108 0.0074 0.0015 0.0005 0.0073 0.0023 0.0021 0.0044] upd=150 anchors=3/8 buf=349816 ep/s= 0.08 eta=0:37:53
[14:14:22] ep    74 z=-17.26 rew=-101.0262 tilt= 63.9 hold=129(min 124) k=[0.0108 0.0074 0.0015 0.0005 0.0073 0.0023 0.0021 0.0044] upd=150 anchors=4/8 buf=354608 ep/s= 0.08 eta=0:37:41
[14:14:34] ep    75 z=-17.74 rew=-102.9019 tilt= 80.8 hold=129(min 124) k=[0.0108 0.0074 0.0015 0.0005 0.0073 0.0023 0.0021 0.0044] upd=150 anchors=4/8 buf=359400 ep/s= 0.08 eta=0:37:30
[14:14:55] EVAL ep    75: truth 0/4  net 0/4
[14:15:12] ep    76 z=-18.81 rew=-107.5609 tilt= 82.3 hold=127(min 123) k=[0.0108 0.0074 0.0015 0.0005 0.0073 0.0023 0.0021 0.0044] upd=150 anchors=2/8 buf=364192 ep/s= 0.07 eta=0:36:51
[14:15:17] ep    77 z=-19.33 rew=-107.3938 tilt= 75.3 hold=127(min 123) k=[0.0108 0.0074 0.0015 0.0005 0.0073 0.0023 0.0021 0.0044] upd=150 anchors=7/8 buf=368984 ep/s= 0.07 eta=0:36:46
[14:15:28] ep    78 z=-21.82 rew=-122.0001 tilt= 81.7 hold=125(min 119) k=[0.0108 0.0074 0.0015 0.0005 0.0073 0.0023 0.0021 0.0044] upd=150 anchors=4/8 buf=373776 ep/s= 0.07 eta=0:36:35
[14:15:42] ep    79 z=-21.07 rew=-116.6378 tilt= 81.3 hold=126(min 125) k=[0.0108 0.0074 0.0015 0.0005 0.0073 0.0023 0.0021 0.0044] upd=150 anchors=3/8 buf=378568 ep/s= 0.07 eta=0:36:21
[14:15:51] ep    80 z=-22.11 rew=-120.3662 tilt= 66.1 hold=124(min 120) k=[0.0108 0.0074 0.0015 0.0005 0.0073 0.0023 0.0021 0.0044] upd=150 anchors=5/8 buf=383360 ep/s= 0.07 eta=0:36:12
[14:16:03] ep    81 z=-20.78 rew=-116.1566 tilt= 94.7 hold=125(min 119) k=[0.0074 0.0015 0.0005 0.0073 0.0023 0.0021 0.0044 0.0107] upd=150 anchors=4/8 buf=388152 ep/s= 0.08 eta=0:36:00
[14:16:13] ep    82 z=-21.39 rew=-117.1445 tilt= 77.4 hold=127(min 123) k=[0.0074 0.0015 0.0005 0.0073 0.0023 0.0021 0.0044 0.0107] upd=150 anchors=5/8 buf=392944 ep/s= 0.08 eta=0:35:51
[14:16:20] ep    83 z=-20.49 rew=-110.3934 tilt= 75.7 hold=126(min 123) k=[0.0074 0.0015 0.0005 0.0073 0.0023 0.0021 0.0044 0.0107] upd=150 anchors=6/8 buf=397736 ep/s= 0.08 eta=0:35:43
[14:16:25] ep    84 z=-19.23 rew=-103.6518 tilt= 75.4 hold=126(min 123) k=[0.0074 0.0015 0.0005 0.0073 0.0023 0.0021 0.0044 0.0107] upd=150 anchors=7/8 buf=402528 ep/s= 0.08 eta=0:35:38
[14:16:36] ep    85 z=-19.95 rew=-109.8958 tilt= 87.3 hold=128(min 124) k=[0.0074 0.0015 0.0005 0.0073 0.0023 0.0021 0.0044 0.0107] upd=150 anchors=4/8 buf=407320 ep/s= 0.08 eta=0:35:27
[14:16:45] ep    86 z=-18.16 rew=-97.9640 tilt= 56.2 hold=125(min 113) k=[0.0074 0.0015 0.0005 0.0073 0.0023 0.0021 0.0044 0.0107] upd=150 anchors=5/8 buf=412112 ep/s= 0.08 eta=0:35:18
[14:16:57] ep    87 z=-13.33 rew=-77.4972 tilt= 62.6 hold=126(min 123) k=[0.0074 0.0015 0.0005 0.0073 0.0023 0.0021 0.0044 0.0107] upd=150 anchors=4/8 buf=416904 ep/s= 0.08 eta=0:35:07
[14:17:08] ep    88 z=-17.10 rew=-93.7687 tilt= 72.3 hold=125(min 112) k=[0.0074 0.0015 0.0005 0.0073 0.0023 0.0021 0.0044 0.0107] upd=150 anchors=4/8 buf=421696 ep/s= 0.08 eta=0:34:55
[14:17:20] ep    89 z=-14.85 rew=-84.8242 tilt= 80.1 hold=124(min 110) k=[0.0074 0.0015 0.0005 0.0073 0.0023 0.0021 0.0044 0.0107] upd=150 anchors=4/8 buf=426488 ep/s= 0.08 eta=0:34:44
[14:17:38] ep    90 z=-15.00 rew=-90.7029 tilt= 61.6 hold=125(min 111) k=[0.0074 0.0015 0.0005 0.0073 0.0023 0.0021 0.0044 0.0107] upd=150 anchors=1/8 buf=431280 ep/s= 0.08 eta=0:34:25
[14:17:48] ep    91 z=-7.86 rew=-52.2585 tilt= 45.2 hold=126(min 121) k=[0.0074 0.0015 0.0005 0.0073 0.0023 0.0021 0.0044 0.0107] upd=150 anchors=5/8 buf=436072 ep/s= 0.08 eta=0:34:16
[14:18:02] ep    92 z=-11.99 rew=-73.8707 tilt= 73.3 hold=124(min 109) k=[0.0074 0.0015 0.0005 0.0073 0.0023 0.0021 0.0044 0.0107] upd=150 anchors=3/8 buf=440864 ep/s= 0.08 eta=0:34:02
[14:18:13] ep    93 z=-9.87 rew=-65.3139 tilt= 40.4 hold=126(min 120) k=[0.0074 0.0015 0.0005 0.0073 0.0023 0.0021 0.0044 0.0107] upd=150 anchors=4/8 buf=445656 ep/s= 0.08 eta=0:33:50
[14:18:24] ep    94 z=-8.90 rew=-58.5377 tilt= 50.6 hold=124(min 108) k=[0.0074 0.0015 0.0005 0.0073 0.0023 0.0021 0.0044 0.0107] upd=150 anchors=4/8 buf=450448 ep/s= 0.08 eta=0:33:39
[14:18:38] ep    95 z=-10.61 rew=-69.6005 tilt= 45.8 hold=128(min 123) k=[0.0074 0.0015 0.0005 0.0073 0.0023 0.0021 0.0044 0.0107] upd=150 anchors=3/8 buf=455240 ep/s= 0.08 eta=0:33:25
[14:18:50] ep    96 z=-9.27 rew=-61.2523 tilt= 48.9 hold=124(min 109) k=[0.0074 0.0015 0.0005 0.0073 0.0023 0.0021 0.0044 0.0107] upd=150 anchors=4/8 buf=460032 ep/s= 0.08 eta=0:33:13
[14:19:02] ep    97 z=-9.79 rew=-64.9306 tilt= 46.9 hold=126(min 120) k=[0.0074 0.0015 0.0005 0.0073 0.0023 0.0021 0.0044 0.0107] upd=150 anchors=4/8 buf=464824 ep/s= 0.08 eta=0:33:01
[14:19:09] ep    98 z=-7.42 rew=-50.3926 tilt= 45.4 hold=127(min 124) k=[0.0074 0.0015 0.0005 0.0073 0.0023 0.0021 0.0044 0.0107] upd=150 anchors=6/8 buf=469616 ep/s= 0.08 eta=0:32:54
[14:19:17] ep    99 z=-7.84 rew=-52.5880 tilt= 31.4 hold=124(min 109) k=[0.0074 0.0015 0.0005 0.0073 0.0023 0.0021 0.0044 0.0107] upd=150 anchors=6/8 buf=474408 ep/s= 0.08 eta=0:32:46
[14:19:27] ep   100 z=-6.69 rew=-47.4622 tilt= 36.6 hold=124(min 110) k=[0.0074 0.0015 0.0005 0.0073 0.0023 0.0021 0.0044 0.0107] upd=150 anchors=5/8 buf=479200 ep/s= 0.08 eta=0:32:37
[14:19:48] EVAL ep   100: truth 0/4  net 0/4
[14:20:00] ep   101 z=-7.96 rew=-52.5658 tilt= 38.5 hold=122(min 110) k=[0.0015 0.0005 0.0073 0.0023 0.0021 0.0044 0.0107 0.0121] upd=150 anchors=4/8 buf=483992 ep/s= 0.08 eta=0:32:03
[14:20:10] ep   102 z=-10.17 rew=-59.5409 tilt= 51.3 hold=123(min 110) k=[0.0015 0.0005 0.0073 0.0023 0.0021 0.0044 0.0107 0.0121] upd=150 anchors=5/8 buf=488784 ep/s= 0.08 eta=0:31:54
[14:20:21] ep   103 z=-14.44 rew=-82.3867 tilt= 77.9 hold=125(min 109) k=[0.0015 0.0005 0.0073 0.0023 0.0021 0.0044 0.0107 0.0121] upd=150 anchors=4/8 buf=493576 ep/s= 0.08 eta=0:31:42
[14:20:33] ep   104 z=-12.44 rew=-71.3401 tilt= 77.6 hold=127(min 122) k=[0.0015 0.0005 0.0073 0.0023 0.0021 0.0044 0.0107 0.0121] upd=150 anchors=4/8 buf=498368 ep/s= 0.08 eta=0:31:30
[14:20:43] ep   105 z=-14.00 rew=-80.0514 tilt= 68.2 hold=128(min 125) k=[0.0015 0.0005 0.0073 0.0023 0.0021 0.0044 0.0107 0.0121] upd=150 anchors=5/8 buf=503160 ep/s= 0.08 eta=0:31:20
[14:20:55] ep   106 z=-16.87 rew=-94.3290 tilt=101.3 hold=126(min 111) k=[0.0015 0.0005 0.0073 0.0023 0.0021 0.0044 0.0107 0.0121] upd=150 anchors=4/8 buf=507952 ep/s= 0.08 eta=0:31:09
[14:21:07] ep   107 z=-13.72 rew=-76.3459 tilt= 60.1 hold=126(min 110) k=[0.0015 0.0005 0.0073 0.0023 0.0021 0.0044 0.0107 0.0121] upd=150 anchors=4/8 buf=512744 ep/s= 0.08 eta=0:30:57
[14:21:16] ep   108 z=-7.24 rew=-50.1971 tilt= 43.9 hold=129(min 126) k=[0.0015 0.0005 0.0073 0.0023 0.0021 0.0044 0.0107 0.0121] upd=150 anchors=5/8 buf=517536 ep/s= 0.08 eta=0:30:47
[14:21:35] ep   109 z=-15.22 rew=-90.8399 tilt= 95.6 hold=129(min 111) k=[0.0015 0.0005 0.0073 0.0023 0.0021 0.0044 0.0107 0.0121] upd=150 anchors=1/8 buf=522328 ep/s= 0.08 eta=0:30:29
[14:21:47] ep   110 z=-8.99 rew=-60.8167 tilt= 45.6 hold=132(min 127) k=[0.0015 0.0005 0.0073 0.0023 0.0021 0.0044 0.0107 0.0121] upd=150 anchors=4/8 buf=527120 ep/s= 0.08 eta=0:30:17
[14:22:07] ep   111 z=-15.35 rew=-89.4661 tilt= 71.5 hold=131(min 111) k=[0.0015 0.0005 0.0073 0.0023 0.0021 0.0044 0.0107 0.0121] upd=150 anchors=0/8 buf=531912 ep/s= 0.08 eta=0:29:56
[14:22:19] ep   112 z=-11.08 rew=-68.7494 tilt= 50.0 hold=130(min 112) k=[0.0015 0.0005 0.0073 0.0023 0.0021 0.0044 0.0107 0.0121] upd=150 anchors=4/8 buf=536704 ep/s= 0.08 eta=0:29:44
[14:22:33] ep   113 z=-9.68 rew=-63.4321 tilt= 60.2 hold=134(min 129) k=[0.0015 0.0005 0.0073 0.0023 0.0021 0.0044 0.0107 0.0121] upd=150 anchors=3/8 buf=541496 ep/s= 0.08 eta=0:29:30
[14:22:47] ep   114 z=-12.01 rew=-73.8886 tilt= 53.7 hold=130(min 112) k=[0.0015 0.0005 0.0073 0.0023 0.0021 0.0044 0.0107 0.0121] upd=150 anchors=3/8 buf=546288 ep/s= 0.08 eta=0:29:16
[14:22:57] ep   115 z=-6.27 rew=-43.2431 tilt= 30.0 hold=133(min 130) k=[0.0015 0.0005 0.0073 0.0023 0.0021 0.0044 0.0107 0.0121] upd=150 anchors=5/8 buf=551080 ep/s= 0.08 eta=0:29:06
[14:23:06] ep   116 z=-8.32 rew=-53.7706 tilt= 38.5 hold=134(min 131) k=[0.0015 0.0005 0.0073 0.0023 0.0021 0.0044 0.0107 0.0121] upd=150 anchors=5/8 buf=555872 ep/s= 0.08 eta=0:28:57
[14:23:18] ep   117 z=-8.31 rew=-53.5972 tilt= 38.9 hold=132(min 112) k=[0.0015 0.0005 0.0073 0.0023 0.0021 0.0044 0.0107 0.0121] upd=150 anchors=4/8 buf=560664 ep/s= 0.08 eta=0:28:45
[14:23:30] ep   118 z=-7.08 rew=-51.2885 tilt= 37.5 hold=136(min 134) k=[0.0015 0.0005 0.0073 0.0023 0.0021 0.0044 0.0107 0.0121] upd=150 anchors=4/8 buf=565456 ep/s= 0.08 eta=0:28:33
[14:23:44] ep   119 z=-7.27 rew=-51.6076 tilt= 46.1 hold=136(min 131) k=[0.0015 0.0005 0.0073 0.0023 0.0021 0.0044 0.0107 0.0121] upd=150 anchors=3/8 buf=570248 ep/s= 0.08 eta=0:28:20
[14:23:55] ep   120 z=-9.92 rew=-60.2774 tilt= 49.3 hold=136(min 131) k=[0.0015 0.0005 0.0073 0.0023 0.0021 0.0044 0.0107 0.0121] upd=150 anchors=4/8 buf=575040 ep/s= 0.08 eta=0:28:08
[14:24:11] ep   121 z=-12.51 rew=-74.7235 tilt= 57.1 hold=134(min 114) k=[0.0005 0.0073 0.0023 0.0021 0.0044 0.0107 0.0121 0.0095] upd=150 anchors=2/8 buf=579832 ep/s= 0.08 eta=0:27:52
[14:24:27] ep   122 z=-14.85 rew=-85.7244 tilt= 80.7 hold=134(min 113) k=[0.0005 0.0073 0.0023 0.0021 0.0044 0.0107 0.0121 0.0095] upd=150 anchors=2/8 buf=584624 ep/s= 0.08 eta=0:27:37
[14:24:43] ep   123 z=-15.84 rew=-90.2578 tilt= 86.0 hold=133(min 113) k=[0.0005 0.0073 0.0023 0.0021 0.0044 0.0107 0.0121 0.0095] upd=150 anchors=2/8 buf=589416 ep/s= 0.08 eta=0:27:21
[14:24:54] ep   124 z=-15.07 rew=-87.3216 tilt= 72.9 hold=137(min 131) k=[0.0005 0.0073 0.0023 0.0021 0.0044 0.0107 0.0121 0.0095] upd=150 anchors=4/8 buf=594208 ep/s= 0.08 eta=0:27:09
[14:25:04] ep   125 z=-11.20 rew=-64.3107 tilt= 50.5 hold=131(min 115) k=[0.0005 0.0073 0.0023 0.0021 0.0044 0.0107 0.0121 0.0095] upd=150 anchors=5/8 buf=599000 ep/s= 0.08 eta=0:26:59
[14:25:26] EVAL ep   125: truth 0/4  net 0/4
[14:25:36] ep   126 z=-13.88 rew=-80.2176 tilt= 75.9 hold=135(min 131) k=[0.0005 0.0073 0.0023 0.0021 0.0044 0.0107 0.0121 0.0095] upd=150 anchors=5/8 buf=603792 ep/s= 0.08 eta=0:26:28
[14:25:43] ep   127 z=-13.79 rew=-78.6798 tilt= 67.3 hold=134(min 128) k=[0.0005 0.0073 0.0023 0.0021 0.0044 0.0107 0.0121 0.0095] upd=150 anchors=6/8 buf=608584 ep/s= 0.08 eta=0:26:20
[14:25:57] ep   128 z=-14.39 rew=-85.1075 tilt= 74.4 hold=134(min 126) k=[0.0005 0.0073 0.0023 0.0021 0.0044 0.0107 0.0121 0.0095] upd=150 anchors=3/8 buf=613376 ep/s= 0.08 eta=0:26:06
[14:26:09] ep   129 z=-16.42 rew=-96.7368 tilt= 81.0 hold=133(min 127) k=[0.0005 0.0073 0.0023 0.0021 0.0044 0.0107 0.0121 0.0095] upd=150 anchors=4/8 buf=618168 ep/s= 0.08 eta=0:25:54
[14:26:21] ep   130 z=-14.09 rew=-83.7730 tilt= 65.2 hold=131(min 114) k=[0.0005 0.0073 0.0023 0.0021 0.0044 0.0107 0.0121 0.0095] upd=150 anchors=4/8 buf=622960 ep/s= 0.08 eta=0:25:42
[14:26:30] ep   131 z=-15.98 rew=-91.8721 tilt= 75.3 hold=133(min 128) k=[0.0005 0.0073 0.0023 0.0021 0.0044 0.0107 0.0121 0.0095] upd=150 anchors=5/8 buf=627752 ep/s= 0.08 eta=0:25:33
[14:26:40] ep   132 z=-14.95 rew=-87.2058 tilt= 63.3 hold=133(min 126) k=[0.0005 0.0073 0.0023 0.0021 0.0044 0.0107 0.0121 0.0095] upd=150 anchors=5/8 buf=632544 ep/s= 0.08 eta=0:25:23
[14:26:50] ep   133 z=-15.50 rew=-88.7945 tilt= 76.0 hold=131(min 120) k=[0.0005 0.0073 0.0023 0.0021 0.0044 0.0107 0.0121 0.0095] upd=150 anchors=5/8 buf=637336 ep/s= 0.08 eta=0:25:13
[14:27:04] ep   134 z=-15.05 rew=-89.6586 tilt= 78.4 hold=130(min 107) k=[0.0005 0.0073 0.0023 0.0021 0.0044 0.0107 0.0121 0.0095] upd=150 anchors=3/8 buf=642128 ep/s= 0.08 eta=0:24:59
[14:27:18] ep   135 z=-14.70 rew=-88.4739 tilt= 80.7 hold=128(min 107) k=[0.0005 0.0073 0.0023 0.0021 0.0044 0.0107 0.0121 0.0095] upd=150 anchors=3/8 buf=646920 ep/s= 0.08 eta=0:24:45
[14:27:28] ep   136 z=-13.93 rew=-81.0572 tilt= 73.3 hold=127(min 107) k=[0.0005 0.0073 0.0023 0.0021 0.0044 0.0107 0.0121 0.0095] upd=150 anchors=5/8 buf=651712 ep/s= 0.08 eta=0:24:36
[14:27:37] ep   137 z=-14.25 rew=-85.7107 tilt= 82.8 hold=130(min 125) k=[0.0005 0.0073 0.0023 0.0021 0.0044 0.0107 0.0121 0.0095] upd=150 anchors=5/8 buf=656504 ep/s= 0.08 eta=0:24:26
[14:27:45] ep   138 z=-15.74 rew=-91.8192 tilt= 89.2 hold=131(min 127) k=[0.0005 0.0073 0.0023 0.0021 0.0044 0.0107 0.0121 0.0095] upd=150 anchors=6/8 buf=661296 ep/s= 0.08 eta=0:24:18
[14:27:54] ep   139 z=-12.61 rew=-77.3991 tilt= 71.1 hold=127(min 106) k=[0.0005 0.0073 0.0023 0.0021 0.0044 0.0107 0.0121 0.0095] upd=150 anchors=5/8 buf=666088 ep/s= 0.08 eta=0:24:09
[14:28:04] ep   140 z=-13.97 rew=-83.3851 tilt= 80.9 hold=128(min 105) k=[0.0005 0.0073 0.0023 0.0021 0.0044 0.0107 0.0121 0.0095] upd=150 anchors=5/8 buf=670880 ep/s= 0.08 eta=0:23:59
[14:28:18] ep   141 z=-17.46 rew=-102.8979 tilt= 81.0 hold=131(min 126) k=[0.0073 0.0023 0.0021 0.0044 0.0107 0.0121 0.0095 0.0053] upd=150 anchors=3/8 buf=675672 ep/s= 0.08 eta=0:23:45
[14:28:32] ep   142 z=-16.07 rew=-97.3531 tilt= 84.9 hold=135(min 129) k=[0.0073 0.0023 0.0021 0.0044 0.0107 0.0121 0.0095 0.0053] upd=150 anchors=3/8 buf=680464 ep/s= 0.08 eta=0:23:32
