[16:33:51] run=deploy_long50 estimator=results/e2e_v12.pt warm_start=shutdown_real_7_4 device=cuda anchor=0.5 ep_len=600 envs=8
[16:34:40] identified 32+8 draws in 49s: k_med 0.006m k_range [0.001,0.013]
[16:35:06] EVAL ep 0: truth 4/4  net 0/4
[16:35:21] ep     1 z= 1.91 rew=-48.1739 tilt= 28.7 hold=510(min 129) k=[0.006  0.0105 0.0091 0.0108 0.0074 0.0015 0.0005 0.0073] upd=150 anchors=3/8 buf=4792 ep/s= 0.02 eta=4:59:19
[16:35:37] ep     2 z= 6.61 rew=-99.7753 tilt= 44.1 hold=520(min 252) k=[0.006  0.0105 0.0091 0.0108 0.0074 0.0015 0.0005 0.0073] upd=150 anchors=3/8 buf=9584 ep/s= 0.04 eta=4:59:03
[16:35:50] ep     3 z= 5.16 rew=-95.8583 tilt= 45.2 hold=513(min 228) k=[0.006  0.0105 0.0091 0.0108 0.0074 0.0015 0.0005 0.0073] upd=150 anchors=4/8 buf=14376 ep/s= 0.04 eta=4:58:50
[16:36:08] ep     4 z=-2.96 rew=-91.4672 tilt= 38.0 hold=390(min 313) k=[0.006  0.0105 0.0091 0.0108 0.0074 0.0015 0.0005 0.0073] upd=150 anchors=2/8 buf=19168 ep/s= 0.05 eta=4:58:32
[16:36:21] ep     5 z=-3.36 rew=-72.1909 tilt= 38.6 hold=426(min 189) k=[0.006  0.0105 0.0091 0.0108 0.0074 0.0015 0.0005 0.0073] upd=150 anchors=4/8 buf=23960 ep/s= 0.05 eta=4:58:19
[16:36:34] ep     6 z=-4.27 rew=-56.1580 tilt= 33.9 hold=326(min 171) k=[0.006  0.0105 0.0091 0.0108 0.0074 0.0015 0.0005 0.0073] upd=150 anchors=4/8 buf=28752 ep/s= 0.05 eta=4:58:06
[16:36:44] ep     7 z=-17.79 rew=-95.6861 tilt= 74.8 hold=147(min 140) k=[0.006  0.0105 0.0091 0.0108 0.0074 0.0015 0.0005 0.0073] upd=150 anchors=5/8 buf=33544 ep/s= 0.06 eta=4:57:56
[16:36:53] ep     8 z=-22.84 rew=-116.3803 tilt= 97.3 hold=137(min 132) k=[0.006  0.0105 0.0091 0.0108 0.0074 0.0015 0.0005 0.0073] upd=150 anchors=6/8 buf=38336 ep/s= 0.06 eta=4:57:48
[16:37:06] ep     9 z=-20.90 rew=-119.9384 tilt= 96.2 hold=139(min 130) k=[0.006  0.0105 0.0091 0.0108 0.0074 0.0015 0.0005 0.0073] upd=150 anchors=4/8 buf=43128 ep/s= 0.06 eta=4:57:35
[16:37:19] ep    10 z=-13.38 rew=-98.3771 tilt= 78.6 hold=164(min 145) k=[0.006  0.0105 0.0091 0.0108 0.0074 0.0015 0.0005 0.0073] upd=150 anchors=4/8 buf=47920 ep/s= 0.06 eta=4:57:22
[16:37:36] ep    11 z=-14.28 rew=-109.7757 tilt= 72.1 hold=178(min 155) k=[0.006  0.0105 0.0091 0.0108 0.0074 0.0015 0.0005 0.0073] upd=150 anchors=2/8 buf=52712 ep/s= 0.06 eta=4:57:04
[16:37:54] ep    12 z=-13.62 rew=-101.7846 tilt= 77.2 hold=171(min 148) k=[0.006  0.0105 0.0091 0.0108 0.0074 0.0015 0.0005 0.0073] upd=150 anchors=2/8 buf=57504 ep/s= 0.06 eta=4:56:46
[16:38:10] ep    13 z=-13.46 rew=-96.6539 tilt= 74.3 hold=155(min 139) k=[0.006  0.0105 0.0091 0.0108 0.0074 0.0015 0.0005 0.0073] upd=150 anchors=3/8 buf=62296 ep/s= 0.06 eta=4:56:30
[16:38:23] ep    14 z=-10.90 rew=-81.5071 tilt= 55.9 hold=155(min 139) k=[0.006  0.0105 0.0091 0.0108 0.0074 0.0015 0.0005 0.0073] upd=150 anchors=4/8 buf=67088 ep/s= 0.06 eta=4:56:17
[16:38:38] ep    15 z=-10.47 rew=-76.1870 tilt= 64.4 hold=145(min 140) k=[0.006  0.0105 0.0091 0.0108 0.0074 0.0015 0.0005 0.0073] upd=150 anchors=3/8 buf=71880 ep/s= 0.06 eta=4:56:02
[16:38:49] ep    16 z=-9.90 rew=-67.4919 tilt= 53.3 hold=148(min 139) k=[0.006  0.0105 0.0091 0.0108 0.0074 0.0015 0.0005 0.0073] upd=150 anchors=5/8 buf=76672 ep/s= 0.06 eta=4:55:51
[16:39:02] ep    17 z=-12.57 rew=-79.4460 tilt= 63.5 hold=144(min 138) k=[0.006  0.0105 0.0091 0.0108 0.0074 0.0015 0.0005 0.0073] upd=150 anchors=4/8 buf=81464 ep/s= 0.07 eta=4:55:38
[16:39:20] ep    18 z=-15.77 rew=-94.5486 tilt= 61.9 hold=141(min 126) k=[0.006  0.0105 0.0091 0.0108 0.0074 0.0015 0.0005 0.0073] upd=150 anchors=2/8 buf=86256 ep/s= 0.06 eta=4:55:20
[16:39:31] ep    19 z=-13.11 rew=-78.3409 tilt= 53.6 hold=142(min 129) k=[0.006  0.0105 0.0091 0.0108 0.0074 0.0015 0.0005 0.0073] upd=150 anchors=5/8 buf=91048 ep/s= 0.07 eta=4:55:09
[16:39:44] ep    20 z=-14.83 rew=-90.9202 tilt= 68.2 hold=142(min 134) k=[0.006  0.0105 0.0091 0.0108 0.0074 0.0015 0.0005 0.0073] upd=150 anchors=4/8 buf=95840 ep/s= 0.07 eta=4:54:56
[16:39:55] ep    21 z=-14.33 rew=-89.4680 tilt= 88.6 hold=141(min 124) k=[0.0105 0.0091 0.0108 0.0074 0.0015 0.0005 0.0073 0.0023] upd=150 anchors=5/8 buf=100632 ep/s= 0.07 eta=4:54:46
[16:40:10] ep    22 z=-17.34 rew=-103.4983 tilt= 90.3 hold=141(min 134) k=[0.0105 0.0091 0.0108 0.0074 0.0015 0.0005 0.0073 0.0023] upd=150 anchors=3/8 buf=105424 ep/s= 0.07 eta=4:54:30
[16:40:29] ep    23 z=-15.75 rew=-97.1008 tilt= 97.1 hold=140(min 128) k=[0.0105 0.0091 0.0108 0.0074 0.0015 0.0005 0.0073 0.0023] upd=150 anchors=2/8 buf=110216 ep/s= 0.07 eta=4:54:12
[16:40:44] ep    24 z=-16.54 rew=-97.0922 tilt= 99.1 hold=139(min 125) k=[0.0105 0.0091 0.0108 0.0074 0.0015 0.0005 0.0073 0.0023] upd=150 anchors=3/8 buf=115008 ep/s= 0.07 eta=4:53:56
[16:41:02] ep    25 z=-16.60 rew=-99.1987 tilt= 99.4 hold=141(min 134) k=[0.0105 0.0091 0.0108 0.0074 0.0015 0.0005 0.0073 0.0023] upd=150 anchors=2/8 buf=119800 ep/s= 0.07 eta=4:53:38
[16:41:15] ep    26 z=-14.89 rew=-88.2823 tilt= 80.3 hold=143(min 136) k=[0.0105 0.0091 0.0108 0.0074 0.0015 0.0005 0.0073 0.0023] upd=150 anchors=4/8 buf=124592 ep/s= 0.07 eta=4:53:25
[16:41:23] ep    27 z=-16.07 rew=-94.4520 tilt= 98.5 hold=142(min 135) k=[0.0105 0.0091 0.0108 0.0074 0.0015 0.0005 0.0073 0.0023] upd=150 anchors=6/8 buf=129384 ep/s= 0.07 eta=4:53:17
[16:41:36] ep    28 z=-17.19 rew=-99.4122 tilt= 83.6 hold=143(min 131) k=[0.0105 0.0091 0.0108 0.0074 0.0015 0.0005 0.0073 0.0023] upd=150 anchors=4/8 buf=134176 ep/s= 0.07 eta=4:53:04
[16:41:49] ep    29 z=-16.55 rew=-96.9942 tilt= 83.6 hold=146(min 139) k=[0.0105 0.0091 0.0108 0.0074 0.0015 0.0005 0.0073 0.0023] upd=150 anchors=4/8 buf=138968 ep/s= 0.07 eta=4:52:51
[16:42:05] ep    30 z=-14.83 rew=-88.9820 tilt= 75.2 hold=145(min 138) k=[0.0105 0.0091 0.0108 0.0074 0.0015 0.0005 0.0073 0.0023] upd=150 anchors=3/8 buf=143760 ep/s= 0.07 eta=4:52:36
[16:42:23] ep    31 z=-15.60 rew=-92.6615 tilt= 85.0 hold=144(min 136) k=[0.0105 0.0091 0.0108 0.0074 0.0015 0.0005 0.0073 0.0023] upd=150 anchors=2/8 buf=148552 ep/s= 0.07 eta=4:52:18
[16:42:33] ep    32 z=-15.36 rew=-89.7155 tilt= 89.4 hold=142(min 136) k=[0.0105 0.0091 0.0108 0.0074 0.0015 0.0005 0.0073 0.0023] upd=150 anchors=5/8 buf=153344 ep/s= 0.07 eta=4:52:07
[16:42:49] ep    33 z=-18.09 rew=-104.5272 tilt= 77.5 hold=143(min 136) k=[0.0105 0.0091 0.0108 0.0074 0.0015 0.0005 0.0073 0.0023] upd=150 anchors=3/8 buf=158136 ep/s= 0.07 eta=4:51:52
[16:42:59] ep    34 z=-16.44 rew=-97.5487 tilt= 72.0 hold=144(min 137) k=[0.0105 0.0091 0.0108 0.0074 0.0015 0.0005 0.0073 0.0023] upd=150 anchors=5/8 buf=162928 ep/s= 0.07 eta=4:51:41
[16:43:17] ep    35 z=-15.42 rew=-95.6744 tilt= 77.5 hold=146(min 138) k=[0.0105 0.0091 0.0108 0.0074 0.0015 0.0005 0.0073 0.0023] upd=150 anchors=2/8 buf=167720 ep/s= 0.07 eta=4:51:23
[16:43:35] ep    36 z=-13.21 rew=-82.6326 tilt= 59.6 hold=146(min 135) k=[0.0105 0.0091 0.0108 0.0074 0.0015 0.0005 0.0073 0.0023] upd=150 anchors=2/8 buf=172512 ep/s= 0.07 eta=4:51:05
[16:43:43] ep    37 z=-5.53 rew=-50.0033 tilt= 40.5 hold=148(min 140) k=[0.0105 0.0091 0.0108 0.0074 0.0015 0.0005 0.0073 0.0023] upd=150 anchors=6/8 buf=177304 ep/s= 0.07 eta=4:50:57
[16:44:02] ep    38 z=-7.78 rew=-59.6357 tilt= 47.4 hold=146(min 134) k=[0.0105 0.0091 0.0108 0.0074 0.0015 0.0005 0.0073 0.0023] upd=150 anchors=2/8 buf=182096 ep/s= 0.07 eta=4:50:39
[16:44:17] ep    39 z=-8.66 rew=-62.7626 tilt= 44.1 hold=148(min 141) k=[0.0105 0.0091 0.0108 0.0074 0.0015 0.0005 0.0073 0.0023] upd=150 anchors=3/8 buf=186888 ep/s= 0.07 eta=4:50:23
[16:44:30] ep    40 z=-5.58 rew=-48.8473 tilt= 24.2 hold=148(min 141) k=[0.0105 0.0091 0.0108 0.0074 0.0015 0.0005 0.0073 0.0023] upd=150 anchors=4/8 buf=191680 ep/s= 0.07 eta=4:50:10
[16:44:43] ep    41 z=-3.75 rew=-40.6364 tilt= 41.8 hold=140(min 129) k=[0.0091 0.0108 0.0074 0.0015 0.0005 0.0073 0.0023 0.0021] upd=150 anchors=4/8 buf=196472 ep/s= 0.07 eta=4:49:57
[16:44:54] ep    42 z=-4.32 rew=-40.0783 tilt= 22.3 hold=137(min 126) k=[0.0091 0.0108 0.0074 0.0015 0.0005 0.0073 0.0023 0.0021] upd=150 anchors=5/8 buf=201264 ep/s= 0.07 eta=4:49:47
[16:45:12] ep    43 z=-7.36 rew=-53.5901 tilt= 42.8 hold=137(min 123) k=[0.0091 0.0108 0.0074 0.0015 0.0005 0.0073 0.0023 0.0021] upd=150 anchors=2/8 buf=206056 ep/s= 0.07 eta=4:49:29
[16:45:25] ep    44 z=-3.75 rew=-35.4547 tilt= 23.9 hold=143(min 132) k=[0.0091 0.0108 0.0074 0.0015 0.0005 0.0073 0.0023 0.0021] upd=150 anchors=4/8 buf=210848 ep/s= 0.07 eta=4:49:16
[16:45:38] ep    45 z=-7.31 rew=-52.8215 tilt= 52.3 hold=140(min 126) k=[0.0091 0.0108 0.0074 0.0015 0.0005 0.0073 0.0023 0.0021] upd=150 anchors=4/8 buf=215640 ep/s= 0.07 eta=4:49:03
[16:45:48] ep    46 z=-6.01 rew=-46.7570 tilt= 29.5 hold=144(min 130) k=[0.0091 0.0108 0.0074 0.0015 0.0005 0.0073 0.0023 0.0021] upd=150 anchors=5/8 buf=220432 ep/s= 0.07 eta=4:48:52
[16:46:01] ep    47 z=-8.15 rew=-53.6829 tilt= 36.2 hold=140(min 122) k=[0.0091 0.0108 0.0074 0.0015 0.0005 0.0073 0.0023 0.0021] upd=150 anchors=4/8 buf=225224 ep/s= 0.07 eta=4:48:39
[16:46:09] ep    48 z=-3.95 rew=-36.4250 tilt= 20.9 hold=144(min 134) k=[0.0091 0.0108 0.0074 0.0015 0.0005 0.0073 0.0023 0.0021] upd=150 anchors=6/8 buf=230016 ep/s= 0.07 eta=4:48:31
[16:46:27] ep    49 z=-10.51 rew=-64.9590 tilt= 38.4 hold=137(min 120) k=[0.0091 0.0108 0.0074 0.0015 0.0005 0.0073 0.0023 0.0021] upd=150 anchors=2/8 buf=234808 ep/s= 0.07 eta=4:48:13
[16:46:40] ep    50 z=-9.18 rew=-59.7663 tilt= 37.5 hold=138(min 109) k=[0.0091 0.0108 0.0074 0.0015 0.0005 0.0073 0.0023 0.0021] upd=150 anchors=4/8 buf=239600 ep/s= 0.07 eta=4:48:00
[16:47:06] EVAL ep    50: truth 0/4  net 0/4
[16:47:16] ep    51 z=-11.76 rew=-74.3216 tilt= 54.1 hold=134(min 119) k=[0.0091 0.0108 0.0074 0.0015 0.0005 0.0073 0.0023 0.0021] upd=150 anchors=5/8 buf=244392 ep/s= 0.07 eta=4:47:24
[16:47:37] ep    52 z=-12.42 rew=-78.7040 tilt= 66.5 hold=132(min 111) k=[0.0091 0.0108 0.0074 0.0015 0.0005 0.0073 0.0023 0.0021] upd=150 anchors=1/8 buf=249184 ep/s= 0.07 eta=4:47:03
[16:47:52] ep    53 z=-10.04 rew=-69.5106 tilt= 49.0 hold=132(min 111) k=[0.0091 0.0108 0.0074 0.0015 0.0005 0.0073 0.0023 0.0021] upd=150 anchors=3/8 buf=253976 ep/s= 0.07 eta=4:46:48
[16:48:10] ep    54 z=-12.47 rew=-83.6393 tilt= 68.9 hold=129(min 124) k=[0.0091 0.0108 0.0074 0.0015 0.0005 0.0073 0.0023 0.0021] upd=150 anchors=2/8 buf=258768 ep/s= 0.07 eta=4:46:30
[16:48:26] ep    55 z=-15.07 rew=-95.1957 tilt=111.2 hold=127(min 122) k=[0.0091 0.0108 0.0074 0.0015 0.0005 0.0073 0.0023 0.0021] upd=150 anchors=3/8 buf=263560 ep/s= 0.07 eta=4:46:14
[16:48:41] ep    56 z=-15.87 rew=-97.1081 tilt= 73.1 hold=125(min 113) k=[0.0091 0.0108 0.0074 0.0015 0.0005 0.0073 0.0023 0.0021] upd=150 anchors=3/8 buf=268352 ep/s= 0.07 eta=4:45:59
[16:48:57] ep    57 z=-16.00 rew=-95.9924 tilt= 82.9 hold=126(min 112) k=[0.0091 0.0108 0.0074 0.0015 0.0005 0.0073 0.0023 0.0021] upd=150 anchors=3/8 buf=273144 ep/s= 0.07 eta=4:45:43
[16:49:10] ep    58 z=-16.36 rew=-99.4082 tilt= 69.3 hold=128(min 122) k=[0.0091 0.0108 0.0074 0.0015 0.0005 0.0073 0.0023 0.0021] upd=150 anchors=4/8 buf=277936 ep/s= 0.07 eta=4:45:30
[16:49:23] ep    59 z=-17.27 rew=-101.8648 tilt= 72.6 hold=128(min 116) k=[0.0091 0.0108 0.0074 0.0015 0.0005 0.0073 0.0023 0.0021] upd=150 anchors=4/8 buf=282728 ep/s= 0.07 eta=4:45:17
[16:49:34] ep    60 z=-17.21 rew=-103.1327 tilt= 62.4 hold=130(min 124) k=[0.0091 0.0108 0.0074 0.0015 0.0005 0.0073 0.0023 0.0021] upd=150 anchors=5/8 buf=287520 ep/s= 0.07 eta=4:45:07
[16:49:49] ep    61 z=-18.33 rew=-109.5103 tilt= 92.2 hold=129(min 118) k=[0.0108 0.0074 0.0015 0.0005 0.0073 0.0023 0.0021 0.0044] upd=150 anchors=3/8 buf=292312 ep/s= 0.07 eta=4:44:51
[16:50:05] ep    62 z=-17.86 rew=-108.0584 tilt= 91.9 hold=133(min 126) k=[0.0108 0.0074 0.0015 0.0005 0.0073 0.0023 0.0021 0.0044] upd=150 anchors=3/8 buf=297104 ep/s= 0.07 eta=4:44:36
[16:50:20] ep    63 z=-18.58 rew=-112.1185 tilt=104.1 hold=135(min 125) k=[0.0108 0.0074 0.0015 0.0005 0.0073 0.0023 0.0021 0.0044] upd=150 anchors=3/8 buf=301896 ep/s= 0.07 eta=4:44:20
[16:50:36] ep    64 z=-16.80 rew=-104.7263 tilt= 97.3 hold=139(min 127) k=[0.0108 0.0074 0.0015 0.0005 0.0073 0.0023 0.0021 0.0044] upd=150 anchors=3/8 buf=306688 ep/s= 0.07 eta=4:44:05
[16:50:51] ep    65 z=-17.63 rew=-105.6385 tilt= 79.1 hold=139(min 127) k=[0.0108 0.0074 0.0015 0.0005 0.0073 0.0023 0.0021 0.0044] upd=150 anchors=3/8 buf=311480 ep/s= 0.07 eta=4:43:49
[16:51:02] ep    66 z=-15.99 rew=-97.0058 tilt= 87.3 hold=142(min 131) k=[0.0108 0.0074 0.0015 0.0005 0.0073 0.0023 0.0021 0.0044] upd=150 anchors=5/8 buf=316272 ep/s= 0.07 eta=4:43:39
[16:51:15] ep    67 z=-15.98 rew=-95.6385 tilt= 86.8 hold=140(min 125) k=[0.0108 0.0074 0.0015 0.0005 0.0073 0.0023 0.0021 0.0044] upd=150 anchors=4/8 buf=321064 ep/s= 0.07 eta=4:43:26
[16:51:30] ep    68 z=-18.36 rew=-107.8821 tilt= 76.9 hold=138(min 129) k=[0.0108 0.0074 0.0015 0.0005 0.0073 0.0023 0.0021 0.0044] upd=150 anchors=3/8 buf=325856 ep/s= 0.07 eta=4:43:10
[16:51:43] ep    69 z=-15.65 rew=-93.4896 tilt= 63.0 hold=139(min 122) k=[0.0108 0.0074 0.0015 0.0005 0.0073 0.0023 0.0021 0.0044] upd=150 anchors=4/8 buf=330648 ep/s= 0.07 eta=4:42:57
[16:51:56] ep    70 z=-15.80 rew=-94.3810 tilt= 69.1 hold=138(min 123) k=[0.0108 0.0074 0.0015 0.0005 0.0073 0.0023 0.0021 0.0044] upd=150 anchors=4/8 buf=335440 ep/s= 0.07 eta=4:42:44
[16:52:07] ep    71 z=-15.65 rew=-93.2886 tilt= 73.1 hold=138(min 128) k=[0.0108 0.0074 0.0015 0.0005 0.0073 0.0023 0.0021 0.0044] upd=150 anchors=5/8 buf=340232 ep/s= 0.07 eta=4:42:33
[16:52:13] ep    72 z=-11.52 rew=-74.1504 tilt= 62.2 hold=141(min 135) k=[0.0108 0.0074 0.0015 0.0005 0.0073 0.0023 0.0021 0.0044] upd=150 anchors=7/8 buf=345024 ep/s= 0.07 eta=4:42:28
[16:52:28] ep    73 z=-16.18 rew=-94.9088 tilt= 77.2 hold=137(min 117) k=[0.0108 0.0074 0.0015 0.0005 0.0073 0.0023 0.0021 0.0044] upd=150 anchors=3/8 buf=349816 ep/s= 0.07 eta=4:42:12
[16:52:41] ep    74 z=-15.50 rew=-92.1800 tilt= 64.9 hold=134(min 122) k=[0.0108 0.0074 0.0015 0.0005 0.0073 0.0023 0.0021 0.0044] upd=150 anchors=4/8 buf=354608 ep/s= 0.07 eta=4:41:59
[16:52:54] ep    75 z=-16.39 rew=-96.5253 tilt= 66.7 hold=132(min 118) k=[0.0108 0.0074 0.0015 0.0005 0.0073 0.0023 0.0021 0.0044] upd=150 anchors=4/8 buf=359400 ep/s= 0.07 eta=4:41:46
[16:53:12] ep    76 z=-16.93 rew=-96.6522 tilt= 85.3 hold=134(min 118) k=[0.0108 0.0074 0.0015 0.0005 0.0073 0.0023 0.0021 0.0044] upd=150 anchors=2/8 buf=364192 ep/s= 0.07 eta=4:41:28
[16:53:18] ep    77 z=-12.40 rew=-78.1477 tilt= 48.1 hold=135(min 120) k=[0.0108 0.0074 0.0015 0.0005 0.0073 0.0023 0.0021 0.0044] upd=150 anchors=7/8 buf=368984 ep/s= 0.07 eta=4:41:22
[16:53:31] ep    78 z=-15.39 rew=-90.3495 tilt= 68.8 hold=134(min 115) k=[0.0108 0.0074 0.0015 0.0005 0.0073 0.0023 0.0021 0.0044] upd=150 anchors=4/8 buf=373776 ep/s= 0.07 eta=4:41:09
[16:53:47] ep    79 z=-14.76 rew=-87.9608 tilt= 74.6 hold=136(min 129) k=[0.0108 0.0074 0.0015 0.0005 0.0073 0.0023 0.0021 0.0044] upd=150 anchors=3/8 buf=378568 ep/s= 0.07 eta=4:40:54
[16:53:57] ep    80 z=-14.21 rew=-84.9318 tilt= 53.3 hold=134(min 114) k=[0.0108 0.0074 0.0015 0.0005 0.0073 0.0023 0.0021 0.0044] upd=150 anchors=5/8 buf=383360 ep/s= 0.07 eta=4:40:43
[16:54:10] ep    81 z=-15.05 rew=-89.2222 tilt= 71.0 hold=133(min 113) k=[0.0074 0.0015 0.0005 0.0073 0.0023 0.0021 0.0044 0.0107] upd=150 anchors=4/8 buf=388152 ep/s= 0.07 eta=4:40:30
[16:54:21] ep    82 z=-13.53 rew=-79.5442 tilt= 62.9 hold=131(min 127) k=[0.0074 0.0015 0.0005 0.0073 0.0023 0.0021 0.0044 0.0107] upd=150 anchors=5/8 buf=392944 ep/s= 0.07 eta=4:40:19
[16:54:29] ep    83 z=-15.03 rew=-87.0018 tilt= 75.2 hold=129(min 123) k=[0.0074 0.0015 0.0005 0.0073 0.0023 0.0021 0.0044 0.0107] upd=150 anchors=6/8 buf=397736 ep/s= 0.07 eta=4:40:11
[16:54:35] ep    84 z=-16.65 rew=-95.5086 tilt= 99.6 hold=129(min 123) k=[0.0074 0.0015 0.0005 0.0073 0.0023 0.0021 0.0044 0.0107] upd=150 anchors=7/8 buf=402528 ep/s= 0.07 eta=4:40:05
[16:54:48] ep    85 z=-18.41 rew=-105.8592 tilt=108.7 hold=129(min 124) k=[0.0074 0.0015 0.0005 0.0073 0.0023 0.0021 0.0044 0.0107] upd=150 anchors=4/8 buf=407320 ep/s= 0.07 eta=4:39:52
[16:54:59] ep    86 z=-18.42 rew=-105.5919 tilt=108.3 hold=128(min 111) k=[0.0074 0.0015 0.0005 0.0073 0.0023 0.0021 0.0044 0.0107] upd=150 anchors=5/8 buf=412112 ep/s= 0.07 eta=4:39:42
[16:55:12] ep    87 z=-19.10 rew=-110.6102 tilt=108.8 hold=129(min 114) k=[0.0074 0.0015 0.0005 0.0073 0.0023 0.0021 0.0044 0.0107] upd=150 anchors=4/8 buf=416904 ep/s= 0.07 eta=4:39:29
[16:55:25] ep    88 z=-18.13 rew=-102.1306 tilt= 80.6 hold=130(min 112) k=[0.0074 0.0015 0.0005 0.0073 0.0023 0.0021 0.0044 0.0107] upd=150 anchors=4/8 buf=421696 ep/s= 0.07 eta=4:39:16
[16:55:38] ep    89 z=-18.76 rew=-108.8272 tilt= 90.1 hold=130(min 113) k=[0.0074 0.0015 0.0005 0.0073 0.0023 0.0021 0.0044 0.0107] upd=150 anchors=4/8 buf=426488 ep/s= 0.07 eta=4:39:02
[16:55:58] ep    90 z=-18.72 rew=-106.2549 tilt= 78.2 hold=129(min 111) k=[0.0074 0.0015 0.0005 0.0073 0.0023 0.0021 0.0044 0.0107] upd=150 anchors=1/8 buf=431280 ep/s= 0.07 eta=4:38:42
[16:56:09] ep    91 z=-17.52 rew=-104.4551 tilt=105.0 hold=134(min 126) k=[0.0074 0.0015 0.0005 0.0073 0.0023 0.0021 0.0044 0.0107] upd=150 anchors=5/8 buf=436072 ep/s= 0.07 eta=4:38:31
[16:56:24] ep    92 z=-17.65 rew=-103.4260 tilt= 90.5 hold=133(min 112) k=[0.0074 0.0015 0.0005 0.0073 0.0023 0.0021 0.0044 0.0107] upd=150 anchors=3/8 buf=440864 ep/s= 0.07 eta=4:38:16
[16:56:37] ep    93 z=-16.52 rew=-99.1490 tilt= 80.9 hold=136(min 126) k=[0.0074 0.0015 0.0005 0.0073 0.0023 0.0021 0.0044 0.0107] upd=150 anchors=4/8 buf=445656 ep/s= 0.07 eta=4:38:03
[16:56:51] ep    94 z=-17.64 rew=-102.6627 tilt= 89.6 hold=133(min 112) k=[0.0074 0.0015 0.0005 0.0073 0.0023 0.0021 0.0044 0.0107] upd=150 anchors=4/8 buf=450448 ep/s= 0.07 eta=4:37:50
[16:57:06] ep    95 z=-18.13 rew=-107.6181 tilt= 95.7 hold=137(min 129) k=[0.0074 0.0015 0.0005 0.0073 0.0023 0.0021 0.0044 0.0107] upd=150 anchors=3/8 buf=455240 ep/s= 0.07 eta=4:37:34
[16:57:19] ep    96 z=-18.23 rew=-107.4620 tilt=110.4 hold=133(min 111) k=[0.0074 0.0015 0.0005 0.0073 0.0023 0.0021 0.0044 0.0107] upd=150 anchors=4/8 buf=460032 ep/s= 0.07 eta=4:37:21
[16:57:32] ep    97 z=-19.25 rew=-114.8742 tilt=110.9 hold=136(min 118) k=[0.0074 0.0015 0.0005 0.0073 0.0023 0.0021 0.0044 0.0107] upd=150 anchors=4/8 buf=464824 ep/s= 0.07 eta=4:37:08
[16:57:40] ep    98 z=-17.48 rew=-105.1864 tilt= 99.2 hold=140(min 134) k=[0.0074 0.0015 0.0005 0.0073 0.0023 0.0021 0.0044 0.0107] upd=150 anchors=6/8 buf=469616 ep/s= 0.07 eta=4:37:00
[16:57:49] ep    99 z=-18.07 rew=-105.0986 tilt= 93.2 hold=136(min 109) k=[0.0074 0.0015 0.0005 0.0073 0.0023 0.0021 0.0044 0.0107] upd=150 anchors=6/8 buf=474408 ep/s= 0.07 eta=4:36:52
[16:57:59] ep   100 z=-19.15 rew=-109.3219 tilt=100.7 hold=134(min 109) k=[0.0074 0.0015 0.0005 0.0073 0.0023 0.0021 0.0044 0.0107] upd=150 anchors=5/8 buf=479200 ep/s= 0.07 eta=4:36:41
[16:58:25] EVAL ep   100: truth 0/4  net 0/4
[16:58:38] ep   101 z=-19.63 rew=-113.2200 tilt=106.2 hold=133(min 109) k=[0.0015 0.0005 0.0073 0.0023 0.0021 0.0044 0.0107 0.0121] upd=150 anchors=4/8 buf=483992 ep/s= 0.07 eta=4:36:03
[16:58:48] ep   102 z=-20.00 rew=-110.0379 tilt= 79.6 hold=135(min 108) k=[0.0015 0.0005 0.0073 0.0023 0.0021 0.0044 0.0107 0.0121] upd=150 anchors=5/8 buf=488784 ep/s= 0.07 eta=4:35:52
[16:59:01] ep   103 z=-22.89 rew=-126.2539 tilt= 84.1 hold=133(min 107) k=[0.0015 0.0005 0.0073 0.0023 0.0021 0.0044 0.0107 0.0121] upd=150 anchors=4/8 buf=493576 ep/s= 0.07 eta=4:35:39
[16:59:14] ep   104 z=-22.72 rew=-123.5245 tilt= 99.8 hold=135(min 123) k=[0.0015 0.0005 0.0073 0.0023 0.0021 0.0044 0.0107 0.0121] upd=150 anchors=4/8 buf=498368 ep/s= 0.07 eta=4:35:26
[16:59:25] ep   105 z=-23.67 rew=-128.6762 tilt= 94.2 hold=139(min 130) k=[0.0015 0.0005 0.0073 0.0023 0.0021 0.0044 0.0107 0.0121] upd=150 anchors=5/8 buf=503160 ep/s= 0.07 eta=4:35:15
[16:59:38] ep   106 z=-25.58 rew=-134.0463 tilt= 93.0 hold=132(min 106) k=[0.0015 0.0005 0.0073 0.0023 0.0021 0.0044 0.0107 0.0121] upd=150 anchors=4/8 buf=507952 ep/s= 0.07 eta=4:35:02
[16:59:51] ep   107 z=-23.26 rew=-124.1163 tilt= 79.3 hold=132(min 107) k=[0.0015 0.0005 0.0073 0.0023 0.0021 0.0044 0.0107 0.0121] upd=150 anchors=4/8 buf=512744 ep/s= 0.07 eta=4:34:49
[17:00:02] ep   108 z=-22.48 rew=-118.8131 tilt= 72.2 hold=139(min 132) k=[0.0015 0.0005 0.0073 0.0023 0.0021 0.0044 0.0107 0.0121] upd=150 anchors=5/8 buf=517536 ep/s= 0.07 eta=4:34:39
[17:00:22] ep   109 z=-23.77 rew=-128.3290 tilt= 99.1 hold=133(min 107) k=[0.0015 0.0005 0.0073 0.0023 0.0021 0.0044 0.0107 0.0121] upd=150 anchors=1/8 buf=522328 ep/s= 0.07 eta=4:34:18
[17:00:35] ep   110 z=-23.18 rew=-124.2618 tilt= 82.5 hold=139(min 133) k=[0.0015 0.0005 0.0073 0.0023 0.0021 0.0044 0.0107 0.0121] upd=150 anchors=4/8 buf=527120 ep/s= 0.07 eta=4:34:05
[17:00:58] ep   111 z=-18.39 rew=-103.9377 tilt= 69.2 hold=136(min 106) k=[0.0015 0.0005 0.0073 0.0023 0.0021 0.0044 0.0107 0.0121] upd=150 anchors=0/8 buf=531912 ep/s= 0.07 eta=4:33:42
[17:01:11] ep   112 z=-16.58 rew=-95.7145 tilt= 87.5 hold=135(min 106) k=[0.0015 0.0005 0.0073 0.0023 0.0021 0.0044 0.0107 0.0121] upd=150 anchors=4/8 buf=536704 ep/s= 0.07 eta=4:33:29
[17:01:27] ep   113 z=-12.79 rew=-78.2454 tilt= 68.9 hold=141(min 130) k=[0.0015 0.0005 0.0073 0.0023 0.0021 0.0044 0.0107 0.0121] upd=150 anchors=3/8 buf=541496 ep/s= 0.07 eta=4:33:14
[17:01:42] ep   114 z=-17.03 rew=-96.1783 tilt= 81.0 hold=135(min 105) k=[0.0015 0.0005 0.0073 0.0023 0.0021 0.0044 0.0107 0.0121] upd=150 anchors=3/8 buf=546288 ep/s= 0.07 eta=4:32:58
[17:01:53] ep   115 z=-12.38 rew=-73.2619 tilt= 69.4 hold=140(min 132) k=[0.0015 0.0005 0.0073 0.0023 0.0021 0.0044 0.0107 0.0121] upd=150 anchors=5/8 buf=551080 ep/s= 0.07 eta=4:32:48
[17:02:03] ep   116 z=-14.11 rew=-81.9962 tilt= 66.8 hold=139(min 134) k=[0.0015 0.0005 0.0073 0.0023 0.0021 0.0044 0.0107 0.0121] upd=150 anchors=5/8 buf=555872 ep/s= 0.07 eta=4:32:37
[17:02:16] ep   117 z=-14.67 rew=-82.7321 tilt= 58.3 hold=134(min 105) k=[0.0015 0.0005 0.0073 0.0023 0.0021 0.0044 0.0107 0.0121] upd=150 anchors=4/8 buf=560664 ep/s= 0.07 eta=4:32:24
[17:02:29] ep   118 z=-10.96 rew=-66.7841 tilt= 61.7 hold=138(min 126) k=[0.0015 0.0005 0.0073 0.0023 0.0021 0.0044 0.0107 0.0121] upd=150 anchors=4/8 buf=565456 ep/s= 0.07 eta=4:32:11
[17:02:45] ep   119 z=-13.35 rew=-76.7183 tilt= 57.9 hold=138(min 126) k=[0.0015 0.0005 0.0073 0.0023 0.0021 0.0044 0.0107 0.0121] upd=150 anchors=3/8 buf=570248 ep/s= 0.07 eta=4:31:55
[17:02:58] ep   120 z=-13.87 rew=-78.8345 tilt= 62.8 hold=140(min 135) k=[0.0015 0.0005 0.0073 0.0023 0.0021 0.0044 0.0107 0.0121] upd=150 anchors=4/8 buf=575040 ep/s= 0.07 eta=4:31:42
[17:03:16] ep   121 z=-17.06 rew=-93.4735 tilt= 69.7 hold=133(min 107) k=[0.0005 0.0073 0.0023 0.0021 0.0044 0.0107 0.0121 0.0095] upd=150 anchors=2/8 buf=579832 ep/s= 0.07 eta=4:31:24
[17:03:34] ep   122 z=-15.79 rew=-92.4402 tilt= 62.9 hold=138(min 111) k=[0.0005 0.0073 0.0023 0.0021 0.0044 0.0107 0.0121 0.0095] upd=150 anchors=2/8 buf=584624 ep/s= 0.07 eta=4:31:06
[17:03:52] ep   123 z=-15.55 rew=-92.5270 tilt= 62.8 hold=137(min 109) k=[0.0005 0.0073 0.0023 0.0021 0.0044 0.0107 0.0121 0.0095] upd=150 anchors=2/8 buf=589416 ep/s= 0.07 eta=4:30:48
[17:04:05] ep   124 z=-15.14 rew=-90.0003 tilt= 84.6 hold=141(min 134) k=[0.0005 0.0073 0.0023 0.0021 0.0044 0.0107 0.0121 0.0095] upd=150 anchors=4/8 buf=594208 ep/s= 0.07 eta=4:30:35
[17:04:16] ep   125 z=-13.40 rew=-78.0027 tilt= 67.9 hold=134(min 112) k=[0.0005 0.0073 0.0023 0.0021 0.0044 0.0107 0.0121 0.0095] upd=150 anchors=5/8 buf=599000 ep/s= 0.07 eta=4:30:25
[17:04:26] ep   126 z=-13.39 rew=-83.3286 tilt= 80.8 hold=139(min 135) k=[0.0005 0.0073 0.0023 0.0021 0.0044 0.0107 0.0121 0.0095] upd=150 anchors=5/8 buf=603792 ep/s= 0.07 eta=4:30:14
[17:04:35] ep   127 z=-12.97 rew=-79.1637 tilt= 62.8 hold=137(min 132) k=[0.0005 0.0073 0.0023 0.0021 0.0044 0.0107 0.0121 0.0095] upd=150 anchors=6/8 buf=608584 ep/s= 0.07 eta=4:30:06
[17:04:50] ep   128 z=-14.31 rew=-85.0415 tilt= 69.3 hold=137(min 128) k=[0.0005 0.0073 0.0023 0.0021 0.0044 0.0107 0.0121 0.0095] upd=150 anchors=3/8 buf=613376 ep/s= 0.07 eta=4:29:50
[17:05:03] ep   129 z=-15.62 rew=-92.1942 tilt= 68.4 hold=137(min 133) k=[0.0005 0.0073 0.0023 0.0021 0.0044 0.0107 0.0121 0.0095] upd=150 anchors=4/8 buf=618168 ep/s= 0.07 eta=4:29:37
[17:05:16] ep   130 z=-13.24 rew=-80.8915 tilt= 73.3 hold=134(min 111) k=[0.0005 0.0073 0.0023 0.0021 0.0044 0.0107 0.0121 0.0095] upd=150 anchors=4/8 buf=622960 ep/s= 0.07 eta=4:29:24
[17:05:27] ep   131 z=-12.31 rew=-79.1554 tilt= 57.6 hold=138(min 134) k=[0.0005 0.0073 0.0023 0.0021 0.0044 0.0107 0.0121 0.0095] upd=150 anchors=5/8 buf=627752 ep/s= 0.07 eta=4:29:13
[17:05:38] ep   132 z=-11.22 rew=-70.7226 tilt= 61.2 hold=138(min 134) k=[0.0005 0.0073 0.0023 0.0021 0.0044 0.0107 0.0121 0.0095] upd=150 anchors=5/8 buf=632544 ep/s= 0.07 eta=4:29:03
[17:05:48] ep   133 z=-10.47 rew=-67.0073 tilt= 49.4 hold=136(min 128) k=[0.0005 0.0073 0.0023 0.0021 0.0044 0.0107 0.0121 0.0095] upd=150 anchors=5/8 buf=637336 ep/s= 0.07 eta=4:28:52
[17:06:04] ep   134 z=-12.61 rew=-77.0801 tilt= 52.4 hold=134(min 112) k=[0.0005 0.0073 0.0023 0.0021 0.0044 0.0107 0.0121 0.0095] upd=150 anchors=3/8 buf=642128 ep/s= 0.07 eta=4:28:37
[17:06:20] ep   135 z=-12.21 rew=-73.4889 tilt= 62.9 hold=132(min 111) k=[0.0005 0.0073 0.0023 0.0021 0.0044 0.0107 0.0121 0.0095] upd=150 anchors=3/8 buf=646920 ep/s= 0.07 eta=4:28:21
[17:06:31] ep   136 z=-12.34 rew=-72.1396 tilt= 59.3 hold=134(min 110) k=[0.0005 0.0073 0.0023 0.0021 0.0044 0.0107 0.0121 0.0095] upd=150 anchors=5/8 buf=651712 ep/s= 0.07 eta=4:28:10
[17:06:42] ep   137 z=-12.75 rew=-77.7801 tilt= 62.7 hold=137(min 130) k=[0.0005 0.0073 0.0023 0.0021 0.0044 0.0107 0.0121 0.0095] upd=150 anchors=5/8 buf=656504 ep/s= 0.07 eta=4:27:59
[17:06:50] ep   138 z=-11.97 rew=-74.6608 tilt= 44.8 hold=138(min 133) k=[0.0005 0.0073 0.0023 0.0021 0.0044 0.0107 0.0121 0.0095] upd=150 anchors=6/8 buf=661296 ep/s= 0.07 eta=4:27:50
[17:07:01] ep   139 z=-13.44 rew=-76.1552 tilt= 71.6 hold=134(min 109) k=[0.0005 0.0073 0.0023 0.0021 0.0044 0.0107 0.0121 0.0095] upd=150 anchors=5/8 buf=666088 ep/s= 0.07 eta=4:27:40
[17:07:11] ep   140 z=-12.90 rew=-78.9285 tilt= 58.1 hold=134(min 111) k=[0.0005 0.0073 0.0023 0.0021 0.0044 0.0107 0.0121 0.0095] upd=150 anchors=5/8 buf=670880 ep/s= 0.07 eta=4:27:29
[17:07:27] ep   141 z=-15.41 rew=-90.7577 tilt= 63.9 hold=139(min 135) k=[0.0073 0.0023 0.0021 0.0044 0.0107 0.0121 0.0095 0.0053] upd=150 anchors=3/8 buf=675672 ep/s= 0.07 eta=4:27:13
[17:07:42] ep   142 z=-18.42 rew=-103.9022 tilt= 68.9 hold=142(min 133) k=[0.0073 0.0023 0.0021 0.0044 0.0107 0.0121 0.0095 0.0053] upd=150 anchors=3/8 buf=680464 ep/s= 0.07 eta=4:26:58
[17:07:58] ep   143 z=-18.47 rew=-102.1832 tilt= 56.8 hold=137(min 124) k=[0.0073 0.0023 0.0021 0.0044 0.0107 0.0121 0.0095 0.0053] upd=150 anchors=3/8 buf=685256 ep/s= 0.07 eta=4:26:42
[17:08:13] ep   144 z=-16.21 rew=-94.4612 tilt= 69.1 hold=139(min 133) k=[0.0073 0.0023 0.0021 0.0044 0.0107 0.0121 0.0095 0.0053] upd=150 anchors=3/8 buf=690048 ep/s= 0.07 eta=4:26:27
[17:08:27] ep   145 z=-17.51 rew=-98.4512 tilt= 79.3 hold=140(min 132) k=[0.0073 0.0023 0.0021 0.0044 0.0107 0.0121 0.0095 0.0053] upd=150 anchors=4/8 buf=694840 ep/s= 0.07 eta=4:26:14
[17:08:45] ep   146 z=-17.70 rew=-104.4170 tilt= 73.1 hold=142(min 134) k=[0.0073 0.0023 0.0021 0.0044 0.0107 0.0121 0.0095 0.0053] upd=150 anchors=2/8 buf=699632 ep/s= 0.07 eta=4:25:56
[17:09:00] ep   147 z=-17.13 rew=-100.1030 tilt= 78.1 hold=147(min 140) k=[0.0073 0.0023 0.0021 0.0044 0.0107 0.0121 0.0095 0.0053] upd=150 anchors=3/8 buf=704424 ep/s= 0.07 eta=4:25:40
[17:09:11] ep   148 z=-14.67 rew=-87.0269 tilt= 91.9 hold=145(min 137) k=[0.0073 0.0023 0.0021 0.0044 0.0107 0.0121 0.0095 0.0053] upd=150 anchors=5/8 buf=709216 ep/s= 0.07 eta=4:25:29
[17:09:27] ep   149 z=-15.76 rew=-94.0799 tilt= 83.8 hold=144(min 130) k=[0.0073 0.0023 0.0021 0.0044 0.0107 0.0121 0.0095 0.0053] upd=150 anchors=3/8 buf=714008 ep/s= 0.07 eta=4:25:13
[17:09:38] ep   150 z=-11.36 rew=-70.7085 tilt= 58.0 hold=144(min 140) k=[0.0073 0.0023 0.0021 0.0044 0.0107 0.0121 0.0095 0.0053] upd=150 anchors=5/8 buf=718800 ep/s= 0.07 eta=4:25:03
[17:10:03] EVAL ep   150: truth 0/4  net 0/4
[17:10:16] ep   151 z=-13.84 rew=-83.5540 tilt= 72.1 hold=144(min 138) k=[0.0073 0.0023 0.0021 0.0044 0.0107 0.0121 0.0095 0.0053] upd=150 anchors=4/8 buf=723592 ep/s= 0.07 eta=4:24:24
[17:10:29] ep   152 z=-12.94 rew=-78.9330 tilt= 72.0 hold=142(min 135) k=[0.0073 0.0023 0.0021 0.0044 0.0107 0.0121 0.0095 0.0053] upd=150 anchors=4/8 buf=728384 ep/s= 0.07 eta=4:24:11
[17:10:38] ep   153 z=-8.42 rew=-56.1757 tilt= 47.9 hold=141(min 138) k=[0.0073 0.0023 0.0021 0.0044 0.0107 0.0121 0.0095 0.0053] upd=150 anchors=6/8 buf=733176 ep/s= 0.07 eta=4:24:03
[17:10:53] ep   154 z=-10.72 rew=-70.5445 tilt= 66.4 hold=141(min 138) k=[0.0073 0.0023 0.0021 0.0044 0.0107 0.0121 0.0095 0.0053] upd=150 anchors=3/8 buf=737968 ep/s= 0.07 eta=4:23:47
[17:11:04] ep   155 z=-5.36 rew=-41.2735 tilt= 35.6 hold=139(min 132) k=[0.0073 0.0023 0.0021 0.0044 0.0107 0.0121 0.0095 0.0053] upd=150 anchors=5/8 buf=742760 ep/s= 0.07 eta=4:23:37
[17:11:17] ep   156 z=-8.03 rew=-57.3242 tilt= 54.3 hold=138(min 126) k=[0.0073 0.0023 0.0021 0.0044 0.0107 0.0121 0.0095 0.0053] upd=150 anchors=4/8 buf=747552 ep/s= 0.07 eta=4:23:24
[17:11:22] ep   157 z=-4.50 rew=-36.6601 tilt= 31.4 hold=142(min 138) k=[0.0073 0.0023 0.0021 0.0044 0.0107 0.0121 0.0095 0.0053] upd=150 anchors=7/8 buf=752344 ep/s= 0.07 eta=4:23:18
[17:11:38] ep   158 z=-8.16 rew=-61.7101 tilt= 65.9 hold=143(min 137) k=[0.0073 0.0023 0.0021 0.0044 0.0107 0.0121 0.0095 0.0053] upd=150 anchors=3/8 buf=757136 ep/s= 0.07 eta=4:23:02
[17:11:53] ep   159 z=-7.34 rew=-52.5246 tilt= 39.6 hold=141(min 128) k=[0.0073 0.0023 0.0021 0.0044 0.0107 0.0121 0.0095 0.0053] upd=150 anchors=3/8 buf=761928 ep/s= 0.07 eta=4:22:47
[17:12:11] ep   160 z=-11.32 rew=-76.3844 tilt= 66.1 hold=140(min 136) k=[0.0073 0.0023 0.0021 0.0044 0.0107 0.0121 0.0095 0.0053] upd=150 anchors=2/8 buf=766720 ep/s= 0.07 eta=4:22:29
[17:12:27] ep   161 z=-6.37 rew=-49.0571 tilt= 33.1 hold=143(min 134) k=[0.0023 0.0021 0.0044 0.0107 0.0121 0.0095 0.0053 0.0024] upd=150 anchors=3/8 buf=771512 ep/s= 0.07 eta=4:22:13
[17:12:38] ep   162 z=-4.15 rew=-36.4673 tilt= 26.5 hold=145(min 141) k=[0.0023 0.0021 0.0044 0.0107 0.0121 0.0095 0.0053 0.0024] upd=150 anchors=5/8 buf=776304 ep/s= 0.07 eta=4:22:02
[17:12:58] ep   163 z=-7.74 rew=-56.7892 tilt= 48.3 hold=142(min 135) k=[0.0023 0.0021 0.0044 0.0107 0.0121 0.0095 0.0053 0.0024] upd=150 anchors=1/8 buf=781096 ep/s= 0.07 eta=4:21:42
[17:13:07] ep   164 z=-3.46 rew=-31.7766 tilt= 21.8 hold=143(min 138) k=[0.0023 0.0021 0.0044 0.0107 0.0121 0.0095 0.0053 0.0024] upd=150 anchors=6/8 buf=785888 ep/s= 0.07 eta=4:21:34
[17:13:15] ep   165 z=-3.76 rew=-32.3177 tilt= 17.4 hold=141(min 134) k=[0.0023 0.0021 0.0044 0.0107 0.0121 0.0095 0.0053 0.0024] upd=150 anchors=6/8 buf=790680 ep/s= 0.07 eta=4:21:25
[17:13:18] ep   166 z=-2.57 rew=-24.9665 tilt= 12.7 hold=142(min 139) k=[0.0023 0.0021 0.0044 0.0107 0.0121 0.0095 0.0053 0.0024] upd=150 anchors=8/8 buf=795472 ep/s= 0.07 eta=4:21:22
[17:13:31] ep   167 z=-8.53 rew=-57.5119 tilt= 45.2 hold=139(min 130) k=[0.0023 0.0021 0.0044 0.0107 0.0121 0.0095 0.0053 0.0024] upd=150 anchors=4/8 buf=800264 ep/s= 0.07 eta=4:21:09
[17:13:42] ep   168 z=-4.32 rew=-36.4171 tilt= 20.4 hold=141(min 139) k=[0.0023 0.0021 0.0044 0.0107 0.0121 0.0095 0.0053 0.0024] upd=150 anchors=5/8 buf=805056 ep/s= 0.07 eta=4:20:58
[17:13:53] ep   169 z=-5.73 rew=-43.2540 tilt= 37.7 hold=139(min 128) k=[0.0023 0.0021 0.0044 0.0107 0.0121 0.0095 0.0053 0.0024] upd=150 anchors=5/8 buf=809848 ep/s= 0.07 eta=4:20:48
[17:14:03] ep   170 z=-3.29 rew=-31.8313 tilt= 22.9 hold=139(min 134) k=[0.0023 0.0021 0.0044 0.0107 0.0121 0.0095 0.0053 0.0024] upd=150 anchors=5/8 buf=814640 ep/s= 0.07 eta=4:20:37
[17:14:16] ep   171 z=-8.67 rew=-58.3487 tilt= 53.7 hold=137(min 132) k=[0.0023 0.0021 0.0044 0.0107 0.0121 0.0095 0.0053 0.0024] upd=150 anchors=4/8 buf=819432 ep/s= 0.07 eta=4:20:24
[17:14:32] ep   172 z=-6.36 rew=-48.2713 tilt= 36.6 hold=138(min 134) k=[0.0023 0.0021 0.0044 0.0107 0.0121 0.0095 0.0053 0.0024] upd=150 anchors=3/8 buf=824224 ep/s= 0.07 eta=4:20:09
[17:14:45] ep   173 z=-3.04 rew=-30.3051 tilt= 25.6 hold=139(min 133) k=[0.0023 0.0021 0.0044 0.0107 0.0121 0.0095 0.0053 0.0024] upd=150 anchors=4/8 buf=829016 ep/s= 0.07 eta=4:19:56
[17:15:03] ep   174 z=-8.45 rew=-55.9833 tilt= 47.1 hold=136(min 127) k=[0.0023 0.0021 0.0044 0.0107 0.0121 0.0095 0.0053 0.0024] upd=150 anchors=2/8 buf=833808 ep/s= 0.07 eta=4:19:38
[17:15:21] ep   175 z=-7.96 rew=-56.6819 tilt= 47.3 hold=136(min 128) k=[0.0023 0.0021 0.0044 0.0107 0.0121 0.0095 0.0053 0.0024] upd=150 anchors=2/8 buf=838600 ep/s= 0.07 eta=4:19:19
[17:15:36] ep   176 z=-7.40 rew=-52.4582 tilt= 30.1 hold=136(min 127) k=[0.0023 0.0021 0.0044 0.0107 0.0121 0.0095 0.0053 0.0024] upd=150 anchors=3/8 buf=843392 ep/s= 0.07 eta=4:19:04
[17:15:54] ep   177 z=-12.13 rew=-75.1273 tilt= 59.9 hold=134(min 127) k=[0.0023 0.0021 0.0044 0.0107 0.0121 0.0095 0.0053 0.0024] upd=150 anchors=2/8 buf=848184 ep/s= 0.07 eta=4:18:46
[17:16:12] ep   178 z=-7.32 rew=-50.8831 tilt= 49.4 hold=136(min 128) k=[0.0023 0.0021 0.0044 0.0107 0.0121 0.0095 0.0053 0.0024] upd=150 anchors=2/8 buf=852976 ep/s= 0.07 eta=4:18:28
[17:16:23] ep   179 z=-7.53 rew=-49.8810 tilt= 33.7 hold=135(min 126) k=[0.0023 0.0021 0.0044 0.0107 0.0121 0.0095 0.0053 0.0024] upd=150 anchors=5/8 buf=857768 ep/s= 0.07 eta=4:18:17
[17:16:36] ep   180 z=-8.73 rew=-58.0105 tilt= 45.6 hold=135(min 126) k=[0.0023 0.0021 0.0044 0.0107 0.0121 0.0095 0.0053 0.0024] upd=150 anchors=4/8 buf=862560 ep/s= 0.07 eta=4:18:04
[17:16:47] ep   181 z=-8.76 rew=-56.3238 tilt= 37.2 hold=136(min 128) k=[0.0021 0.0044 0.0107 0.0121 0.0095 0.0053 0.0024 0.0044] upd=150 anchors=5/8 buf=867352 ep/s= 0.07 eta=4:17:54
[17:16:57] ep   182 z=-10.89 rew=-72.6957 tilt= 60.8 hold=133(min 127) k=[0.0021 0.0044 0.0107 0.0121 0.0095 0.0053 0.0024 0.0044] upd=150 anchors=5/8 buf=872144 ep/s= 0.07 eta=4:17:43
[17:17:08] ep   183 z=-11.91 rew=-76.4653 tilt= 83.4 hold=131(min 128) k=[0.0021 0.0044 0.0107 0.0121 0.0095 0.0053 0.0024 0.0044] upd=150 anchors=5/8 buf=876936 ep/s= 0.07 eta=4:17:33
[17:17:21] ep   184 z=-14.15 rew=-85.9833 tilt= 72.8 hold=130(min 122) k=[0.0021 0.0044 0.0107 0.0121 0.0095 0.0053 0.0024 0.0044] upd=150 anchors=4/8 buf=881728 ep/s= 0.07 eta=4:17:19
[17:17:37] ep   185 z=-18.40 rew=-105.0991 tilt= 80.6 hold=128(min 125) k=[0.0021 0.0044 0.0107 0.0121 0.0095 0.0053 0.0024 0.0044] upd=150 anchors=3/8 buf=886520 ep/s= 0.07 eta=4:17:04
[17:17:47] ep   186 z=-11.94 rew=-76.5912 tilt= 56.2 hold=129(min 126) k=[0.0021 0.0044 0.0107 0.0121 0.0095 0.0053 0.0024 0.0044] upd=150 anchors=5/8 buf=891312 ep/s= 0.07 eta=4:16:53
[17:18:05] ep   187 z=-17.08 rew=-97.7807 tilt= 76.6 hold=127(min 120) k=[0.0021 0.0044 0.0107 0.0121 0.0095 0.0053 0.0024 0.0044] upd=150 anchors=2/8 buf=896104 ep/s= 0.07 eta=4:16:35
[17:18:18] ep   188 z=-16.73 rew=-96.7370 tilt= 60.0 hold=130(min 124) k=[0.0021 0.0044 0.0107 0.0121 0.0095 0.0053 0.0024 0.0044] upd=150 anchors=4/8 buf=900896 ep/s= 0.07 eta=4:16:22
[17:18:32] ep   189 z=-15.97 rew=-92.9033 tilt= 60.7 hold=127(min 122) k=[0.0021 0.0044 0.0107 0.0121 0.0095 0.0053 0.0024 0.0044] upd=150 anchors=4/8 buf=905688 ep/s= 0.07 eta=4:16:09
[17:18:49] ep   190 z=-21.10 rew=-117.2729 tilt= 96.0 hold=127(min 122) k=[0.0021 0.0044 0.0107 0.0121 0.0095 0.0053 0.0024 0.0044] upd=150 anchors=2/8 buf=910480 ep/s= 0.07 eta=4:15:51
[17:19:01] ep   191 z=-15.01 rew=-88.4655 tilt= 66.5 hold=127(min 119) k=[0.0021 0.0044 0.0107 0.0121 0.0095 0.0053 0.0024 0.0044] upd=150 anchors=5/8 buf=915272 ep/s= 0.07 eta=4:15:40
[17:19:11] ep   192 z=-15.29 rew=-90.6556 tilt= 71.9 hold=129(min 122) k=[0.0021 0.0044 0.0107 0.0121 0.0095 0.0053 0.0024 0.0044] upd=150 anchors=5/8 buf=920064 ep/s= 0.07 eta=4:15:29
[17:19:22] ep   193 z=-15.20 rew=-87.9415 tilt= 68.6 hold=127(min 123) k=[0.0021 0.0044 0.0107 0.0121 0.0095 0.0053 0.0024 0.0044] upd=150 anchors=5/8 buf=924856 ep/s= 0.07 eta=4:15:18
[17:19:37] ep   194 z=-18.10 rew=-104.0422 tilt= 92.1 hold=127(min 122) k=[0.0021 0.0044 0.0107 0.0121 0.0095 0.0053 0.0024 0.0044] upd=150 anchors=3/8 buf=929648 ep/s= 0.07 eta=4:15:03
[17:19:48] ep   195 z=-17.23 rew=-98.8088 tilt= 83.4 hold=128(min 124) k=[0.0021 0.0044 0.0107 0.0121 0.0095 0.0053 0.0024 0.0044] upd=150 anchors=5/8 buf=934440 ep/s= 0.07 eta=4:14:52
[17:20:01] ep   196 z=-16.22 rew=-90.7040 tilt= 71.0 hold=126(min 120) k=[0.0021 0.0044 0.0107 0.0121 0.0095 0.0053 0.0024 0.0044] upd=150 anchors=4/8 buf=939232 ep/s= 0.07 eta=4:14:39
[17:20:14] ep   197 z=-18.97 rew=-105.5892 tilt= 78.9 hold=127(min 117) k=[0.0021 0.0044 0.0107 0.0121 0.0095 0.0053 0.0024 0.0044] upd=150 anchors=4/8 buf=944024 ep/s= 0.07 eta=4:14:26
[17:20:22] ep   198 z=-16.38 rew=-95.2460 tilt= 77.1 hold=127(min 122) k=[0.0021 0.0044 0.0107 0.0121 0.0095 0.0053 0.0024 0.0044] upd=150 anchors=6/8 buf=948816 ep/s= 0.07 eta=4:14:18
[17:20:36] ep   199 z=-16.57 rew=-94.8461 tilt= 62.6 hold=126(min 119) k=[0.0021 0.0044 0.0107 0.0121 0.0095 0.0053 0.0024 0.0044] upd=150 anchors=4/8 buf=953608 ep/s= 0.07 eta=4:14:05
[17:20:51] ep   200 z=-18.65 rew=-106.7864 tilt= 85.6 hold=128(min 123) k=[0.0021 0.0044 0.0107 0.0121 0.0095 0.0053 0.0024 0.0044] upd=150 anchors=3/8 buf=958400 ep/s= 0.07 eta=4:13:49
[17:21:16] EVAL ep   200: truth 0/4  net 0/4
[17:21:32] ep   201 z=-19.36 rew=-110.5043 tilt= 74.7 hold=128(min 122) k=[0.0044 0.0107 0.0121 0.0095 0.0053 0.0024 0.0044 0.0007] upd=150 anchors=3/8 buf=963192 ep/s= 0.07 eta=4:13:09
[17:21:47] ep   202 z=-15.80 rew=-92.5361 tilt= 50.7 hold=130(min 125) k=[0.0044 0.0107 0.0121 0.0095 0.0053 0.0024 0.0044 0.0007] upd=150 anchors=3/8 buf=967984 ep/s= 0.07 eta=4:12:53
[17:21:56] ep   203 z=-9.06 rew=-58.0576 tilt= 38.5 hold=132(min 126) k=[0.0044 0.0107 0.0121 0.0095 0.0053 0.0024 0.0044 0.0007] upd=150 anchors=6/8 buf=972776 ep/s= 0.07 eta=4:12:45
[17:22:07] ep   204 z=-7.97 rew=-52.2403 tilt= 34.5 hold=132(min 129) k=[0.0044 0.0107 0.0121 0.0095 0.0053 0.0024 0.0044 0.0007] upd=150 anchors=5/8 buf=977568 ep/s= 0.07 eta=4:12:33
[17:22:16] ep   205 z=-8.18 rew=-53.1855 tilt= 42.7 hold=133(min 129) k=[0.0044 0.0107 0.0121 0.0095 0.0053 0.0024 0.0044 0.0007] upd=150 anchors=6/8 buf=982360 ep/s= 0.07 eta=4:12:25
[17:22:29] ep   206 z=-11.45 rew=-69.5114 tilt= 55.6 hold=130(min 107) k=[0.0044 0.0107 0.0121 0.0095 0.0053 0.0024 0.0044 0.0007] upd=150 anchors=4/8 buf=987152 ep/s= 0.07 eta=4:12:12
[17:22:39] ep   207 z=-9.99 rew=-60.0598 tilt= 32.7 hold=132(min 107) k=[0.0044 0.0107 0.0121 0.0095 0.0053 0.0024 0.0044 0.0007] upd=150 anchors=5/8 buf=991944 ep/s= 0.07 eta=4:12:01
[17:22:55] ep   208 z=-13.80 rew=-80.4076 tilt= 61.8 hold=129(min 107) k=[0.0044 0.0107 0.0121 0.0095 0.0053 0.0024 0.0044 0.0007] upd=150 anchors=3/8 buf=996736 ep/s= 0.07 eta=4:11:45
[17:23:13] ep   209 z=-12.32 rew=-74.6532 tilt= 72.3 hold=130(min 107) k=[0.0044 0.0107 0.0121 0.0095 0.0053 0.0024 0.0044 0.0007] upd=150 anchors=2/8 buf=1000000 ep/s= 0.07 eta=4:11:27
[17:23:21] ep   210 z=-7.66 rew=-51.4432 tilt= 27.0 hold=137(min 130) k=[0.0044 0.0107 0.0121 0.0095 0.0053 0.0024 0.0044 0.0007] upd=150 anchors=6/8 buf=1000000 ep/s= 0.07 eta=4:11:19
[17:23:32] ep   211 z=-8.43 rew=-55.3817 tilt= 43.8 hold=134(min 107) k=[0.0044 0.0107 0.0121 0.0095 0.0053 0.0024 0.0044 0.0007] upd=150 anchors=5/8 buf=1000000 ep/s= 0.07 eta=4:11:08
[17:23:45] ep   212 z=-8.77 rew=-57.0225 tilt= 45.5 hold=133(min 108) k=[0.0044 0.0107 0.0121 0.0095 0.0053 0.0024 0.0044 0.0007] upd=150 anchors=4/8 buf=1000000 ep/s= 0.07 eta=4:10:55
[17:23:56] ep   213 z=-8.77 rew=-56.5990 tilt= 44.9 hold=135(min 107) k=[0.0044 0.0107 0.0121 0.0095 0.0053 0.0024 0.0044 0.0007] upd=150 anchors=5/8 buf=1000000 ep/s= 0.07 eta=4:10:44
[17:24:09] ep   214 z=-7.01 rew=-47.8809 tilt= 37.2 hold=136(min 108) k=[0.0044 0.0107 0.0121 0.0095 0.0053 0.0024 0.0044 0.0007] upd=150 anchors=4/8 buf=1000000 ep/s= 0.07 eta=4:10:31
[17:24:25] ep   215 z=-11.07 rew=-69.8604 tilt= 66.3 hold=134(min 108) k=[0.0044 0.0107 0.0121 0.0095 0.0053 0.0024 0.0044 0.0007] upd=150 anchors=3/8 buf=1000000 ep/s= 0.07 eta=4:10:16
[17:24:40] ep   216 z=-11.28 rew=-69.6584 tilt= 42.9 hold=135(min 109) k=[0.0044 0.0107 0.0121 0.0095 0.0053 0.0024 0.0044 0.0007] upd=150 anchors=3/8 buf=1000000 ep/s= 0.07 eta=4:10:00
[17:24:51] ep   217 z=-7.03 rew=-47.8653 tilt= 36.7 hold=136(min 108) k=[0.0044 0.0107 0.0121 0.0095 0.0053 0.0024 0.0044 0.0007] upd=150 anchors=5/8 buf=1000000 ep/s= 0.07 eta=4:09:50
[17:24:59] ep   218 z=-4.80 rew=-38.4604 tilt= 23.1 hold=143(min 142) k=[0.0044 0.0107 0.0121 0.0095 0.0053 0.0024 0.0044 0.0007] upd=150 anchors=6/8 buf=1000000 ep/s= 0.07 eta=4:09:41
[17:25:14] ep   219 z=-11.13 rew=-69.7892 tilt= 56.7 hold=135(min 110) k=[0.0044 0.0107 0.0121 0.0095 0.0053 0.0024 0.0044 0.0007] upd=150 anchors=3/8 buf=1000000 ep/s= 0.07 eta=4:09:26
[17:25:28] ep   220 z=-9.14 rew=-60.4042 tilt= 38.9 hold=139(min 132) k=[0.0044 0.0107 0.0121 0.0095 0.0053 0.0024 0.0044 0.0007] upd=150 anchors=4/8 buf=1000000 ep/s= 0.07 eta=4:09:13
[17:25:43] ep   221 z=-10.66 rew=-69.3175 tilt= 66.8 hold=138(min 128) k=[0.0107 0.0121 0.0095 0.0053 0.0024 0.0044 0.0007 0.0106] upd=150 anchors=3/8 buf=1000000 ep/s= 0.07 eta=4:08:57
[17:25:54] ep   222 z=-9.42 rew=-58.7373 tilt= 43.9 hold=134(min 110) k=[0.0107 0.0121 0.0095 0.0053 0.0024 0.0044 0.0007 0.0106] upd=150 anchors=5/8 buf=1000000 ep/s= 0.07 eta=4:08:46
[17:26:07] ep   223 z=-10.01 rew=-66.0609 tilt= 49.6 hold=136(min 130) k=[0.0107 0.0121 0.0095 0.0053 0.0024 0.0044 0.0007 0.0106] upd=150 anchors=4/8 buf=1000000 ep/s= 0.07 eta=4:08:33
[17:26:18] ep   224 z=-8.66 rew=-59.5904 tilt= 43.8 hold=137(min 128) k=[0.0107 0.0121 0.0095 0.0053 0.0024 0.0044 0.0007 0.0106] upd=150 anchors=5/8 buf=1000000 ep/s= 0.07 eta=4:08:23
[17:26:29] ep   225 z=-8.27 rew=-56.7831 tilt= 40.7 hold=136(min 129) k=[0.0107 0.0121 0.0095 0.0053 0.0024 0.0044 0.0007 0.0106] upd=150 anchors=5/8 buf=1000000 ep/s= 0.07 eta=4:08:12
[17:26:37] ep   226 z=-6.81 rew=-49.4931 tilt= 38.4 hold=138(min 131) k=[0.0107 0.0121 0.0095 0.0053 0.0024 0.0044 0.0007 0.0106] upd=150 anchors=6/8 buf=1000000 ep/s= 0.07 eta=4:08:04
[17:26:47] ep   227 z=-9.66 rew=-62.1615 tilt= 52.6 hold=133(min 110) k=[0.0107 0.0121 0.0095 0.0053 0.0024 0.0044 0.0007 0.0106] upd=150 anchors=5/8 buf=1000000 ep/s= 0.07 eta=4:07:53
[17:26:58] ep   228 z=-9.75 rew=-62.9295 tilt= 48.0 hold=134(min 110) k=[0.0107 0.0121 0.0095 0.0053 0.0024 0.0044 0.0007 0.0106] upd=150 anchors=5/8 buf=1000000 ep/s= 0.07 eta=4:07:42
[17:27:06] ep   229 z=-6.83 rew=-48.8104 tilt= 36.5 hold=138(min 133) k=[0.0107 0.0121 0.0095 0.0053 0.0024 0.0044 0.0007 0.0106] upd=150 anchors=6/8 buf=1000000 ep/s= 0.07 eta=4:07:34
[17:27:12] ep   230 z=-6.71 rew=-48.2331 tilt= 38.2 hold=138(min 136) k=[0.0107 0.0121 0.0095 0.0053 0.0024 0.0044 0.0007 0.0106] upd=150 anchors=7/8 buf=1000000 ep/s= 0.07 eta=4:07:28
[17:27:25] ep   231 z=-11.38 rew=-74.0149 tilt= 54.5 hold=138(min 131) k=[0.0107 0.0121 0.0095 0.0053 0.0024 0.0044 0.0007 0.0106] upd=150 anchors=4/8 buf=1000000 ep/s= 0.07 eta=4:07:15
[17:27:36] ep   232 z=-11.76 rew=-74.5629 tilt= 60.8 hold=136(min 111) k=[0.0107 0.0121 0.0095 0.0053 0.0024 0.0044 0.0007 0.0106] upd=150 anchors=5/8 buf=1000000 ep/s= 0.07 eta=4:07:04
[17:27:47] ep   233 z=-9.82 rew=-65.2124 tilt= 44.7 hold=140(min 137) k=[0.0107 0.0121 0.0095 0.0053 0.0024 0.0044 0.0007 0.0106] upd=150 anchors=5/8 buf=1000000 ep/s= 0.07 eta=4:06:54
[17:27:57] ep   234 z=-8.71 rew=-59.2183 tilt= 48.3 hold=139(min 133) k=[0.0107 0.0121 0.0095 0.0053 0.0024 0.0044 0.0007 0.0106] upd=150 anchors=5/8 buf=1000000 ep/s= 0.07 eta=4:06:43
[17:28:11] ep   235 z=-11.88 rew=-76.2312 tilt= 70.3 hold=138(min 109) k=[0.0107 0.0121 0.0095 0.0053 0.0024 0.0044 0.0007 0.0106] upd=150 anchors=4/8 buf=1000000 ep/s= 0.07 eta=4:06:30
[17:28:19] ep   236 z=-8.25 rew=-56.2466 tilt= 51.7 hold=140(min 135) k=[0.0107 0.0121 0.0095 0.0053 0.0024 0.0044 0.0007 0.0106] upd=150 anchors=6/8 buf=1000000 ep/s= 0.07 eta=4:06:22
[17:28:24] ep   237 z=-9.80 rew=-65.5585 tilt= 59.2 hold=139(min 137) k=[0.0107 0.0121 0.0095 0.0053 0.0024 0.0044 0.0007 0.0106] upd=150 anchors=7/8 buf=1000000 ep/s= 0.07 eta=4:06:16
[17:28:30] ep   238 z=-7.80 rew=-55.6853 tilt= 63.5 hold=139(min 136) k=[0.0107 0.0121 0.0095 0.0053 0.0024 0.0044 0.0007 0.0106] upd=150 anchors=7/8 buf=1000000 ep/s= 0.07 eta=4:06:10
[17:28:48] ep   239 z=-13.83 rew=-89.6628 tilt= 86.7 hold=143(min 131) k=[0.0107 0.0121 0.0095 0.0053 0.0024 0.0044 0.0007 0.0106] upd=150 anchors=2/8 buf=1000000 ep/s= 0.07 eta=4:05:52
[17:28:59] ep   240 z=-10.37 rew=-69.6639 tilt= 44.5 hold=140(min 131) k=[0.0107 0.0121 0.0095 0.0053 0.0024 0.0044 0.0007 0.0106] upd=150 anchors=5/8 buf=1000000 ep/s= 0.07 eta=4:05:42
[17:29:07] ep   241 z=-10.65 rew=-70.2103 tilt= 79.7 hold=138(min 134) k=[0.0121 0.0095 0.0053 0.0024 0.0044 0.0007 0.0106 0.0126] upd=150 anchors=6/8 buf=1000000 ep/s= 0.07 eta=4:05:33
[17:29:22] ep   242 z=-16.86 rew=-101.2668 tilt= 81.5 hold=136(min 108) k=[0.0121 0.0095 0.0053 0.0024 0.0044 0.0007 0.0106 0.0126] upd=150 anchors=3/8 buf=1000000 ep/s= 0.07 eta=4:05:18
[17:29:40] ep   243 z=-16.75 rew=-104.6366 tilt= 67.6 hold=140(min 125) k=[0.0121 0.0095 0.0053 0.0024 0.0044 0.0007 0.0106 0.0126] upd=150 anchors=2/8 buf=1000000 ep/s= 0.07 eta=4:05:00
[17:29:54] ep   244 z=-18.13 rew=-104.0035 tilt= 80.0 hold=132(min 107) k=[0.0121 0.0095 0.0053 0.0024 0.0044 0.0007 0.0106 0.0126] upd=150 anchors=4/8 buf=1000000 ep/s= 0.07 eta=4:04:47
[17:30:04] ep   245 z=-17.96 rew=-105.0450 tilt= 73.5 hold=130(min 110) k=[0.0121 0.0095 0.0053 0.0024 0.0044 0.0007 0.0106 0.0126] upd=150 anchors=5/8 buf=1000000 ep/s= 0.07 eta=4:04:36
[17:30:15] ep   246 z=-17.95 rew=-101.9076 tilt= 65.4 hold=133(min 111) k=[0.0121 0.0095 0.0053 0.0024 0.0044 0.0007 0.0106 0.0126] upd=150 anchors=5/8 buf=1000000 ep/s= 0.07 eta=4:04:25
[17:30:28] ep   247 z=-17.33 rew=-102.2501 tilt= 76.3 hold=138(min 127) k=[0.0121 0.0095 0.0053 0.0024 0.0044 0.0007 0.0106 0.0126] upd=150 anchors=4/8 buf=1000000 ep/s= 0.07 eta=4:04:12
[17:30:41] ep   248 z=-15.47 rew=-93.6567 tilt= 79.8 hold=140(min 109) k=[0.0121 0.0095 0.0053 0.0024 0.0044 0.0007 0.0106 0.0126] upd=150 anchors=4/8 buf=1000000 ep/s= 0.07 eta=4:03:59
[17:30:54] ep   249 z=-17.00 rew=-96.6941 tilt= 56.0 hold=132(min 109) k=[0.0121 0.0095 0.0053 0.0024 0.0044 0.0007 0.0106 0.0126] upd=150 anchors=4/8 buf=1000000 ep/s= 0.07 eta=4:03:46
[17:31:05] ep   250 z=-18.22 rew=-103.0867 tilt= 81.2 hold=130(min 113) k=[0.0121 0.0095 0.0053 0.0024 0.0044 0.0007 0.0106 0.0126] upd=150 anchors=5/8 buf=1000000 ep/s= 0.07 eta=4:03:36
[17:31:30] EVAL ep   250: truth 0/4  net 0/4
[17:31:43] ep   251 z=-18.64 rew=-107.7297 tilt= 71.4 hold=131(min 112) k=[0.0121 0.0095 0.0053 0.0024 0.0044 0.0007 0.0106 0.0126] upd=150 anchors=4/8 buf=1000000 ep/s= 0.07 eta=4:02:57
[17:31:51] ep   252 z=-17.65 rew=-100.1901 tilt= 67.3 hold=134(min 127) k=[0.0121 0.0095 0.0053 0.0024 0.0044 0.0007 0.0106 0.0126] upd=150 anchors=6/8 buf=1000000 ep/s= 0.07 eta=4:02:49
[17:32:07] ep   253 z=-17.41 rew=-99.2324 tilt= 68.8 hold=135(min 112) k=[0.0121 0.0095 0.0053 0.0024 0.0044 0.0007 0.0106 0.0126] upd=150 anchors=3/8 buf=1000000 ep/s= 0.07 eta=4:02:33
[17:32:22] ep   254 z=-18.70 rew=-102.9314 tilt= 83.2 hold=131(min 114) k=[0.0121 0.0095 0.0053 0.0024 0.0044 0.0007 0.0106 0.0126] upd=150 anchors=3/8 buf=1000000 ep/s= 0.07 eta=4:02:18
[17:32:31] ep   255 z=-15.89 rew=-89.9540 tilt= 74.4 hold=133(min 115) k=[0.0121 0.0095 0.0053 0.0024 0.0044 0.0007 0.0106 0.0126] upd=150 anchors=6/8 buf=1000000 ep/s= 0.07 eta=4:02:10
[17:32:37] ep   256 z=-15.65 rew=-83.1979 tilt= 68.9 hold=135(min 131) k=[0.0121 0.0095 0.0053 0.0024 0.0044 0.0007 0.0106 0.0126] upd=150 anchors=7/8 buf=1000000 ep/s= 0.07 eta=4:02:04
[17:32:50] ep   257 z=-17.77 rew=-99.4628 tilt= 68.5 hold=132(min 114) k=[0.0121 0.0095 0.0053 0.0024 0.0044 0.0007 0.0106 0.0126] upd=150 anchors=4/8 buf=1000000 ep/s= 0.07 eta=4:01:51
[17:32:58] ep   258 z=-16.61 rew=-92.4555 tilt= 81.5 hold=137(min 129) k=[0.0121 0.0095 0.0053 0.0024 0.0044 0.0007 0.0106 0.0126] upd=150 anchors=6/8 buf=1000000 ep/s= 0.07 eta=4:01:42
[17:33:09] ep   259 z=-15.93 rew=-90.7312 tilt= 77.4 hold=137(min 135) k=[0.0121 0.0095 0.0053 0.0024 0.0044 0.0007 0.0106 0.0126] upd=150 anchors=5/8 buf=1000000 ep/s= 0.07 eta=4:01:32
[17:33:19] ep   260 z=-17.25 rew=-97.6919 tilt= 77.6 hold=136(min 130) k=[0.0121 0.0095 0.0053 0.0024 0.0044 0.0007 0.0106 0.0126] upd=150 anchors=5/8 buf=1000000 ep/s= 0.07 eta=4:01:21
[17:33:32] ep   261 z=-16.43 rew=-93.1009 tilt= 72.7 hold=136(min 130) k=[0.0095 0.0053 0.0024 0.0044 0.0007 0.0106 0.0126 0.0041] upd=150 anchors=4/8 buf=1000000 ep/s= 0.07 eta=4:01:08
[17:33:43] ep   262 z=-9.95 rew=-64.6710 tilt= 41.1 hold=140(min 133) k=[0.0095 0.0053 0.0024 0.0044 0.0007 0.0106 0.0126 0.0041] upd=150 anchors=5/8 buf=1000000 ep/s= 0.07 eta=4:00:57
[17:33:54] ep   263 z=-9.47 rew=-61.5917 tilt= 50.4 hold=141(min 134) k=[0.0095 0.0053 0.0024 0.0044 0.0007 0.0106 0.0126 0.0041] upd=150 anchors=5/8 buf=1000000 ep/s= 0.07 eta=4:00:47
[17:34:02] ep   264 z=-7.95 rew=-54.5857 tilt= 44.8 hold=142(min 133) k=[0.0095 0.0053 0.0024 0.0044 0.0007 0.0106 0.0126 0.0041] upd=150 anchors=6/8 buf=1000000 ep/s= 0.07 eta=4:00:39
[17:34:17] ep   265 z=-13.03 rew=-83.2272 tilt= 75.1 hold=140(min 131) k=[0.0095 0.0053 0.0024 0.0044 0.0007 0.0106 0.0126 0.0041] upd=150 anchors=3/8 buf=1000000 ep/s= 0.07 eta=4:00:23
[17:34:28] ep   266 z=-9.36 rew=-61.3389 tilt= 42.6 hold=140(min 133) k=[0.0095 0.0053 0.0024 0.0044 0.0007 0.0106 0.0126 0.0041] upd=150 anchors=5/8 buf=1000000 ep/s= 0.07 eta=4:00:12
[17:34:39] ep   267 z=-9.46 rew=-61.9245 tilt= 48.2 hold=141(min 137) k=[0.0095 0.0053 0.0024 0.0044 0.0007 0.0106 0.0126 0.0041] upd=150 anchors=5/8 buf=1000000 ep/s= 0.07 eta=4:00:02
[17:34:57] ep   268 z=-12.25 rew=-78.2474 tilt= 61.4 hold=136(min 115) k=[0.0095 0.0053 0.0024 0.0044 0.0007 0.0106 0.0126 0.0041] upd=150 anchors=2/8 buf=1000000 ep/s= 0.07 eta=3:59:44
[17:35:10] ep   269 z=-11.01 rew=-70.7955 tilt= 56.4 hold=136(min 114) k=[0.0095 0.0053 0.0024 0.0044 0.0007 0.0106 0.0126 0.0041] upd=150 anchors=4/8 buf=1000000 ep/s= 0.07 eta=3:59:31
[17:35:23] ep   270 z=-12.14 rew=-75.0819 tilt= 57.5 hold=136(min 115) k=[0.0095 0.0053 0.0024 0.0044 0.0007 0.0106 0.0126 0.0041] upd=150 anchors=4/8 buf=1000000 ep/s= 0.07 eta=3:59:18
[17:35:31] ep   271 z=-6.76 rew=-46.9884 tilt= 29.3 hold=139(min 138) k=[0.0095 0.0053 0.0024 0.0044 0.0007 0.0106 0.0126 0.0041] upd=150 anchors=6/8 buf=1000000 ep/s= 0.07 eta=3:59:09
[17:35:47] ep   272 z=-11.18 rew=-71.4622 tilt= 58.3 hold=138(min 136) k=[0.0095 0.0053 0.0024 0.0044 0.0007 0.0106 0.0126 0.0041] upd=150 anchors=3/8 buf=1000000 ep/s= 0.07 eta=3:58:54
[17:36:02] ep   273 z=-9.27 rew=-63.1999 tilt= 52.7 hold=140(min 132) k=[0.0095 0.0053 0.0024 0.0044 0.0007 0.0106 0.0126 0.0041] upd=150 anchors=3/8 buf=1000000 ep/s= 0.07 eta=3:58:38
[17:36:15] ep   274 z=-9.32 rew=-61.1028 tilt= 44.4 hold=136(min 129) k=[0.0095 0.0053 0.0024 0.0044 0.0007 0.0106 0.0126 0.0041] upd=150 anchors=4/8 buf=1000000 ep/s= 0.07 eta=3:58:25
[17:36:31] ep   275 z=-8.87 rew=-60.8430 tilt= 51.1 hold=139(min 136) k=[0.0095 0.0053 0.0024 0.0044 0.0007 0.0106 0.0126 0.0041] upd=150 anchors=3/8 buf=1000000 ep/s= 0.07 eta=3:58:10
[17:36:44] ep   276 z=-7.69 rew=-53.1381 tilt= 37.2 hold=138(min 133) k=[0.0095 0.0053 0.0024 0.0044 0.0007 0.0106 0.0126 0.0041] upd=150 anchors=4/8 buf=1000000 ep/s= 0.07 eta=3:57:57
[17:36:59] ep   277 z=-11.53 rew=-74.1803 tilt= 59.1 hold=133(min 113) k=[0.0095 0.0053 0.0024 0.0044 0.0007 0.0106 0.0126 0.0041] upd=150 anchors=3/8 buf=1000000 ep/s= 0.07 eta=3:57:41
[17:37:10] ep   278 z=-6.64 rew=-46.0009 tilt= 35.7 hold=135(min 111) k=[0.0095 0.0053 0.0024 0.0044 0.0007 0.0106 0.0126 0.0041] upd=150 anchors=5/8 buf=1000000 ep/s= 0.07 eta=3:57:30
[17:37:18] ep   279 z=-6.84 rew=-48.2153 tilt= 28.8 hold=138(min 137) k=[0.0095 0.0053 0.0024 0.0044 0.0007 0.0106 0.0126 0.0041] upd=150 anchors=6/8 buf=1000000 ep/s= 0.07 eta=3:57:22
[17:37:26] ep   280 z=-5.77 rew=-42.0520 tilt= 26.4 hold=135(min 111) k=[0.0095 0.0053 0.0024 0.0044 0.0007 0.0106 0.0126 0.0041] upd=150 anchors=6/8 buf=1000000 ep/s= 0.07 eta=3:57:14
[17:37:39] ep   281 z=-8.89 rew=-58.5996 tilt= 48.7 hold=133(min 111) k=[0.0053 0.0024 0.0044 0.0007 0.0106 0.0126 0.0041 0.001 ] upd=150 anchors=4/8 buf=1000000 ep/s= 0.07 eta=3:57:01
[17:37:50] ep   282 z=-4.70 rew=-35.5129 tilt= 19.6 hold=135(min 116) k=[0.0053 0.0024 0.0044 0.0007 0.0106 0.0126 0.0041 0.001 ] upd=150 anchors=5/8 buf=1000000 ep/s= 0.07 eta=3:56:50
[17:38:03] ep   283 z=-8.18 rew=-54.5415 tilt= 42.0 hold=133(min 116) k=[0.0053 0.0024 0.0044 0.0007 0.0106 0.0126 0.0041 0.001 ] upd=150 anchors=4/8 buf=1000000 ep/s= 0.07 eta=3:56:37
[17:38:16] ep   284 z=-6.07 rew=-44.5333 tilt= 28.9 hold=137(min 118) k=[0.0053 0.0024 0.0044 0.0007 0.0106 0.0126 0.0041 0.001 ] upd=150 anchors=4/8 buf=1000000 ep/s= 0.07 eta=3:56:24
[17:38:27] ep   285 z=-3.57 rew=-31.9981 tilt= 22.2 hold=140(min 138) k=[0.0053 0.0024 0.0044 0.0007 0.0106 0.0126 0.0041 0.001 ] upd=150 anchors=5/8 buf=1000000 ep/s= 0.07 eta=3:56:13
[17:38:45] ep   286 z=-7.02 rew=-49.2300 tilt= 32.1 hold=132(min 109) k=[0.0053 0.0024 0.0044 0.0007 0.0106 0.0126 0.0041 0.001 ] upd=150 anchors=2/8 buf=1000000 ep/s= 0.07 eta=3:55:56
[17:39:00] ep   287 z=-5.67 rew=-42.2353 tilt= 33.9 hold=136(min 111) k=[0.0053 0.0024 0.0044 0.0007 0.0106 0.0126 0.0041 0.001 ] upd=150 anchors=3/8 buf=1000000 ep/s= 0.07 eta=3:55:40
[17:39:09] ep   288 z=-3.90 rew=-34.7151 tilt= 27.6 hold=141(min 139) k=[0.0053 0.0024 0.0044 0.0007 0.0106 0.0126 0.0041 0.001 ] upd=150 anchors=6/8 buf=1000000 ep/s= 0.07 eta=3:55:32
[17:39:24] ep   289 z=-5.94 rew=-43.1030 tilt= 31.6 hold=133(min 108) k=[0.0053 0.0024 0.0044 0.0007 0.0106 0.0126 0.0041 0.001 ] upd=150 anchors=3/8 buf=1000000 ep/s= 0.07 eta=3:55:16
[17:39:32] ep   290 z=-4.91 rew=-39.0376 tilt= 31.1 hold=139(min 135) k=[0.0053 0.0024 0.0044 0.0007 0.0106 0.0126 0.0041 0.001 ] upd=150 anchors=6/8 buf=1000000 ep/s= 0.07 eta=3:55:08
[17:39:46] ep   291 z=-4.38 rew=-36.9981 tilt= 20.7 hold=136(min 116) k=[0.0053 0.0024 0.0044 0.0007 0.0106 0.0126 0.0041 0.001 ] upd=150 anchors=4/8 buf=1000000 ep/s= 0.07 eta=3:54:55
[17:39:59] ep   292 z=-5.89 rew=-44.3283 tilt= 27.8 hold=134(min 116) k=[0.0053 0.0024 0.0044 0.0007 0.0106 0.0126 0.0041 0.001 ] upd=150 anchors=4/8 buf=1000000 ep/s= 0.07 eta=3:54:42
[17:40:07] ep   293 z=-4.10 rew=-34.1193 tilt= 28.2 hold=135(min 109) k=[0.0053 0.0024 0.0044 0.0007 0.0106 0.0126 0.0041 0.001 ] upd=150 anchors=6/8 buf=1000000 ep/s= 0.07 eta=3:54:34
[17:40:22] ep   294 z=-6.90 rew=-49.9967 tilt= 46.8 hold=133(min 109) k=[0.0053 0.0024 0.0044 0.0007 0.0106 0.0126 0.0041 0.001 ] upd=150 anchors=3/8 buf=1000000 ep/s= 0.07 eta=3:54:18
[17:40:35] ep   295 z=-6.76 rew=-48.8301 tilt= 44.4 hold=136(min 109) k=[0.0053 0.0024 0.0044 0.0007 0.0106 0.0126 0.0041 0.001 ] upd=150 anchors=4/8 buf=1000000 ep/s= 0.07 eta=3:54:05
[17:40:51] ep   296 z=-5.11 rew=-40.0240 tilt= 28.8 hold=133(min 108) k=[0.0053 0.0024 0.0044 0.0007 0.0106 0.0126 0.0041 0.001 ] upd=150 anchors=3/8 buf=1000000 ep/s= 0.07 eta=3:53:50
[17:41:01] ep   297 z=-3.56 rew=-31.5268 tilt= 24.5 hold=134(min 110) k=[0.0053 0.0024 0.0044 0.0007 0.0106 0.0126 0.0041 0.001 ] upd=150 anchors=5/8 buf=1000000 ep/s= 0.07 eta=3:53:39
[17:41:20] ep   298 z=-5.61 rew=-46.2208 tilt= 33.5 hold=140(min 137) k=[0.0053 0.0024 0.0044 0.0007 0.0106 0.0126 0.0041 0.001 ] upd=150 anchors=2/8 buf=1000000 ep/s= 0.07 eta=3:53:20
[17:41:29] ep   299 z=-2.26 rew=-26.0428 tilt= 17.7 hold=139(min 137) k=[0.0053 0.0024 0.0044 0.0007 0.0106 0.0126 0.0041 0.001 ] upd=150 anchors=6/8 buf=1000000 ep/s= 0.07 eta=3:53:11
[17:41:46] ep   300 z=-5.49 rew=-45.1923 tilt= 32.8 hold=135(min 116) k=[0.0053 0.0024 0.0044 0.0007 0.0106 0.0126 0.0041 0.001 ] upd=150 anchors=3/8 buf=1000000 ep/s= 0.07 eta=3:52:54
[17:42:16] EVAL ep   300: truth 0/4  net 0/4
[17:42:32] ep   301 z=-7.10 rew=-51.0356 tilt= 33.8 hold=131(min 111) k=[0.0024 0.0044 0.0007 0.0106 0.0126 0.0041 0.001  0.0013] upd=150 anchors=3/8 buf=1000000 ep/s= 0.07 eta=3:52:08
[17:42:42] ep   302 z=-2.39 rew=-26.9834 tilt= 17.6 hold=136(min 113) k=[0.0024 0.0044 0.0007 0.0106 0.0126 0.0041 0.001  0.0013] upd=150 anchors=6/8 buf=1000000 ep/s= 0.07 eta=3:51:59
[17:42:56] ep   303 z=-4.97 rew=-43.6762 tilt= 33.9 hold=134(min 113) k=[0.0024 0.0044 0.0007 0.0106 0.0126 0.0041 0.001  0.0013] upd=150 anchors=4/8 buf=1000000 ep/s= 0.07 eta=3:51:44
[17:43:16] ep   304 z=-7.83 rew=-60.6209 tilt= 53.2 hold=131(min 111) k=[0.0024 0.0044 0.0007 0.0106 0.0126 0.0041 0.001  0.0013] upd=150 anchors=2/8 buf=1000000 ep/s= 0.07 eta=3:51:24
[17:43:33] ep   305 z=-5.87 rew=-46.0238 tilt= 26.0 hold=137(min 114) k=[0.0024 0.0044 0.0007 0.0106 0.0126 0.0041 0.001  0.0013] upd=150 anchors=3/8 buf=1000000 ep/s= 0.07 eta=3:51:07
[17:43:50] ep   306 z=-7.07 rew=-52.8631 tilt= 44.9 hold=135(min 110) k=[0.0024 0.0044 0.0007 0.0106 0.0126 0.0041 0.001  0.0013] upd=150 anchors=3/8 buf=1000000 ep/s= 0.07 eta=3:50:50
[17:44:08] ep   307 z=-8.46 rew=-58.0065 tilt= 39.9 hold=133(min 111) k=[0.0024 0.0044 0.0007 0.0106 0.0126 0.0041 0.001  0.0013] upd=150 anchors=3/8 buf=1000000 ep/s= 0.07 eta=3:50:33
[17:44:27] ep   308 z=-9.67 rew=-65.5195 tilt= 49.6 hold=129(min 111) k=[0.0024 0.0044 0.0007 0.0106 0.0126 0.0041 0.001  0.0013] upd=150 anchors=2/8 buf=1000000 ep/s= 0.07 eta=3:50:13
[17:44:39] ep   309 z=-4.01 rew=-34.4746 tilt= 25.7 hold=132(min 109) k=[0.0024 0.0044 0.0007 0.0106 0.0126 0.0041 0.001  0.0013] upd=150 anchors=5/8 buf=1000000 ep/s= 0.07 eta=3:50:01
[17:44:54] ep   310 z=-6.80 rew=-49.4356 tilt= 37.5 hold=131(min 107) k=[0.0024 0.0044 0.0007 0.0106 0.0126 0.0041 0.001  0.0013] upd=150 anchors=4/8 buf=1000000 ep/s= 0.07 eta=3:49:47
[17:45:05] ep   311 z=-2.43 rew=-28.4366 tilt= 17.9 hold=135(min 111) k=[0.0024 0.0044 0.0007 0.0106 0.0126 0.0041 0.001  0.0013] upd=150 anchors=5/8 buf=1000000 ep/s= 0.07 eta=3:49:35
[17:45:20] ep   312 z=-3.84 rew=-36.8402 tilt= 35.1 hold=136(min 117) k=[0.0024 0.0044 0.0007 0.0106 0.0126 0.0041 0.001  0.0013] upd=150 anchors=4/8 buf=1000000 ep/s= 0.07 eta=3:49:21
[17:45:37] ep   313 z=-7.15 rew=-52.1891 tilt= 37.1 hold=129(min 110) k=[0.0024 0.0044 0.0007 0.0106 0.0126 0.0041 0.001  0.0013] upd=150 anchors=3/8 buf=1000000 ep/s= 0.07 eta=3:49:04
[17:45:46] ep   314 z=-4.38 rew=-36.9507 tilt= 25.9 hold=141(min 132) k=[0.0024 0.0044 0.0007 0.0106 0.0126 0.0041 0.001  0.0013] upd=150 anchors=6/8 buf=1000000 ep/s= 0.07 eta=3:48:54
[17:46:06] ep   315 z=-9.03 rew=-62.6876 tilt= 40.3 hold=130(min 108) k=[0.0024 0.0044 0.0007 0.0106 0.0126 0.0041 0.001  0.0013] upd=150 anchors=2/8 buf=1000000 ep/s= 0.07 eta=3:48:35
[17:46:23] ep   316 z=-9.37 rew=-63.3867 tilt= 38.6 hold=133(min 111) k=[0.0024 0.0044 0.0007 0.0106 0.0126 0.0041 0.001  0.0013] upd=150 anchors=3/8 buf=1000000 ep/s= 0.07 eta=3:48:17
[17:46:32] ep   317 z=-1.85 rew=-25.1092 tilt= 16.2 hold=140(min 136) k=[0.0024 0.0044 0.0007 0.0106 0.0126 0.0041 0.001  0.0013] upd=150 anchors=6/8 buf=1000000 ep/s= 0.07 eta=3:48:08
[17:46:44] ep   318 z=-7.75 rew=-53.7449 tilt= 29.6 hold=137(min 128) k=[0.0024 0.0044 0.0007 0.0106 0.0126 0.0041 0.001  0.0013] upd=150 anchors=5/8 buf=1000000 ep/s= 0.07 eta=3:47:57
[17:46:53] ep   319 z=-7.72 rew=-54.6219 tilt= 35.8 hold=137(min 128) k=[0.0024 0.0044 0.0007 0.0106 0.0126 0.0041 0.001  0.0013] upd=150 anchors=6/8 buf=1000000 ep/s= 0.07 eta=3:47:48
[17:47:05] ep   320 z=-5.89 rew=-48.1142 tilt= 30.9 hold=137(min 114) k=[0.0024 0.0044 0.0007 0.0106 0.0126 0.0041 0.001  0.0013] upd=150 anchors=5/8 buf=1000000 ep/s= 0.07 eta=3:47:36
[17:47:16] ep   321 z=-8.20 rew=-57.2673 tilt= 35.0 hold=136(min 114) k=[0.0044 0.0007 0.0106 0.0126 0.0041 0.001  0.0013 0.0049] upd=150 anchors=5/8 buf=1000000 ep/s= 0.07 eta=3:47:25
[17:47:31] ep   322 z=-5.98 rew=-47.7658 tilt= 45.4 hold=132(min 112) k=[0.0044 0.0007 0.0106 0.0126 0.0041 0.001  0.0013 0.0049] upd=150 anchors=3/8 buf=1000000 ep/s= 0.07 eta=3:47:09
[17:47:42] ep   323 z=-2.12 rew=-27.3233 tilt= 20.0 hold=139(min 136) k=[0.0044 0.0007 0.0106 0.0126 0.0041 0.001  0.0013 0.0049] upd=150 anchors=5/8 buf=1000000 ep/s= 0.07 eta=3:46:58
[17:47:50] ep   324 z=-1.96 rew=-26.6247 tilt= 13.0 hold=135(min 118) k=[0.0044 0.0007 0.0106 0.0126 0.0041 0.001  0.0013 0.0049] upd=150 anchors=6/8 buf=1000000 ep/s= 0.07 eta=3:46:50
[17:48:03] ep   325 z=-7.44 rew=-54.8730 tilt= 47.0 hold=136(min 119) k=[0.0044 0.0007 0.0106 0.0126 0.0041 0.001  0.0013 0.0049] upd=150 anchors=4/8 buf=1000000 ep/s= 0.07 eta=3:46:37
