[14:29:01] run=deploy_noorbit estimator=results/e2e_v12.pt warm_start=shutdown_real_7_4 device=cuda anchor=0.5 ep_len=600 envs=8
[14:29:21] identified 8+8 draws in 19s: k_med 0.008m k_range [0.001,0.011]
[14:29:45] EVAL ep 0: truth 4/4  net 2/4
[14:30:00] ep     1 z= 1.00 rew=-47.8796 tilt= 57.6 hold=488(min 136) k=[0.006  0.0105 0.0091 0.0108 0.0074 0.0015 0.0005 0.0073] upd=150 anchors=3/8 buf=4792 ep/s= 0.03 eta=0:26:21
[14:30:15] ep     2 z=-0.66 rew=-91.3253 tilt= 62.2 hold=439(min 265) k=[0.006  0.0105 0.0091 0.0108 0.0074 0.0015 0.0005 0.0073] upd=150 anchors=3/8 buf=9584 ep/s= 0.04 eta=0:26:06
[14:30:28] ep     3 z=13.61 rew=-86.3865 tilt= 54.0 hold=600(min 600) k=[0.006  0.0105 0.0091 0.0108 0.0074 0.0015 0.0005 0.0073] upd=150 anchors=4/8 buf=14376 ep/s= 0.05 eta=0:25:53
[14:30:46] ep     4 z= 5.63 rew=-87.6270 tilt= 58.4 hold=585(min 487) k=[0.006  0.0105 0.0091 0.0108 0.0074 0.0015 0.0005 0.0073] upd=150 anchors=2/8 buf=19168 ep/s= 0.05 eta=0:25:36
[14:30:58] ep     5 z=-8.42 rew=-87.8110 tilt= 37.4 hold=409(min 174) k=[0.006  0.0105 0.0091 0.0108 0.0074 0.0015 0.0005 0.0073] upd=150 anchors=4/8 buf=23960 ep/s= 0.05 eta=0:25:23
[14:31:11] ep     6 z=-4.75 rew=-56.3259 tilt= 51.4 hold=355(min 158) k=[0.006  0.0105 0.0091 0.0108 0.0074 0.0015 0.0005 0.0073] upd=150 anchors=4/8 buf=28752 ep/s= 0.06 eta=0:25:10
[14:31:21] ep     7 z=-8.36 rew=-59.0367 tilt= 42.5 hold=144(min 127) k=[0.006  0.0105 0.0091 0.0108 0.0074 0.0015 0.0005 0.0073] upd=150 anchors=5/8 buf=33544 ep/s= 0.06 eta=0:25:00
[14:31:29] ep     8 z=-13.16 rew=-63.4657 tilt= 36.1 hold=124(min 117) k=[0.006  0.0105 0.0091 0.0108 0.0074 0.0015 0.0005 0.0073] upd=150 anchors=6/8 buf=38336 ep/s= 0.06 eta=0:24:52
[14:31:41] ep     9 z=-18.37 rew=-69.3004 tilt= 28.7 hold=114(min 106) k=[0.006  0.0105 0.0091 0.0108 0.0074 0.0015 0.0005 0.0073] upd=150 anchors=4/8 buf=43128 ep/s= 0.06 eta=0:24:40
[14:31:54] ep    10 z=-16.99 rew=-61.4362 tilt= 43.4 hold=116(min 108) k=[0.006  0.0105 0.0091 0.0108 0.0074 0.0015 0.0005 0.0073] upd=150 anchors=4/8 buf=47920 ep/s= 0.07 eta=0:24:27
[14:32:11] ep    11 z=-20.73 rew=-86.3348 tilt= 63.6 hold=116(min 107) k=[0.006  0.0105 0.0091 0.0108 0.0074 0.0015 0.0005 0.0073] upd=150 anchors=2/8 buf=52712 ep/s= 0.06 eta=0:24:10
[14:32:28] ep    12 z=-18.59 rew=-70.0754 tilt= 41.2 hold=120(min 108) k=[0.006  0.0105 0.0091 0.0108 0.0074 0.0015 0.0005 0.0073] upd=150 anchors=2/8 buf=57504 ep/s= 0.06 eta=0:23:53
[14:32:43] ep    13 z=-17.86 rew=-70.8386 tilt= 55.3 hold=120(min 109) k=[0.006  0.0105 0.0091 0.0108 0.0074 0.0015 0.0005 0.0073] upd=150 anchors=3/8 buf=62296 ep/s= 0.06 eta=0:23:38
[14:32:56] ep    14 z=-13.30 rew=-65.4684 tilt= 62.8 hold=127(min 111) k=[0.006  0.0105 0.0091 0.0108 0.0074 0.0015 0.0005 0.0073] upd=150 anchors=4/8 buf=67088 ep/s= 0.07 eta=0:23:26
[14:33:10] ep    15 z=-11.53 rew=-65.1639 tilt= 74.0 hold=126(min 111) k=[0.006  0.0105 0.0091 0.0108 0.0074 0.0015 0.0005 0.0073] upd=150 anchors=3/8 buf=71880 ep/s= 0.07 eta=0:23:11
[14:33:33] EVAL ep    15: truth 0/4  net 0/4
[14:33:43] ep    16 z=-9.28 rew=-63.3562 tilt= 45.0 hold=133(min 112) k=[0.006  0.0105 0.0091 0.0108 0.0074 0.0015 0.0005 0.0073] upd=150 anchors=5/8 buf=76672 ep/s= 0.06 eta=0:22:38
[14:33:56] ep    17 z=-7.21 rew=-59.3629 tilt= 27.5 hold=127(min 115) k=[0.006  0.0105 0.0091 0.0108 0.0074 0.0015 0.0005 0.0073] upd=150 anchors=4/8 buf=81464 ep/s= 0.06 eta=0:22:25
[14:34:13] ep    18 z=-3.77 rew=-48.5839 tilt= 22.5 hold=142(min 125) k=[0.006  0.0105 0.0091 0.0108 0.0074 0.0015 0.0005 0.0073] upd=150 anchors=2/8 buf=86256 ep/s= 0.06 eta=0:22:08
[14:34:23] ep    19 z=-3.48 rew=-47.5010 tilt= 17.7 hold=135(min 129) k=[0.006  0.0105 0.0091 0.0108 0.0074 0.0015 0.0005 0.0073] upd=150 anchors=5/8 buf=91048 ep/s= 0.06 eta=0:21:58
[14:34:36] ep    20 z=-3.56 rew=-46.0811 tilt= 35.9 hold=139(min 131) k=[0.006  0.0105 0.0091 0.0108 0.0074 0.0015 0.0005 0.0073] upd=150 anchors=4/8 buf=95840 ep/s= 0.06 eta=0:21:45
[14:34:46] ep    21 z=-3.70 rew=-48.8705 tilt= 16.5 hold=139(min 133) k=[0.0105 0.0091 0.0108 0.0074 0.0015 0.0005 0.0073 0.006 ] upd=150 anchors=5/8 buf=100632 ep/s= 0.06 eta=0:21:35
[14:35:01] ep    22 z=-5.42 rew=-49.8615 tilt= 35.5 hold=144(min 138) k=[0.0105 0.0091 0.0108 0.0074 0.0015 0.0005 0.0073 0.006 ] upd=150 anchors=3/8 buf=105424 ep/s= 0.06 eta=0:21:20
[14:35:19] ep    23 z=-10.54 rew=-70.3439 tilt= 55.4 hold=153(min 138) k=[0.0105 0.0091 0.0108 0.0074 0.0015 0.0005 0.0073 0.006 ] upd=150 anchors=2/8 buf=110216 ep/s= 0.06 eta=0:21:02
[14:35:34] ep    24 z=-8.45 rew=-64.2912 tilt= 59.5 hold=165(min 152) k=[0.0105 0.0091 0.0108 0.0074 0.0015 0.0005 0.0073 0.006 ] upd=150 anchors=3/8 buf=115008 ep/s= 0.06 eta=0:20:47
[14:35:52] ep    25 z=-12.65 rew=-78.2553 tilt= 79.2 hold=172(min 135) k=[0.0105 0.0091 0.0108 0.0074 0.0015 0.0005 0.0073 0.006 ] upd=150 anchors=2/8 buf=119800 ep/s= 0.06 eta=0:20:29
[14:36:04] ep    26 z=-5.34 rew=-51.5994 tilt= 49.5 hold=181(min 137) k=[0.0105 0.0091 0.0108 0.0074 0.0015 0.0005 0.0073 0.006 ] upd=150 anchors=4/8 buf=124592 ep/s= 0.06 eta=0:20:17
[14:36:13] ep    27 z=-3.16 rew=-46.9062 tilt= 25.1 hold=160(min 138) k=[0.0105 0.0091 0.0108 0.0074 0.0015 0.0005 0.0073 0.006 ] upd=150 anchors=6/8 buf=129384 ep/s= 0.07 eta=0:20:09
[14:36:25] ep    28 z=-2.78 rew=-43.0687 tilt= 33.1 hold=150(min 138) k=[0.0105 0.0091 0.0108 0.0074 0.0015 0.0005 0.0073 0.006 ] upd=150 anchors=4/8 buf=134176 ep/s= 0.07 eta=0:19:56
[14:36:38] ep    29 z=-2.61 rew=-36.7586 tilt= 37.2 hold=146(min 130) k=[0.0105 0.0091 0.0108 0.0074 0.0015 0.0005 0.0073 0.006 ] upd=150 anchors=4/8 buf=138968 ep/s= 0.07 eta=0:19:43
[14:36:53] ep    30 z=-3.28 rew=-35.6012 tilt= 29.9 hold=140(min 129) k=[0.0105 0.0091 0.0108 0.0074 0.0015 0.0005 0.0073 0.006 ] upd=150 anchors=3/8 buf=143760 ep/s= 0.07 eta=0:19:28
[14:37:17] EVAL ep    30: truth 0/4  net 0/4
[14:37:34] ep    31 z=-4.31 rew=-38.1235 tilt= 80.0 hold=137(min 121) k=[0.0105 0.0091 0.0108 0.0074 0.0015 0.0005 0.0073 0.006 ] upd=150 anchors=2/8 buf=148552 ep/s= 0.06 eta=0:18:47
[14:37:45] ep    32 z=-4.66 rew=-35.7896 tilt= 55.4 hold=135(min 121) k=[0.0105 0.0091 0.0108 0.0074 0.0015 0.0005 0.0073 0.006 ] upd=150 anchors=5/8 buf=153344 ep/s= 0.06 eta=0:18:37
[14:37:59] ep    33 z=-4.34 rew=-36.7814 tilt= 59.0 hold=135(min 126) k=[0.0105 0.0091 0.0108 0.0074 0.0015 0.0005 0.0073 0.006 ] upd=150 anchors=3/8 buf=158136 ep/s= 0.06 eta=0:18:22
[14:38:09] ep    34 z=-4.61 rew=-33.9294 tilt= 39.5 hold=135(min 125) k=[0.0105 0.0091 0.0108 0.0074 0.0015 0.0005 0.0073 0.006 ] upd=150 anchors=5/8 buf=162928 ep/s= 0.06 eta=0:18:12
[14:38:27] ep    35 z=-5.21 rew=-38.0906 tilt= 63.5 hold=132(min 124) k=[0.0105 0.0091 0.0108 0.0074 0.0015 0.0005 0.0073 0.006 ] upd=150 anchors=2/8 buf=167720 ep/s= 0.06 eta=0:17:54
[14:38:45] ep    36 z=-4.01 rew=-36.2525 tilt= 60.6 hold=129(min 114) k=[0.0105 0.0091 0.0108 0.0074 0.0015 0.0005 0.0073 0.006 ] upd=150 anchors=2/8 buf=172512 ep/s= 0.06 eta=0:17:37
[14:38:52] ep    37 z=-3.02 rew=-29.0430 tilt= 10.4 hold=129(min 124) k=[0.0105 0.0091 0.0108 0.0074 0.0015 0.0005 0.0073 0.006 ] upd=150 anchors=6/8 buf=177304 ep/s= 0.06 eta=0:17:29
[14:39:09] ep    38 z=-3.68 rew=-34.6218 tilt= 29.6 hold=125(min 118) k=[0.0105 0.0091 0.0108 0.0074 0.0015 0.0005 0.0073 0.006 ] upd=150 anchors=2/8 buf=182096 ep/s= 0.06 eta=0:17:12
[14:39:24] ep    39 z=-3.89 rew=-36.2521 tilt= 55.5 hold=123(min 116) k=[0.0105 0.0091 0.0108 0.0074 0.0015 0.0005 0.0073 0.006 ] upd=150 anchors=3/8 buf=186888 ep/s= 0.06 eta=0:16:57
[14:39:37] ep    40 z=-4.22 rew=-34.8651 tilt= 59.9 hold=121(min 114) k=[0.0105 0.0091 0.0108 0.0074 0.0015 0.0005 0.0073 0.006 ] upd=150 anchors=4/8 buf=191680 ep/s= 0.06 eta=0:16:44
[14:39:50] ep    41 z=-4.13 rew=-34.5515 tilt= 43.4 hold=120(min 114) k=[0.0091 0.0108 0.0074 0.0015 0.0005 0.0073 0.006  0.0105] upd=150 anchors=4/8 buf=196472 ep/s= 0.07 eta=0:16:31
[14:40:00] ep    42 z=-3.34 rew=-29.3766 tilt= 25.2 hold=119(min 112) k=[0.0091 0.0108 0.0074 0.0015 0.0005 0.0073 0.006  0.0105] upd=150 anchors=5/8 buf=201264 ep/s= 0.07 eta=0:16:21
[14:40:18] ep    43 z=-5.55 rew=-39.8491 tilt= 49.7 hold=118(min 114) k=[0.0091 0.0108 0.0074 0.0015 0.0005 0.0073 0.006  0.0105] upd=150 anchors=2/8 buf=206056 ep/s= 0.07 eta=0:16:03
[14:40:30] ep    44 z=-4.92 rew=-34.5070 tilt= 23.3 hold=114(min 111) k=[0.0091 0.0108 0.0074 0.0015 0.0005 0.0073 0.006  0.0105] upd=150 anchors=4/8 buf=210848 ep/s= 0.07 eta=0:15:51
[14:40:43] ep    45 z=-5.88 rew=-40.2502 tilt= 41.0 hold=115(min 111) k=[0.0091 0.0108 0.0074 0.0015 0.0005 0.0073 0.006  0.0105] upd=150 anchors=4/8 buf=215640 ep/s= 0.07 eta=0:15:38
[14:41:08] EVAL ep    45: truth 0/4  net 0/4
[14:41:18] ep    46 z=-5.43 rew=-38.5995 tilt= 42.6 hold=113(min 108) k=[0.0091 0.0108 0.0074 0.0015 0.0005 0.0073 0.006  0.0105] upd=150 anchors=5/8 buf=220432 ep/s= 0.06 eta=0:15:03
[14:41:31] ep    47 z=-6.85 rew=-47.6903 tilt= 46.1 hold=112(min 107) k=[0.0091 0.0108 0.0074 0.0015 0.0005 0.0073 0.006  0.0105] upd=150 anchors=4/8 buf=225224 ep/s= 0.06 eta=0:14:50
[14:41:38] ep    48 z=-5.52 rew=-36.4691 tilt= 25.6 hold=111(min 105) k=[0.0091 0.0108 0.0074 0.0015 0.0005 0.0073 0.006  0.0105] upd=150 anchors=6/8 buf=230016 ep/s= 0.07 eta=0:14:43
[14:41:56] ep    49 z=-6.97 rew=-50.1822 tilt= 65.3 hold=115(min 105) k=[0.0091 0.0108 0.0074 0.0015 0.0005 0.0073 0.006  0.0105] upd=150 anchors=2/8 buf=234808 ep/s= 0.06 eta=0:14:25
[14:42:09] ep    50 z=-6.57 rew=-42.8088 tilt= 57.3 hold=114(min 108) k=[0.0091 0.0108 0.0074 0.0015 0.0005 0.0073 0.006  0.0105] upd=150 anchors=4/8 buf=239600 ep/s= 0.07 eta=0:14:12
[14:42:19] ep    51 z=-6.20 rew=-41.9869 tilt= 32.0 hold=117(min 111) k=[0.0091 0.0108 0.0074 0.0015 0.0005 0.0073 0.006  0.0105] upd=150 anchors=5/8 buf=244392 ep/s= 0.07 eta=0:14:02
[14:42:39] ep    52 z=-7.18 rew=-53.2826 tilt= 63.7 hold=126(min 120) k=[0.0091 0.0108 0.0074 0.0015 0.0005 0.0073 0.006  0.0105] upd=150 anchors=1/8 buf=249184 ep/s= 0.07 eta=0:13:42
[14:42:54] ep    53 z=-5.55 rew=-43.2226 tilt= 64.6 hold=128(min 122) k=[0.0091 0.0108 0.0074 0.0015 0.0005 0.0073 0.006  0.0105] upd=150 anchors=3/8 buf=253976 ep/s= 0.07 eta=0:13:27
[14:43:12] ep    54 z=-5.25 rew=-42.9490 tilt= 67.1 hold=131(min 125) k=[0.0091 0.0108 0.0074 0.0015 0.0005 0.0073 0.006  0.0105] upd=150 anchors=2/8 buf=258768 ep/s= 0.07 eta=0:13:09
[14:43:27] ep    55 z=-5.74 rew=-44.5629 tilt= 32.5 hold=136(min 127) k=[0.0091 0.0108 0.0074 0.0015 0.0005 0.0073 0.006  0.0105] upd=150 anchors=3/8 buf=263560 ep/s= 0.07 eta=0:12:54
[14:43:42] ep    56 z=-5.17 rew=-40.1853 tilt= 52.3 hold=130(min 121) k=[0.0091 0.0108 0.0074 0.0015 0.0005 0.0073 0.006  0.0105] upd=150 anchors=3/8 buf=268352 ep/s= 0.07 eta=0:12:39
[14:43:57] ep    57 z=-5.31 rew=-43.5273 tilt= 48.5 hold=137(min 129) k=[0.0091 0.0108 0.0074 0.0015 0.0005 0.0073 0.006  0.0105] upd=150 anchors=3/8 buf=273144 ep/s= 0.07 eta=0:12:24
[14:44:10] ep    58 z=-4.02 rew=-34.8323 tilt= 40.6 hold=136(min 124) k=[0.0091 0.0108 0.0074 0.0015 0.0005 0.0073 0.006  0.0105] upd=150 anchors=4/8 buf=277936 ep/s= 0.07 eta=0:12:11
[14:44:23] ep    59 z=-5.04 rew=-39.8804 tilt= 40.3 hold=133(min 122) k=[0.0091 0.0108 0.0074 0.0015 0.0005 0.0073 0.006  0.0105] upd=150 anchors=4/8 buf=282728 ep/s= 0.07 eta=0:11:58
[14:44:33] ep    60 z=-5.40 rew=-40.7166 tilt= 33.9 hold=138(min 123) k=[0.0091 0.0108 0.0074 0.0015 0.0005 0.0073 0.006  0.0105] upd=150 anchors=5/8 buf=287520 ep/s= 0.07 eta=0:11:48
[14:44:57] EVAL ep    60: truth 0/4  net 1/4
[14:45:12] ep    61 z=-5.43 rew=-44.4542 tilt= 65.2 hold=140(min 123) k=[0.0108 0.0074 0.0015 0.0005 0.0073 0.006  0.0105 0.0091] upd=150 anchors=3/8 buf=292312 ep/s= 0.06 eta=0:11:09
[14:45:27] ep    62 z=-6.02 rew=-44.6824 tilt= 50.9 hold=145(min 127) k=[0.0108 0.0074 0.0015 0.0005 0.0073 0.006  0.0105 0.0091] upd=150 anchors=3/8 buf=297104 ep/s= 0.06 eta=0:10:54
[14:45:42] ep    63 z=-5.17 rew=-42.6453 tilt= 52.0 hold=145(min 128) k=[0.0108 0.0074 0.0015 0.0005 0.0073 0.006  0.0105 0.0091] upd=150 anchors=3/8 buf=301896 ep/s= 0.06 eta=0:10:39
[14:45:58] ep    64 z=-5.09 rew=-40.2563 tilt= 25.5 hold=148(min 130) k=[0.0108 0.0074 0.0015 0.0005 0.0073 0.006  0.0105 0.0091] upd=150 anchors=3/8 buf=306688 ep/s= 0.06 eta=0:10:24
[14:46:13] ep    65 z=-6.51 rew=-41.0811 tilt= 46.3 hold=153(min 136) k=[0.0108 0.0074 0.0015 0.0005 0.0073 0.006  0.0105 0.0091] upd=150 anchors=3/8 buf=311480 ep/s= 0.06 eta=0:10:09
[14:46:23] ep    66 z=-6.81 rew=-40.2753 tilt= 34.2 hold=150(min 139) k=[0.0108 0.0074 0.0015 0.0005 0.0073 0.006  0.0105 0.0091] upd=150 anchors=5/8 buf=316272 ep/s= 0.06 eta=0:09:58
[14:46:36] ep    67 z=-5.85 rew=-39.1751 tilt= 37.1 hold=143(min 129) k=[0.0108 0.0074 0.0015 0.0005 0.0073 0.006  0.0105 0.0091] upd=150 anchors=4/8 buf=321064 ep/s= 0.06 eta=0:09:45
[14:46:51] ep    68 z=-6.13 rew=-41.4538 tilt= 58.7 hold=146(min 134) k=[0.0108 0.0074 0.0015 0.0005 0.0073 0.006  0.0105 0.0091] upd=150 anchors=3/8 buf=325856 ep/s= 0.06 eta=0:09:30
[14:47:04] ep    69 z=-5.43 rew=-37.3837 tilt= 49.1 hold=144(min 136) k=[0.0108 0.0074 0.0015 0.0005 0.0073 0.006  0.0105 0.0091] upd=150 anchors=4/8 buf=330648 ep/s= 0.06 eta=0:09:17
[14:47:16] ep    70 z=-5.19 rew=-34.3953 tilt= 46.4 hold=148(min 135) k=[0.0108 0.0074 0.0015 0.0005 0.0073 0.006  0.0105 0.0091] upd=150 anchors=4/8 buf=335440 ep/s= 0.07 eta=0:09:05
[14:47:27] ep    71 z=-4.20 rew=-30.9581 tilt= 30.3 hold=151(min 144) k=[0.0108 0.0074 0.0015 0.0005 0.0073 0.006  0.0105 0.0091] upd=150 anchors=5/8 buf=340232 ep/s= 0.07 eta=0:08:55
[14:47:32] ep    72 z=-4.19 rew=-27.3789 tilt=  7.7 hold=144(min 139) k=[0.0108 0.0074 0.0015 0.0005 0.0073 0.006  0.0105 0.0091] upd=150 anchors=7/8 buf=345024 ep/s= 0.07 eta=0:08:49
[14:47:47] ep    73 z=-2.94 rew=-33.4294 tilt= 57.0 hold=142(min 120) k=[0.0108 0.0074 0.0015 0.0005 0.0073 0.006  0.0105 0.0091] upd=150 anchors=3/8 buf=349816 ep/s= 0.07 eta=0:08:34
[14:48:00] ep    74 z=-3.29 rew=-32.3095 tilt= 52.1 hold=142(min 132) k=[0.0108 0.0074 0.0015 0.0005 0.0073 0.006  0.0105 0.0091] upd=150 anchors=4/8 buf=354608 ep/s= 0.07 eta=0:08:21
[14:48:13] ep    75 z=-2.58 rew=-32.1415 tilt= 33.2 hold=136(min 121) k=[0.0108 0.0074 0.0015 0.0005 0.0073 0.006  0.0105 0.0091] upd=150 anchors=4/8 buf=359400 ep/s= 0.07 eta=0:08:08
[14:48:36] EVAL ep    75: truth 0/4  net 2/4
[14:48:54] ep    76 z=-3.32 rew=-42.3751 tilt= 48.4 hold=132(min 120) k=[0.0108 0.0074 0.0015 0.0005 0.0073 0.006  0.0105 0.0091] upd=150 anchors=2/8 buf=364192 ep/s= 0.06 eta=0:07:27
[14:49:00] ep    77 z=-3.56 rew=-29.2351 tilt= 17.6 hold=134(min 128) k=[0.0108 0.0074 0.0015 0.0005 0.0073 0.006  0.0105 0.0091] upd=150 anchors=7/8 buf=368984 ep/s= 0.07 eta=0:07:21
[14:49:12] ep    78 z=-4.16 rew=-42.8291 tilt= 46.4 hold=130(min 115) k=[0.0108 0.0074 0.0015 0.0005 0.0073 0.006  0.0105 0.0091] upd=150 anchors=4/8 buf=373776 ep/s= 0.07 eta=0:07:09
[14:49:28] ep    79 z=-4.26 rew=-49.0233 tilt= 60.9 hold=127(min 115) k=[0.0108 0.0074 0.0015 0.0005 0.0073 0.006  0.0105 0.0091] upd=150 anchors=3/8 buf=378568 ep/s= 0.07 eta=0:06:54
[14:49:38] ep    80 z=-6.33 rew=-49.4213 tilt= 48.0 hold=122(min 114) k=[0.0108 0.0074 0.0015 0.0005 0.0073 0.006  0.0105 0.0091] upd=150 anchors=5/8 buf=383360 ep/s= 0.07 eta=0:06:43
[14:49:50] ep    81 z=-4.38 rew=-45.8830 tilt= 58.6 hold=122(min 120) k=[0.0074 0.0015 0.0005 0.0073 0.006  0.0105 0.0091 0.0108] upd=150 anchors=4/8 buf=388152 ep/s= 0.07 eta=0:06:31
[14:50:01] ep    82 z=-7.12 rew=-49.5466 tilt= 25.2 hold=121(min 118) k=[0.0074 0.0015 0.0005 0.0073 0.006  0.0105 0.0091 0.0108] upd=150 anchors=5/8 buf=392944 ep/s= 0.07 eta=0:06:20
[14:50:09] ep    83 z=-7.08 rew=-48.5928 tilt= 21.3 hold=121(min 119) k=[0.0074 0.0015 0.0005 0.0073 0.006  0.0105 0.0091 0.0108] upd=150 anchors=6/8 buf=397736 ep/s= 0.07 eta=0:06:12
[14:50:14] ep    84 z=-5.69 rew=-41.0702 tilt= 20.3 hold=123(min 121) k=[0.0074 0.0015 0.0005 0.0073 0.006  0.0105 0.0091 0.0108] upd=150 anchors=7/8 buf=402528 ep/s= 0.07 eta=0:06:07
[14:50:27] ep    85 z=-6.75 rew=-52.5770 tilt= 52.6 hold=123(min 120) k=[0.0074 0.0015 0.0005 0.0073 0.006  0.0105 0.0091 0.0108] upd=150 anchors=4/8 buf=407320 ep/s= 0.07 eta=0:05:54
[14:50:37] ep    86 z=-5.61 rew=-46.8357 tilt= 54.0 hold=124(min 120) k=[0.0074 0.0015 0.0005 0.0073 0.006  0.0105 0.0091 0.0108] upd=150 anchors=5/8 buf=412112 ep/s= 0.07 eta=0:05:44
[14:50:50] ep    87 z=-7.72 rew=-52.9425 tilt= 48.8 hold=127(min 124) k=[0.0074 0.0015 0.0005 0.0073 0.006  0.0105 0.0091 0.0108] upd=150 anchors=4/8 buf=416904 ep/s= 0.07 eta=0:05:31
[14:51:02] ep    88 z=-7.13 rew=-52.7891 tilt= 52.1 hold=126(min 123) k=[0.0074 0.0015 0.0005 0.0073 0.006  0.0105 0.0091 0.0108] upd=150 anchors=4/8 buf=421696 ep/s= 0.07 eta=0:05:19
[14:51:16] ep    89 z=-7.17 rew=-52.4092 tilt= 47.8 hold=128(min 123) k=[0.0074 0.0015 0.0005 0.0073 0.006  0.0105 0.0091 0.0108] upd=150 anchors=4/8 buf=426488 ep/s= 0.07 eta=0:05:06
[14:51:36] ep    90 z=-9.96 rew=-62.9498 tilt= 69.5 hold=128(min 125) k=[0.0074 0.0015 0.0005 0.0073 0.006  0.0105 0.0091 0.0108] upd=150 anchors=1/8 buf=431280 ep/s= 0.07 eta=0:04:46
[14:51:59] EVAL ep    90: truth 0/4  net 0/4
[14:52:09] ep    91 z=-7.76 rew=-50.0875 tilt= 24.2 hold=131(min 128) k=[0.0074 0.0015 0.0005 0.0073 0.006  0.0105 0.0091 0.0108] upd=150 anchors=5/8 buf=436072 ep/s= 0.07 eta=0:04:12
[14:52:25] ep    92 z=-8.97 rew=-58.0735 tilt= 61.0 hold=132(min 129) k=[0.0074 0.0015 0.0005 0.0073 0.006  0.0105 0.0091 0.0108] upd=150 anchors=3/8 buf=440864 ep/s= 0.07 eta=0:03:56
[14:52:38] ep    93 z=-9.43 rew=-57.8178 tilt= 43.7 hold=132(min 129) k=[0.0074 0.0015 0.0005 0.0073 0.006  0.0105 0.0091 0.0108] upd=150 anchors=4/8 buf=445656 ep/s= 0.07 eta=0:03:43
[14:52:50] ep    94 z=-9.33 rew=-52.3565 tilt= 49.4 hold=131(min 126) k=[0.0074 0.0015 0.0005 0.0073 0.006  0.0105 0.0091 0.0108] upd=150 anchors=4/8 buf=450448 ep/s= 0.07 eta=0:03:31
[14:53:05] ep    95 z=-7.04 rew=-45.9752 tilt= 80.1 hold=131(min 126) k=[0.0074 0.0015 0.0005 0.0073 0.006  0.0105 0.0091 0.0108] upd=150 anchors=3/8 buf=455240 ep/s= 0.07 eta=0:03:16
[14:53:18] ep    96 z=-8.53 rew=-48.2948 tilt= 53.5 hold=129(min 128) k=[0.0074 0.0015 0.0005 0.0073 0.006  0.0105 0.0091 0.0108] upd=150 anchors=4/8 buf=460032 ep/s= 0.07 eta=0:03:03
[14:53:31] ep    97 z=-9.05 rew=-50.5674 tilt= 52.8 hold=129(min 127) k=[0.0074 0.0015 0.0005 0.0073 0.006  0.0105 0.0091 0.0108] upd=150 anchors=4/8 buf=464824 ep/s= 0.07 eta=0:02:50
[14:53:39] ep    98 z=-7.16 rew=-38.0893 tilt= 23.0 hold=128(min 126) k=[0.0074 0.0015 0.0005 0.0073 0.006  0.0105 0.0091 0.0108] upd=150 anchors=6/8 buf=469616 ep/s= 0.07 eta=0:02:42
[14:53:47] ep    99 z=-7.93 rew=-44.3211 tilt= 32.0 hold=128(min 127) k=[0.0074 0.0015 0.0005 0.0073 0.006  0.0105 0.0091 0.0108] upd=150 anchors=6/8 buf=474408 ep/s= 0.07 eta=0:02:34
[14:53:57] ep   100 z=-6.52 rew=-35.8568 tilt= 20.3 hold=126(min 125) k=[0.0074 0.0015 0.0005 0.0073 0.006  0.0105 0.0091 0.0108] upd=150 anchors=5/8 buf=479200 ep/s= 0.07 eta=0:02:24
[14:54:09] ep   101 z=-9.78 rew=-54.6403 tilt= 54.0 hold=126(min 123) k=[0.0015 0.0005 0.0073 0.006  0.0105 0.0091 0.0108 0.0074] upd=150 anchors=4/8 buf=483992 ep/s= 0.07 eta=0:02:12
[14:54:20] ep   102 z=-9.50 rew=-49.0788 tilt= 27.0 hold=119(min 118) k=[0.0015 0.0005 0.0073 0.006  0.0105 0.0091 0.0108 0.0074] upd=150 anchors=5/8 buf=488784 ep/s= 0.07 eta=0:02:02
[14:54:32] ep   103 z=-8.52 rew=-47.1136 tilt= 46.3 hold=120(min 117) k=[0.0015 0.0005 0.0073 0.006  0.0105 0.0091 0.0108 0.0074] upd=150 anchors=4/8 buf=493576 ep/s= 0.07 eta=0:01:49
[14:54:45] ep   104 z=-12.79 rew=-65.7459 tilt= 59.9 hold=120(min 118) k=[0.0015 0.0005 0.0073 0.006  0.0105 0.0091 0.0108 0.0074] upd=150 anchors=4/8 buf=498368 ep/s= 0.07 eta=0:01:36
[14:54:56] ep   105 z=-11.39 rew=-58.2760 tilt= 46.7 hold=121(min 118) k=[0.0015 0.0005 0.0073 0.006  0.0105 0.0091 0.0108 0.0074] upd=150 anchors=5/8 buf=503160 ep/s= 0.07 eta=0:01:25
[14:55:19] EVAL ep   105: truth 0/4  net 0/4
[14:55:32] ep   106 z=-12.29 rew=-64.1649 tilt= 47.6 hold=123(min 120) k=[0.0015 0.0005 0.0073 0.006  0.0105 0.0091 0.0108 0.0074] upd=150 anchors=4/8 buf=507952 ep/s= 0.07 eta=0:00:49
[14:55:45] ep   107 z=-11.05 rew=-59.7468 tilt= 61.9 hold=124(min 119) k=[0.0015 0.0005 0.0073 0.006  0.0105 0.0091 0.0108 0.0074] upd=150 anchors=4/8 buf=512744 ep/s= 0.07 eta=0:00:36
[14:55:55] ep   108 z=-8.65 rew=-45.3683 tilt= 30.9 hold=124(min 121) k=[0.0015 0.0005 0.0073 0.006  0.0105 0.0091 0.0108 0.0074] upd=150 anchors=5/8 buf=517536 ep/s= 0.07 eta=0:00:26
[14:56:15] ep   109 z=-12.90 rew=-70.3993 tilt= 42.2 hold=125(min 120) k=[0.0015 0.0005 0.0073 0.006  0.0105 0.0091 0.0108 0.0074] upd=150 anchors=1/8 buf=522328 ep/s= 0.07 eta=0:00:06
[14:56:27] ep   110 z=-8.89 rew=-49.7351 tilt= 37.1 hold=124(min 122) k=[0.0015 0.0005 0.0073 0.006  0.0105 0.0091 0.0108 0.0074] upd=150 anchors=4/8 buf=527120 ep/s= 0.07 eta=0:00:00
[14:56:27] finished ep=110 elapsed=0:27:05 -> results/rl/deploy_noorbit
