[14:56:37] run=deploy_long estimator=results/e2e_v12.pt warm_start=shutdown_real_7_4 device=cuda anchor=0.3 ep_len=600 envs=8
[14:57:23] identified 32+8 draws in 45s: k_med 0.006m k_range [0.001,0.013]
[14:57:45] EVAL ep 0: truth 4/4  net 0/4
[14:57:59] ep     1 z= 1.91 rew=-48.1739 tilt= 28.7 hold=510(min 129) k=[0.006  0.0105 0.0091 0.0108 0.0074 0.0015 0.0005 0.0073] upd=150 anchors=3/8 buf=4792 ep/s= 0.03 eta=5:59:25
[14:58:13] ep     2 z= 6.61 rew=-99.7753 tilt= 44.1 hold=520(min 252) k=[0.006  0.0105 0.0091 0.0108 0.0074 0.0015 0.0005 0.0073] upd=150 anchors=3/8 buf=9584 ep/s= 0.04 eta=5:59:11
[14:58:27] ep     3 z= 5.99 rew=-96.6385 tilt= 47.6 hold=513(min 228) k=[0.006  0.0105 0.0091 0.0108 0.0074 0.0015 0.0005 0.0073] upd=150 anchors=3/8 buf=14376 ep/s= 0.05 eta=5:58:57
[14:58:47] ep     4 z=-0.68 rew=-87.5704 tilt= 52.8 hold=433(min 280) k=[0.006  0.0105 0.0091 0.0108 0.0074 0.0015 0.0005 0.0073] upd=150 anchors=0/8 buf=19168 ep/s= 0.05 eta=5:58:36
[14:59:05] ep     5 z=-7.77 rew=-80.4053 tilt= 39.0 hold=304(min 195) k=[0.006  0.0105 0.0091 0.0108 0.0074 0.0015 0.0005 0.0073] upd=150 anchors=1/8 buf=23960 ep/s= 0.05 eta=5:58:18
[14:59:24] ep     6 z=-8.66 rew=-74.7439 tilt= 55.9 hold=280(min 151) k=[0.006  0.0105 0.0091 0.0108 0.0074 0.0015 0.0005 0.0073] upd=150 anchors=1/8 buf=28752 ep/s= 0.05 eta=5:57:59
[14:59:36] ep     7 z=-16.43 rew=-90.8189 tilt= 71.1 hold=146(min 139) k=[0.006  0.0105 0.0091 0.0108 0.0074 0.0015 0.0005 0.0073] upd=150 anchors=4/8 buf=33544 ep/s= 0.05 eta=5:57:48
[14:59:48] ep     8 z=-22.46 rew=-120.5998 tilt= 95.4 hold=143(min 131) k=[0.006  0.0105 0.0091 0.0108 0.0074 0.0015 0.0005 0.0073] upd=150 anchors=4/8 buf=38336 ep/s= 0.06 eta=5:57:36
[15:00:01] ep     9 z=-23.05 rew=-125.4894 tilt= 91.2 hold=138(min 127) k=[0.006  0.0105 0.0091 0.0108 0.0074 0.0015 0.0005 0.0073] upd=150 anchors=3/8 buf=43128 ep/s= 0.06 eta=5:57:22
[15:00:21] ep    10 z=-18.63 rew=-120.2610 tilt= 86.2 hold=185(min 140) k=[0.006  0.0105 0.0091 0.0108 0.0074 0.0015 0.0005 0.0073] upd=150 anchors=0/8 buf=47920 ep/s= 0.06 eta=5:57:02
[15:00:42] ep    11 z=-17.38 rew=-115.1780 tilt= 80.8 hold=179(min 140) k=[0.006  0.0105 0.0091 0.0108 0.0074 0.0015 0.0005 0.0073] upd=150 anchors=0/8 buf=52712 ep/s= 0.06 eta=5:56:42
[15:00:57] ep    12 z=-15.17 rew=-110.1532 tilt= 88.9 hold=169(min 143) k=[0.006  0.0105 0.0091 0.0108 0.0074 0.0015 0.0005 0.0073] upd=150 anchors=2/8 buf=57504 ep/s= 0.06 eta=5:56:26
[15:01:13] ep    13 z=-13.80 rew=-107.3657 tilt= 94.5 hold=151(min 134) k=[0.006  0.0105 0.0091 0.0108 0.0074 0.0015 0.0005 0.0073] upd=150 anchors=2/8 buf=62296 ep/s= 0.06 eta=5:56:10
[15:01:27] ep    14 z=-7.14 rew=-87.2010 tilt= 44.6 hold=162(min 137) k=[0.006  0.0105 0.0091 0.0108 0.0074 0.0015 0.0005 0.0073] upd=150 anchors=3/8 buf=67088 ep/s= 0.06 eta=5:55:56
[15:01:41] ep    15 z=-9.82 rew=-88.6371 tilt= 64.6 hold=147(min 139) k=[0.006  0.0105 0.0091 0.0108 0.0074 0.0015 0.0005 0.0073] upd=150 anchors=3/8 buf=71880 ep/s= 0.06 eta=5:55:42
[15:01:55] ep    16 z=-8.93 rew=-83.6900 tilt= 63.2 hold=148(min 142) k=[0.006  0.0105 0.0091 0.0108 0.0074 0.0015 0.0005 0.0073] upd=150 anchors=3/8 buf=76672 ep/s= 0.06 eta=5:55:28
[15:02:09] ep    17 z=-11.80 rew=-85.6252 tilt= 60.6 hold=146(min 115) k=[0.006  0.0105 0.0091 0.0108 0.0074 0.0015 0.0005 0.0073] upd=150 anchors=3/8 buf=81464 ep/s= 0.06 eta=5:55:15
[15:02:27] ep    18 z=-13.80 rew=-96.8511 tilt= 68.3 hold=143(min 113) k=[0.006  0.0105 0.0091 0.0108 0.0074 0.0015 0.0005 0.0073] upd=150 anchors=1/8 buf=86256 ep/s= 0.06 eta=5:54:56
[15:02:43] ep    19 z=-9.40 rew=-86.9280 tilt= 77.2 hold=145(min 119) k=[0.006  0.0105 0.0091 0.0108 0.0074 0.0015 0.0005 0.0073] upd=150 anchors=2/8 buf=91048 ep/s= 0.06 eta=5:54:40
[15:02:55] ep    20 z=-2.20 rew=-53.0500 tilt= 28.4 hold=141(min 129) k=[0.006  0.0105 0.0091 0.0108 0.0074 0.0015 0.0005 0.0073] upd=150 anchors=4/8 buf=95840 ep/s= 0.06 eta=5:54:29
[15:03:13] ep    21 z=-12.25 rew=-82.9479 tilt= 59.6 hold=138(min 124) k=[0.0105 0.0091 0.0108 0.0074 0.0015 0.0005 0.0073 0.0023] upd=150 anchors=1/8 buf=100632 ep/s= 0.06 eta=5:54:10
[15:03:31] ep    22 z=-13.54 rew=-88.9751 tilt= 56.9 hold=139(min 120) k=[0.0105 0.0091 0.0108 0.0074 0.0015 0.0005 0.0073 0.0023] upd=150 anchors=1/8 buf=105424 ep/s= 0.06 eta=5:53:52
[15:03:48] ep    23 z=-11.75 rew=-77.2924 tilt= 58.7 hold=137(min 121) k=[0.0105 0.0091 0.0108 0.0074 0.0015 0.0005 0.0073 0.0023] upd=150 anchors=2/8 buf=110216 ep/s= 0.06 eta=5:53:36
[15:04:04] ep    24 z=-11.86 rew=-72.2578 tilt= 54.8 hold=135(min 121) k=[0.0105 0.0091 0.0108 0.0074 0.0015 0.0005 0.0073 0.0023] upd=150 anchors=2/8 buf=115008 ep/s= 0.06 eta=5:53:19
[15:04:21] ep    25 z=-15.40 rew=-86.7078 tilt= 55.2 hold=135(min 118) k=[0.0105 0.0091 0.0108 0.0074 0.0015 0.0005 0.0073 0.0023] upd=150 anchors=2/8 buf=119800 ep/s= 0.06 eta=5:53:03
[15:04:35] ep    26 z=-16.07 rew=-86.8262 tilt= 73.7 hold=130(min 113) k=[0.0105 0.0091 0.0108 0.0074 0.0015 0.0005 0.0073 0.0023] upd=150 anchors=3/8 buf=124592 ep/s= 0.06 eta=5:52:49
[15:04:49] ep    27 z=-19.52 rew=-99.4908 tilt= 72.4 hold=129(min 112) k=[0.0105 0.0091 0.0108 0.0074 0.0015 0.0005 0.0073 0.0023] upd=150 anchors=3/8 buf=129384 ep/s= 0.06 eta=5:52:34
[15:05:03] ep    28 z=-19.59 rew=-99.9387 tilt= 76.6 hold=126(min 118) k=[0.0105 0.0091 0.0108 0.0074 0.0015 0.0005 0.0073 0.0023] upd=150 anchors=3/8 buf=134176 ep/s= 0.06 eta=5:52:20
[15:05:22] ep    29 z=-17.33 rew=-93.5549 tilt= 60.9 hold=124(min 114) k=[0.0105 0.0091 0.0108 0.0074 0.0015 0.0005 0.0073 0.0023] upd=150 anchors=1/8 buf=138968 ep/s= 0.06 eta=5:52:01
[15:05:38] ep    30 z=-22.64 rew=-110.7428 tilt= 71.2 hold=121(min 110) k=[0.0105 0.0091 0.0108 0.0074 0.0015 0.0005 0.0073 0.0023] upd=150 anchors=2/8 buf=143760 ep/s= 0.06 eta=5:51:45
[15:05:57] ep    31 z=-17.59 rew=-90.5160 tilt= 75.3 hold=120(min 106) k=[0.0105 0.0091 0.0108 0.0074 0.0015 0.0005 0.0073 0.0023] upd=150 anchors=1/8 buf=148552 ep/s= 0.06 eta=5:51:26
[15:06:16] ep    32 z=-19.16 rew=-96.2618 tilt= 69.0 hold=119(min 105) k=[0.0105 0.0091 0.0108 0.0074 0.0015 0.0005 0.0073 0.0023] upd=150 anchors=1/8 buf=153344 ep/s= 0.06 eta=5:51:07
[15:06:33] ep    33 z=-16.38 rew=-91.9859 tilt= 62.6 hold=120(min 106) k=[0.0105 0.0091 0.0108 0.0074 0.0015 0.0005 0.0073 0.0023] upd=150 anchors=2/8 buf=158136 ep/s= 0.06 eta=5:50:51
[15:06:49] ep    34 z=-14.20 rew=-83.4807 tilt= 59.5 hold=123(min 118) k=[0.0105 0.0091 0.0108 0.0074 0.0015 0.0005 0.0073 0.0023] upd=150 anchors=2/8 buf=162928 ep/s= 0.06 eta=5:50:34
[15:07:08] ep    35 z=-12.72 rew=-73.0350 tilt= 52.4 hold=122(min 110) k=[0.0105 0.0091 0.0108 0.0074 0.0015 0.0005 0.0073 0.0023] upd=150 anchors=1/8 buf=167720 ep/s= 0.06 eta=5:50:15
[15:07:27] ep    36 z=-10.66 rew=-65.2992 tilt= 40.6 hold=122(min 112) k=[0.0105 0.0091 0.0108 0.0074 0.0015 0.0005 0.0073 0.0023] upd=150 anchors=1/8 buf=172512 ep/s= 0.06 eta=5:49:57
[15:07:43] ep    37 z=-6.15 rew=-45.1235 tilt= 25.8 hold=122(min 111) k=[0.0105 0.0091 0.0108 0.0074 0.0015 0.0005 0.0073 0.0023] upd=150 anchors=2/8 buf=177304 ep/s= 0.06 eta=5:49:40
[15:08:00] ep    38 z=-7.87 rew=-53.3459 tilt= 42.0 hold=122(min 102) k=[0.0105 0.0091 0.0108 0.0074 0.0015 0.0005 0.0073 0.0023] upd=150 anchors=2/8 buf=182096 ep/s= 0.06 eta=5:49:24
[15:08:18] ep    39 z=-9.45 rew=-59.3548 tilt= 44.2 hold=121(min 106) k=[0.0105 0.0091 0.0108 0.0074 0.0015 0.0005 0.0073 0.0023] upd=150 anchors=1/8 buf=186888 ep/s= 0.06 eta=5:49:05
[15:08:33] ep    40 z=-5.93 rew=-43.2544 tilt= 44.4 hold=125(min 119) k=[0.0105 0.0091 0.0108 0.0074 0.0015 0.0005 0.0073 0.0023] upd=150 anchors=3/8 buf=191680 ep/s= 0.06 eta=5:48:51
[15:08:49] ep    41 z=-11.65 rew=-68.4861 tilt= 49.8 hold=120(min 105) k=[0.0091 0.0108 0.0074 0.0015 0.0005 0.0073 0.0023 0.0021] upd=150 anchors=2/8 buf=196472 ep/s= 0.06 eta=5:48:34
[15:09:03] ep    42 z=-9.51 rew=-64.0317 tilt= 36.8 hold=123(min 119) k=[0.0091 0.0108 0.0074 0.0015 0.0005 0.0073 0.0023 0.0021] upd=150 anchors=3/8 buf=201264 ep/s= 0.06 eta=5:48:20
[15:09:20] ep    43 z=-6.96 rew=-50.1815 tilt= 38.3 hold=127(min 119) k=[0.0091 0.0108 0.0074 0.0015 0.0005 0.0073 0.0023 0.0021] upd=150 anchors=2/8 buf=206056 ep/s= 0.06 eta=5:48:04
[15:09:34] ep    44 z=-4.15 rew=-40.1276 tilt= 23.3 hold=126(min 119) k=[0.0091 0.0108 0.0074 0.0015 0.0005 0.0073 0.0023 0.0021] upd=150 anchors=3/8 buf=210848 ep/s= 0.06 eta=5:47:50
[15:09:50] ep    45 z=-5.14 rew=-45.7567 tilt= 29.7 hold=127(min 122) k=[0.0091 0.0108 0.0074 0.0015 0.0005 0.0073 0.0023 0.0021] upd=150 anchors=2/8 buf=215640 ep/s= 0.06 eta=5:47:33
[15:10:02] ep    46 z=-4.67 rew=-41.3193 tilt= 25.2 hold=126(min 124) k=[0.0091 0.0108 0.0074 0.0015 0.0005 0.0073 0.0023 0.0021] upd=150 anchors=4/8 buf=220432 ep/s= 0.06 eta=5:47:21
[15:10:19] ep    47 z=-4.86 rew=-43.1138 tilt= 24.8 hold=130(min 125) k=[0.0091 0.0108 0.0074 0.0015 0.0005 0.0073 0.0023 0.0021] upd=150 anchors=2/8 buf=225224 ep/s= 0.06 eta=5:47:05
[15:10:31] ep    48 z=-3.52 rew=-35.2520 tilt= 22.5 hold=128(min 124) k=[0.0091 0.0108 0.0074 0.0015 0.0005 0.0073 0.0023 0.0021] upd=150 anchors=4/8 buf=230016 ep/s= 0.06 eta=5:46:53
[15:10:51] ep    49 z=-6.07 rew=-54.3956 tilt= 38.8 hold=129(min 125) k=[0.0091 0.0108 0.0074 0.0015 0.0005 0.0073 0.0023 0.0021] upd=150 anchors=0/8 buf=234808 ep/s= 0.06 eta=5:46:32
[15:11:08] ep    50 z=-6.26 rew=-52.5308 tilt= 39.2 hold=126(min 122) k=[0.0091 0.0108 0.0074 0.0015 0.0005 0.0073 0.0023 0.0021] upd=150 anchors=2/8 buf=239600 ep/s= 0.06 eta=5:46:15
[15:11:30] EVAL ep    50: truth 0/4  net 0/4
[15:11:42] ep    51 z=-3.99 rew=-41.2338 tilt= 25.8 hold=127(min 125) k=[0.0091 0.0108 0.0074 0.0015 0.0005 0.0073 0.0023 0.0021] upd=150 anchors=4/8 buf=244392 ep/s= 0.06 eta=5:45:42
[15:12:00] ep    52 z=-5.97 rew=-50.7986 tilt= 36.7 hold=128(min 122) k=[0.0091 0.0108 0.0074 0.0015 0.0005 0.0073 0.0023 0.0021] upd=150 anchors=1/8 buf=249184 ep/s= 0.06 eta=5:45:23
[15:12:17] ep    53 z=-4.40 rew=-41.4804 tilt= 31.7 hold=126(min 123) k=[0.0091 0.0108 0.0074 0.0015 0.0005 0.0073 0.0023 0.0021] upd=150 anchors=2/8 buf=253976 ep/s= 0.06 eta=5:45:07
[15:12:36] ep    54 z=-4.00 rew=-50.8058 tilt= 32.0 hold=127(min 123) k=[0.0091 0.0108 0.0074 0.0015 0.0005 0.0073 0.0023 0.0021] upd=150 anchors=1/8 buf=258768 ep/s= 0.06 eta=5:44:48
[15:12:52] ep    55 z=-3.89 rew=-43.1673 tilt= 40.8 hold=127(min 122) k=[0.0091 0.0108 0.0074 0.0015 0.0005 0.0073 0.0023 0.0021] upd=150 anchors=2/8 buf=263560 ep/s= 0.06 eta=5:44:31
[15:13:11] ep    56 z=-7.93 rew=-54.8765 tilt= 44.4 hold=130(min 126) k=[0.0091 0.0108 0.0074 0.0015 0.0005 0.0073 0.0023 0.0021] upd=150 anchors=1/8 buf=268352 ep/s= 0.06 eta=5:44:13
[15:13:27] ep    57 z=-7.51 rew=-54.4006 tilt= 44.9 hold=131(min 125) k=[0.0091 0.0108 0.0074 0.0015 0.0005 0.0073 0.0023 0.0021] upd=150 anchors=2/8 buf=273144 ep/s= 0.06 eta=5:43:56
[15:13:41] ep    58 z=-9.37 rew=-61.5267 tilt= 38.2 hold=131(min 124) k=[0.0091 0.0108 0.0074 0.0015 0.0005 0.0073 0.0023 0.0021] upd=150 anchors=3/8 buf=277936 ep/s= 0.06 eta=5:43:42
[15:13:54] ep    59 z=-10.31 rew=-63.8703 tilt= 45.3 hold=129(min 125) k=[0.0091 0.0108 0.0074 0.0015 0.0005 0.0073 0.0023 0.0021] upd=150 anchors=4/8 buf=282728 ep/s= 0.06 eta=5:43:30
[15:14:06] ep    60 z=-8.50 rew=-57.4788 tilt= 29.5 hold=132(min 127) k=[0.0091 0.0108 0.0074 0.0015 0.0005 0.0073 0.0023 0.0021] upd=150 anchors=4/8 buf=287520 ep/s= 0.06 eta=5:43:18
[15:14:27] ep    61 z=-10.03 rew=-67.2983 tilt= 52.1 hold=130(min 124) k=[0.0108 0.0074 0.0015 0.0005 0.0073 0.0023 0.0021 0.0044] upd=150 anchors=0/8 buf=292312 ep/s= 0.06 eta=5:42:57
[15:14:48] ep    62 z=-3.93 rew=-42.4226 tilt= 37.2 hold=134(min 126) k=[0.0108 0.0074 0.0015 0.0005 0.0073 0.0023 0.0021 0.0044] upd=150 anchors=0/8 buf=297104 ep/s= 0.06 eta=5:42:36
[15:15:04] ep    63 z=-5.92 rew=-48.6613 tilt= 38.0 hold=137(min 127) k=[0.0108 0.0074 0.0015 0.0005 0.0073 0.0023 0.0021 0.0044] upd=150 anchors=2/8 buf=301896 ep/s= 0.06 eta=5:42:20
[15:15:20] ep    64 z=-3.84 rew=-40.0350 tilt= 42.1 hold=134(min 126) k=[0.0108 0.0074 0.0015 0.0005 0.0073 0.0023 0.0021 0.0044] upd=150 anchors=2/8 buf=306688 ep/s= 0.06 eta=5:42:03
[15:15:37] ep    65 z=-8.29 rew=-58.2867 tilt= 48.0 hold=134(min 127) k=[0.0108 0.0074 0.0015 0.0005 0.0073 0.0023 0.0021 0.0044] upd=150 anchors=2/8 buf=311480 ep/s= 0.06 eta=5:41:47
[15:15:51] ep    66 z=-6.53 rew=-51.1239 tilt= 36.9 hold=131(min 126) k=[0.0108 0.0074 0.0015 0.0005 0.0073 0.0023 0.0021 0.0044] upd=150 anchors=3/8 buf=316272 ep/s= 0.06 eta=5:41:33
[15:16:05] ep    67 z=-10.01 rew=-66.6629 tilt= 47.3 hold=131(min 126) k=[0.0108 0.0074 0.0015 0.0005 0.0073 0.0023 0.0021 0.0044] upd=150 anchors=3/8 buf=321064 ep/s= 0.06 eta=5:41:18
[15:16:24] ep    68 z=-13.54 rew=-81.3673 tilt= 63.3 hold=129(min 122) k=[0.0108 0.0074 0.0015 0.0005 0.0073 0.0023 0.0021 0.0044] upd=150 anchors=1/8 buf=325856 ep/s= 0.06 eta=5:41:00
[15:16:40] ep    69 z=-12.40 rew=-73.6215 tilt= 57.0 hold=128(min 119) k=[0.0108 0.0074 0.0015 0.0005 0.0073 0.0023 0.0021 0.0044] upd=150 anchors=2/8 buf=330648 ep/s= 0.06 eta=5:40:43
[15:16:54] ep    70 z=-15.42 rew=-85.6341 tilt= 73.0 hold=130(min 125) k=[0.0108 0.0074 0.0015 0.0005 0.0073 0.0023 0.0021 0.0044] upd=150 anchors=3/8 buf=335440 ep/s= 0.06 eta=5:40:29
[15:17:04] ep    71 z=-14.91 rew=-83.8768 tilt= 66.4 hold=129(min 125) k=[0.0108 0.0074 0.0015 0.0005 0.0073 0.0023 0.0021 0.0044] upd=150 anchors=5/8 buf=340232 ep/s= 0.06 eta=5:40:19
[15:17:16] ep    72 z=-14.00 rew=-81.3839 tilt= 51.6 hold=128(min 119) k=[0.0108 0.0074 0.0015 0.0005 0.0073 0.0023 0.0021 0.0044] upd=150 anchors=4/8 buf=345024 ep/s= 0.06 eta=5:40:08
[15:17:35] ep    73 z=-16.13 rew=-89.8558 tilt= 72.5 hold=127(min 118) k=[0.0108 0.0074 0.0015 0.0005 0.0073 0.0023 0.0021 0.0044] upd=150 anchors=1/8 buf=349816 ep/s= 0.06 eta=5:39:49
[15:17:51] ep    74 z=-17.03 rew=-95.6156 tilt= 90.0 hold=129(min 126) k=[0.0108 0.0074 0.0015 0.0005 0.0073 0.0023 0.0021 0.0044] upd=150 anchors=2/8 buf=354608 ep/s= 0.06 eta=5:39:32
[15:18:10] ep    75 z=-14.66 rew=-85.1984 tilt= 70.6 hold=131(min 126) k=[0.0108 0.0074 0.0015 0.0005 0.0073 0.0023 0.0021 0.0044] upd=150 anchors=1/8 buf=359400 ep/s= 0.06 eta=5:39:14
[15:18:26] ep    76 z=-15.31 rew=-87.3727 tilt= 67.4 hold=130(min 121) k=[0.0108 0.0074 0.0015 0.0005 0.0073 0.0023 0.0021 0.0044] upd=150 anchors=2/8 buf=364192 ep/s= 0.06 eta=5:38:57
[15:18:40] ep    77 z=-15.75 rew=-88.4752 tilt= 62.0 hold=130(min 120) k=[0.0108 0.0074 0.0015 0.0005 0.0073 0.0023 0.0021 0.0044] upd=150 anchors=3/8 buf=368984 ep/s= 0.06 eta=5:38:43
[15:18:54] ep    78 z=-14.98 rew=-85.3699 tilt= 54.4 hold=132(min 127) k=[0.0108 0.0074 0.0015 0.0005 0.0073 0.0023 0.0021 0.0044] upd=150 anchors=3/8 buf=373776 ep/s= 0.06 eta=5:38:29
[15:19:11] ep    79 z=-16.19 rew=-92.3311 tilt= 85.9 hold=132(min 127) k=[0.0108 0.0074 0.0015 0.0005 0.0073 0.0023 0.0021 0.0044] upd=150 anchors=2/8 buf=378568 ep/s= 0.06 eta=5:38:13
[15:19:23] ep    80 z=-15.13 rew=-86.0644 tilt= 53.1 hold=133(min 130) k=[0.0108 0.0074 0.0015 0.0005 0.0073 0.0023 0.0021 0.0044] upd=150 anchors=4/8 buf=383360 ep/s= 0.06 eta=5:38:01
[15:19:37] ep    81 z=-15.37 rew=-90.9566 tilt= 65.0 hold=131(min 121) k=[0.0074 0.0015 0.0005 0.0073 0.0023 0.0021 0.0044 0.0107] upd=150 anchors=3/8 buf=388152 ep/s= 0.06 eta=5:37:46
[15:19:56] ep    82 z=-16.55 rew=-93.2768 tilt= 88.9 hold=134(min 130) k=[0.0074 0.0015 0.0005 0.0073 0.0023 0.0021 0.0044 0.0107] upd=150 anchors=1/8 buf=392944 ep/s= 0.06 eta=5:37:28
[15:20:08] ep    83 z=-18.88 rew=-103.8888 tilt= 93.2 hold=133(min 127) k=[0.0074 0.0015 0.0005 0.0073 0.0023 0.0021 0.0044 0.0107] upd=150 anchors=4/8 buf=397736 ep/s= 0.06 eta=5:37:16
[15:20:22] ep    84 z=-17.60 rew=-96.8506 tilt=106.7 hold=132(min 126) k=[0.0074 0.0015 0.0005 0.0073 0.0023 0.0021 0.0044 0.0107] upd=150 anchors=3/8 buf=402528 ep/s= 0.06 eta=5:37:02
[15:20:34] ep    85 z=-19.91 rew=-105.6122 tilt= 91.5 hold=133(min 130) k=[0.0074 0.0015 0.0005 0.0073 0.0023 0.0021 0.0044 0.0107] upd=150 anchors=4/8 buf=407320 ep/s= 0.06 eta=5:36:50
[15:20:48] ep    86 z=-20.19 rew=-106.7329 tilt= 93.5 hold=132(min 122) k=[0.0074 0.0015 0.0005 0.0073 0.0023 0.0021 0.0044 0.0107] upd=150 anchors=3/8 buf=412112 ep/s= 0.06 eta=5:36:36
[15:21:02] ep    87 z=-18.00 rew=-96.2435 tilt= 91.1 hold=135(min 128) k=[0.0074 0.0015 0.0005 0.0073 0.0023 0.0021 0.0044 0.0107] upd=150 anchors=3/8 buf=416904 ep/s= 0.06 eta=5:36:21
[15:21:21] ep    88 z=-17.90 rew=-94.1426 tilt= 83.1 hold=133(min 128) k=[0.0074 0.0015 0.0005 0.0073 0.0023 0.0021 0.0044 0.0107] upd=150 anchors=1/8 buf=421696 ep/s= 0.06 eta=5:36:03
[15:21:37] ep    89 z=-18.03 rew=-96.9947 tilt= 81.2 hold=131(min 115) k=[0.0074 0.0015 0.0005 0.0073 0.0023 0.0021 0.0044 0.0107] upd=150 anchors=2/8 buf=426488 ep/s= 0.06 eta=5:35:46
[15:21:56] ep    90 z=-16.42 rew=-91.8790 tilt= 81.5 hold=133(min 112) k=[0.0074 0.0015 0.0005 0.0073 0.0023 0.0021 0.0044 0.0107] upd=150 anchors=1/8 buf=431280 ep/s= 0.06 eta=5:35:28
[15:22:08] ep    91 z=-13.97 rew=-80.1033 tilt= 57.3 hold=139(min 133) k=[0.0074 0.0015 0.0005 0.0073 0.0023 0.0021 0.0044 0.0107] upd=150 anchors=4/8 buf=436072 ep/s= 0.06 eta=5:35:16
[15:22:29] ep    92 z=-17.71 rew=-96.1589 tilt= 74.1 hold=135(min 113) k=[0.0074 0.0015 0.0005 0.0073 0.0023 0.0021 0.0044 0.0107] upd=150 anchors=0/8 buf=440864 ep/s= 0.06 eta=5:34:55
[15:22:43] ep    93 z=-12.48 rew=-75.6960 tilt= 63.0 hold=142(min 135) k=[0.0074 0.0015 0.0005 0.0073 0.0023 0.0021 0.0044 0.0107] upd=150 anchors=3/8 buf=445656 ep/s= 0.06 eta=5:34:41
[15:22:54] ep    94 z=-12.10 rew=-73.2805 tilt= 59.5 hold=138(min 116) k=[0.0074 0.0015 0.0005 0.0073 0.0023 0.0021 0.0044 0.0107] upd=150 anchors=4/8 buf=450448 ep/s= 0.06 eta=5:34:29
[15:23:12] ep    95 z=-14.44 rew=-83.3403 tilt= 85.9 hold=141(min 137) k=[0.0074 0.0015 0.0005 0.0073 0.0023 0.0021 0.0044 0.0107] upd=150 anchors=1/8 buf=455240 ep/s= 0.06 eta=5:34:11
[15:23:26] ep    96 z=-13.55 rew=-79.6599 tilt= 71.3 hold=137(min 112) k=[0.0074 0.0015 0.0005 0.0073 0.0023 0.0021 0.0044 0.0107] upd=150 anchors=3/8 buf=460032 ep/s= 0.06 eta=5:33:57
[15:23:40] ep    97 z=-9.77 rew=-64.0705 tilt= 73.1 hold=142(min 138) k=[0.0074 0.0015 0.0005 0.0073 0.0023 0.0021 0.0044 0.0107] upd=150 anchors=3/8 buf=464824 ep/s= 0.06 eta=5:33:44
[15:23:49] ep    98 z=-11.02 rew=-69.0328 tilt= 69.5 hold=143(min 130) k=[0.0074 0.0015 0.0005 0.0073 0.0023 0.0021 0.0044 0.0107] upd=150 anchors=5/8 buf=469616 ep/s= 0.06 eta=5:33:34
[15:24:05] ep    99 z=-12.45 rew=-75.5652 tilt= 73.3 hold=137(min 113) k=[0.0074 0.0015 0.0005 0.0073 0.0023 0.0021 0.0044 0.0107] upd=150 anchors=2/8 buf=474408 ep/s= 0.06 eta=5:33:18
[15:24:22] ep   100 z=-10.92 rew=-68.7328 tilt= 63.8 hold=139(min 112) k=[0.0074 0.0015 0.0005 0.0073 0.0023 0.0021 0.0044 0.0107] upd=150 anchors=2/8 buf=479200 ep/s= 0.06 eta=5:33:02
[15:24:43] EVAL ep   100: truth 0/4  net 0/4
[15:24:59] ep   101 z=-12.30 rew=-74.3070 tilt= 66.7 hold=136(min 111) k=[0.0015 0.0005 0.0073 0.0023 0.0021 0.0044 0.0107 0.0121] upd=150 anchors=2/8 buf=483992 ep/s= 0.06 eta=5:32:24
[15:25:15] ep   102 z=-10.95 rew=-66.7397 tilt= 60.9 hold=138(min 104) k=[0.0015 0.0005 0.0073 0.0023 0.0021 0.0044 0.0107 0.0121] upd=150 anchors=2/8 buf=488784 ep/s= 0.06 eta=5:32:08
[15:25:33] ep   103 z=-11.11 rew=-68.7625 tilt= 62.5 hold=136(min 104) k=[0.0015 0.0005 0.0073 0.0023 0.0021 0.0044 0.0107 0.0121] upd=150 anchors=1/8 buf=493576 ep/s= 0.06 eta=5:31:50
[15:25:47] ep   104 z=-12.21 rew=-71.5308 tilt= 52.8 hold=142(min 130) k=[0.0015 0.0005 0.0073 0.0023 0.0021 0.0044 0.0107 0.0121] upd=150 anchors=3/8 buf=498368 ep/s= 0.06 eta=5:31:37
[15:25:56] ep   105 z=-10.24 rew=-61.7066 tilt= 56.0 hold=140(min 132) k=[0.0015 0.0005 0.0073 0.0023 0.0021 0.0044 0.0107 0.0121] upd=150 anchors=5/8 buf=503160 ep/s= 0.06 eta=5:31:27
[15:26:12] ep   106 z=-9.54 rew=-61.4051 tilt= 55.4 hold=136(min 104) k=[0.0015 0.0005 0.0073 0.0023 0.0021 0.0044 0.0107 0.0121] upd=150 anchors=2/8 buf=507952 ep/s= 0.06 eta=5:31:11
[15:26:28] ep   107 z=-10.87 rew=-65.4179 tilt= 53.2 hold=137(min 107) k=[0.0015 0.0005 0.0073 0.0023 0.0021 0.0044 0.0107 0.0121] upd=150 anchors=2/8 buf=512744 ep/s= 0.06 eta=5:30:55
[15:26:42] ep   108 z=-13.06 rew=-75.5963 tilt= 68.6 hold=137(min 110) k=[0.0015 0.0005 0.0073 0.0023 0.0021 0.0044 0.0107 0.0121] upd=150 anchors=3/8 buf=517536 ep/s= 0.06 eta=5:30:41
[15:27:02] ep   109 z=-11.14 rew=-69.6008 tilt= 59.3 hold=139(min 127) k=[0.0015 0.0005 0.0073 0.0023 0.0021 0.0044 0.0107 0.0121] upd=150 anchors=0/8 buf=522328 ep/s= 0.06 eta=5:30:21
[15:27:18] ep   110 z=-10.61 rew=-68.4569 tilt= 57.1 hold=141(min 126) k=[0.0015 0.0005 0.0073 0.0023 0.0021 0.0044 0.0107 0.0121] upd=150 anchors=2/8 buf=527120 ep/s= 0.06 eta=5:30:05
[15:27:39] ep   111 z=-10.02 rew=-63.1499 tilt= 58.1 hold=135(min 111) k=[0.0015 0.0005 0.0073 0.0023 0.0021 0.0044 0.0107 0.0121] upd=150 anchors=0/8 buf=531912 ep/s= 0.06 eta=5:29:44
