Gym has been unmaintained since 2022 and does not support NumPy 2.0 amongst other critical functionality.
Please upgrade to Gymnasium, the maintained drop-in replacement of Gym, or contact the authors of your software and request that they upgrade.
Users of this version of Gym should be able to simply replace 'import gym' with 'import gymnasium as gym' in the vast majority of cases.
See the migration guide at https://gymnasium.farama.org/introduction/migration_guide/ for additional information.
[gz] spawn success=True
[gz] state rate 1001 Hz -> substeps=5 (control at 200 Hz)
[gz] fault IC spin=[  1.022   0.36  -24.76 ] rad/s  set=True
[gz] prior=[-1.107000e-02 -5.470000e-03  1.630000e-03  1.158600e+00  7.257100e-01
  8.458500e-01  3.490659e+01  2.612000e-02  1.124000e-02]
[gz] fault IC spin=[  1.022   0.36  -24.76 ] rad/s  set=True
Traceback (most recent call last):
  File "/home/liiil/Downloads/me/gazebo/gz_runner.py", line 563, in <module>
    main()
  File "/home/liiil/Downloads/me/gazebo/gz_runner.py", line 520, in main
    obs = build_obs(rel[:2], rate, target_a, tom, last_action, mask)
  File "/home/liiil/Downloads/me/gazebo/gz_runner.py", line 370, in build_obs
    return deploy_obs(np.asarray(rel_xy, float), rate, target_a, thrust_over_mass, last_action, mask)
NameError: name 'deploy_obs' is not defined
Exception in thread Thread-1 (spin):
Traceback (most recent call last):
  File "/usr/lib/python3.10/threading.py", line 1016, in _bootstrap_inner
    self.run()
  File "/usr/lib/python3.10/threading.py", line 953, in run
