Gym has been unmaintained since 2022 and does not support NumPy 2.0 amongst other critical functionality.
Please upgrade to Gymnasium, the maintained drop-in replacement of Gym, or contact the authors of your software and request that they upgrade.
Users of this version of Gym should be able to simply replace 'import gym' with 'import gymnasium as gym' in the vast majority of cases.
See the migration guide at https://gymnasium.farama.org/introduction/migration_guide/ for additional information.
Traceback (most recent call last):
  File "/home/liiil/Downloads/me/gazebo/gz_runner.py", line 552, in <module>
    main()
  File "/home/liiil/Downloads/me/gazebo/gz_runner.py", line 419, in main
    policy = load_policy(a.rl_ckpt or CKPT.get(a.flag, "shutdown_real_7"), a.rl_dir)
  File "/home/liiil/Downloads/me/gpd_me/policy.py", line 41, in load_policy
    policy.load(ckpt, model_dir)
  File "/home/liiil/Downloads/gym-pybullet-drones/gym_pybullet_drones/algo/ACRL.py", line 694, in load
    self.actor.load_state_dict(torch.load(
  File "/home/liiil/Downloads/me/gpd_me/policy.py", line 39, in <lambda>
    torch.load = lambda *a, **k: _orig(*a, **{**k, "map_location": k.get("map_location", dev)})
  File "/home/liiil/Downloads/gym-pybullet-drones/.venv-repro/lib/python3.10/site-packages/torch/serialization.py", line 1425, in load
    with _open_file_like(f, "rb") as opened_file:
  File "/home/liiil/Downloads/gym-pybullet-drones/.venv-repro/lib/python3.10/site-packages/torch/serialization.py", line 751, in _open_file_like
    return _open_file(name_or_buffer, mode)
  File "/home/liiil/Downloads/gym-pybullet-drones/.venv-repro/lib/python3.10/site-packages/torch/serialization.py", line 732, in __init__
    super().__init__(open(name, mode))
FileNotFoundError: [Errno 2] No such file or directory: 'None/shutdown_real_7_4_actor.pth'
terminate called without an active exception
timeout: the monitored command dumped core
